[0.013s][info][gc,init] CardTable entry size: 512
[0.013s][info][gc     ] Using G1
[0.014s][info][gc,init] Version: 21.0.5+11-LTS (release)
[0.014s][info][gc,init] CPUs: 8 total, 8 available
[0.014s][info][gc,init] Memory: 16122M
[0.014s][info][gc,init] Large Page Support: Disabled
[0.014s][info][gc,init] NUMA Support: Disabled
[0.014s][info][gc,init] Compressed Oops: Enabled (Zero based)
[0.014s][info][gc,init] Heap Region Size: 2M
[0.014s][info][gc,init] Heap Min Capacity: 8M
[0.014s][info][gc,init] Heap Initial Capacity: 252M
[0.014s][info][gc,init] Heap Max Capacity: 4032M
[0.014s][info][gc,init] Pre-touch: Disabled
[0.014s][info][gc,init] Parallel Workers: 8
[0.014s][info][gc,init] Concurrent Workers: 2
[0.014s][info][gc,init] Concurrent Refinement Workers: 8
[0.015s][info][gc,init] Periodic GC: Disabled
[0.027s][info][gc,metaspace] CDS archive(s) mapped at: [0x0000017c80000000-0x0000017c80c80000-0x0000017c80c80000), size 13107200, SharedBaseAddress: 0x0000017c80000000, ArchiveRelocationMode: 1.
[0.027s][info][gc,metaspace] Compressed class space mapped at: 0x0000017c81000000-0x0000017cc1000000, reserved size: 1073741824
[0.027s][info][gc,metaspace] Narrow klass base: 0x0000017c80000000, Narrow klass shift: 0, Narrow klass range: 0x100000000
[0.483s][info][gc,start    ] GC(0) Pause Young (Normal) (G1 Evacuation Pause)
[0.483s][info][gc,task     ] GC(0) Using 6 workers of 8 for evacuation
[0.487s][info][gc,phases   ] GC(0)   Pre Evacuate Collection Set: 0.1ms
[0.487s][info][gc,phases   ] GC(0)   Merge Heap Roots: 0.2ms
[0.487s][info][gc,phases   ] GC(0)   Evacuate Collection Set: 3.5ms
[0.487s][info][gc,phases   ] GC(0)   Post Evacuate Collection Set: 0.4ms
[0.487s][info][gc,phases   ] GC(0)   Other: 0.4ms
[0.487s][info][gc,heap     ] GC(0) Eden regions: 11->0(9)
[0.487s][info][gc,heap     ] GC(0) Survivor regions: 0->2(2)
[0.487s][info][gc,heap     ] GC(0) Old regions: 0->4
[0.487s][info][gc,heap     ] GC(0) Humongous regions: 0->0
[0.487s][info][gc,metaspace] GC(0) Metaspace: 2335K(2496K)->2335K(2496K) NonClass: 2040K(2112K)->2040K(2112K) Class: 294K(384K)->294K(384K)
[0.487s][info][gc          ] GC(0) Pause Young (Normal) (G1 Evacuation Pause) 22M->10M(252M) 4.874ms
[0.487s][info][gc,cpu      ] GC(0) User=0.00s Sys=0.00s Real=0.00s
[0.806s][info][gc,start    ] GC(1) Pause Young (Normal) (G1 Evacuation Pause)
[0.807s][info][gc,task     ] GC(1) Using 6 workers of 8 for evacuation
[0.810s][info][gc,phases   ] GC(1)   Pre Evacuate Collection Set: 0.1ms
[0.810s][info][gc,phases   ] GC(1)   Merge Heap Roots: 0.2ms
[0.810s][info][gc,phases   ] GC(1)   Evacuate Collection Set: 2.2ms
[0.810s][info][gc,phases   ] GC(1)   Post Evacuate Collection Set: 0.5ms
[0.810s][info][gc,phases   ] GC(1)   Other: 0.3ms
[0.810s][info][gc,heap     ] GC(1) Eden regions: 9->0(30)
[0.810s][info][gc,heap     ] GC(1) Survivor regions: 2->1(2)
[0.810s][info][gc,heap     ] GC(1) Old regions: 4->6
[0.810s][info][gc,heap     ] GC(1) Humongous regions: 0->0
[0.810s][info][gc,metaspace] GC(1) Metaspace: 5520K(5696K)->5520K(5696K) NonClass: 4860K(4928K)->4860K(4928K) Class: 659K(768K)->659K(768K)
[0.810s][info][gc          ] GC(1) Pause Young (Normal) (G1 Evacuation Pause) 28M->12M(252M) 3.920ms
[0.810s][info][gc,cpu      ] GC(1) User=0.00s Sys=0.00s Real=0.00s
[1.001s][info][gc,start    ] GC(2) Pause Young (Concurrent Start) (GCLocker Initiated GC)
[1.001s][info][gc,task     ] GC(2) Using 6 workers of 8 for evacuation
[1.003s][info][gc,phases   ] GC(2)   Pre Evacuate Collection Set: 0.1ms
[1.003s][info][gc,phases   ] GC(2)   Merge Heap Roots: 0.0ms
[1.003s][info][gc,phases   ] GC(2)   Evacuate Collection Set: 1.7ms
[1.003s][info][gc,phases   ] GC(2)   Post Evacuate Collection Set: 0.3ms
[1.003s][info][gc,phases   ] GC(2)   Other: 0.1ms
[1.003s][info][gc,heap     ] GC(2) Eden regions: 4->0(65)
[1.003s][info][gc,heap     ] GC(2) Survivor regions: 1->2(4)
[1.003s][info][gc,heap     ] GC(2) Old regions: 6->6
[1.003s][info][gc,heap     ] GC(2) Humongous regions: 0->0
[1.003s][info][gc,metaspace] GC(2) Metaspace: 8226K(8448K)->8226K(8448K) NonClass: 7263K(7360K)->7263K(7360K) Class: 963K(1088K)->963K(1088K)
[1.003s][info][gc          ] GC(2) Pause Young (Concurrent Start) (GCLocker Initiated GC) 20M->13M(252M) 2.499ms
[1.003s][info][gc,cpu      ] GC(2) User=0.00s Sys=0.00s Real=0.00s
[1.003s][info][gc          ] GC(3) Concurrent Mark Cycle
[1.003s][info][gc,marking  ] GC(3) Concurrent Scan Root Regions
[1.005s][info][gc,marking  ] GC(3) Concurrent Scan Root Regions 1.887ms
[1.005s][info][gc,marking  ] GC(3) Concurrent Mark
[1.005s][info][gc,marking  ] GC(3) Concurrent Mark From Roots
[1.005s][info][gc,task     ] GC(3) Using 2 workers of 2 for marking
[1.008s][info][gc,marking  ] GC(3) Concurrent Mark From Roots 2.976ms
[1.008s][info][gc,marking  ] GC(3) Concurrent Preclean
[1.008s][info][gc,marking  ] GC(3) Concurrent Preclean 0.029ms
[1.008s][info][gc,start    ] GC(3) Pause Remark
[1.009s][info][gc          ] GC(3) Pause Remark 14M->14M(54M) 0.997ms
[1.009s][info][gc,cpu      ] GC(3) User=0.00s Sys=0.00s Real=0.00s
[1.009s][info][gc,marking  ] GC(3) Concurrent Mark 4.328ms
[1.009s][info][gc,marking  ] GC(3) Concurrent Rebuild Remembered Sets and Scrub Regions
[1.010s][info][gc,marking  ] GC(3) Concurrent Rebuild Remembered Sets and Scrub Regions 0.826ms
[1.010s][info][gc,start    ] GC(3) Pause Cleanup
[1.010s][info][gc          ] GC(3) Pause Cleanup 14M->14M(54M) 0.063ms
[1.010s][info][gc,cpu      ] GC(3) User=0.00s Sys=0.00s Real=0.00s
[1.010s][info][gc,marking  ] GC(3) Concurrent Clear Claimed Marks
[1.011s][info][gc,marking  ] GC(3) Concurrent Clear Claimed Marks 0.019ms
[1.011s][info][gc,marking  ] GC(3) Concurrent Cleanup for Next Mark
[1.011s][info][gc,marking  ] GC(3) Concurrent Cleanup for Next Mark 0.202ms
[1.011s][info][gc          ] GC(3) Concurrent Mark Cycle 7.621ms
[1.899s][info][gc,start    ] GC(4) Pause Young (Prepare Mixed) (G1 Evacuation Pause)
[1.899s][info][gc,task     ] GC(4) Using 4 workers of 8 for evacuation
[1.909s][info][gc,phases   ] GC(4)   Pre Evacuate Collection Set: 0.1ms
[1.909s][info][gc,phases   ] GC(4)   Merge Heap Roots: 0.1ms
[1.909s][info][gc,phases   ] GC(4)   Evacuate Collection Set: 9.6ms
[1.909s][info][gc,phases   ] GC(4)   Post Evacuate Collection Set: 0.5ms
[1.909s][info][gc,phases   ] GC(4)   Other: 0.1ms
[1.909s][info][gc,heap     ] GC(4) Eden regions: 19->0(12)
[1.909s][info][gc,heap     ] GC(4) Survivor regions: 2->3(9)
[1.909s][info][gc,heap     ] GC(4) Old regions: 6->6
[1.909s][info][gc,heap     ] GC(4) Humongous regions: 0->0
[1.909s][info][gc,metaspace] GC(4) Metaspace: 17299K(17664K)->17299K(17664K) NonClass: 15102K(15296K)->15102K(15296K) Class: 2196K(2368K)->2196K(2368K)
[1.909s][info][gc          ] GC(4) Pause Young (Prepare Mixed) (G1 Evacuation Pause) 51M->16M(60M) 10.591ms
[1.909s][info][gc,cpu      ] GC(4) User=0.00s Sys=0.02s Real=0.01s
[2.151s][info][gc,start    ] GC(5) Pause Young (Mixed) (Metadata GC Threshold)
[2.151s][info][gc,task     ] GC(5) Using 4 workers of 8 for evacuation
[2.156s][info][gc,phases   ] GC(5)   Pre Evacuate Collection Set: 0.1ms
[2.156s][info][gc,phases   ] GC(5)   Merge Heap Roots: 0.0ms
[2.156s][info][gc,phases   ] GC(5)   Evacuate Collection Set: 4.1ms
[2.156s][info][gc,phases   ] GC(5)   Post Evacuate Collection Set: 0.4ms
[2.156s][info][gc,phases   ] GC(5)   Other: 0.0ms
[2.156s][info][gc,heap     ] GC(5) Eden regions: 10->0(13)
[2.156s][info][gc,heap     ] GC(5) Survivor regions: 3->1(2)
[2.156s][info][gc,heap     ] GC(5) Old regions: 6->8
[2.156s][info][gc,heap     ] GC(5) Humongous regions: 0->0
[2.156s][info][gc,metaspace] GC(5) Metaspace: 21193K(21504K)->21193K(21504K) NonClass: 18501K(18688K)->18501K(18688K) Class: 2692K(2816K)->2692K(2816K)
[2.156s][info][gc          ] GC(5) Pause Young (Mixed) (Metadata GC Threshold) 35M->17M(60M) 4.922ms
[2.156s][info][gc,cpu      ] GC(5) User=0.00s Sys=0.00s Real=0.00s
[2.179s][info][gc,start    ] GC(6) Pause Young (Concurrent Start) (Metadata GC Threshold)
[2.179s][info][gc,task     ] GC(6) Using 4 workers of 8 for evacuation
[2.181s][info][gc,phases   ] GC(6)   Pre Evacuate Collection Set: 0.1ms
[2.181s][info][gc,phases   ] GC(6)   Merge Heap Roots: 0.0ms
[2.181s][info][gc,phases   ] GC(6)   Evacuate Collection Set: 1.4ms
[2.181s][info][gc,phases   ] GC(6)   Post Evacuate Collection Set: 0.3ms
[2.181s][info][gc,phases   ] GC(6)   Other: 0.1ms
[2.181s][info][gc,heap     ] GC(6) Eden regions: 2->0(14)
[2.181s][info][gc,heap     ] GC(6) Survivor regions: 1->1(2)
[2.181s][info][gc,heap     ] GC(6) Old regions: 8->8
[2.181s][info][gc,heap     ] GC(6) Humongous regions: 0->0
[2.181s][info][gc,metaspace] GC(6) Metaspace: 21519K(21824K)->21519K(21824K) NonClass: 18767K(18944K)->18767K(18944K) Class: 2752K(2880K)->2752K(2880K)
[2.181s][info][gc          ] GC(6) Pause Young (Concurrent Start) (Metadata GC Threshold) 19M->17M(60M) 2.208ms
[2.181s][info][gc,cpu      ] GC(6) User=0.00s Sys=0.08s Real=0.00s
[2.181s][info][gc          ] GC(7) Concurrent Mark Cycle
[2.181s][info][gc,marking  ] GC(7) Concurrent Scan Root Regions
[2.182s][info][gc,marking  ] GC(7) Concurrent Scan Root Regions 1.292ms
[2.182s][info][gc,marking  ] GC(7) Concurrent Mark
[2.182s][info][gc,marking  ] GC(7) Concurrent Mark From Roots
[2.182s][info][gc,task     ] GC(7) Using 2 workers of 2 for marking
[2.190s][info][gc,marking  ] GC(7) Concurrent Mark From Roots 8.061ms
[2.190s][info][gc,marking  ] GC(7) Concurrent Preclean
[2.191s][info][gc,marking  ] GC(7) Concurrent Preclean 0.045ms
[2.191s][info][gc,start    ] GC(7) Pause Remark
[2.193s][info][gc          ] GC(7) Pause Remark 18M->18M(60M) 2.436ms
[2.193s][info][gc,cpu      ] GC(7) User=0.00s Sys=0.00s Real=0.00s
[2.193s][info][gc,marking  ] GC(7) Concurrent Mark 10.733ms
[2.193s][info][gc,marking  ] GC(7) Concurrent Rebuild Remembered Sets and Scrub Regions
[2.196s][info][gc,marking  ] GC(7) Concurrent Rebuild Remembered Sets and Scrub Regions 3.071ms
[2.197s][info][gc,start    ] GC(7) Pause Cleanup
[2.197s][info][gc          ] GC(7) Pause Cleanup 18M->18M(60M) 0.086ms
[2.197s][info][gc,cpu      ] GC(7) User=0.00s Sys=0.00s Real=0.00s
[2.197s][info][gc,marking  ] GC(7) Concurrent Clear Claimed Marks
[2.197s][info][gc,marking  ] GC(7) Concurrent Clear Claimed Marks 0.054ms
[2.197s][info][gc,marking  ] GC(7) Concurrent Cleanup for Next Mark
[2.197s][info][gc,marking  ] GC(7) Concurrent Cleanup for Next Mark 0.222ms
[2.197s][info][gc          ] GC(7) Concurrent Mark Cycle 16.428ms
[3.509s][info][gc,start    ] GC(8) Pause Young (Prepare Mixed) (G1 Evacuation Pause)
[3.509s][info][gc,task     ] GC(8) Using 3 workers of 8 for evacuation
[3.517s][info][gc,phases   ] GC(8)   Pre Evacuate Collection Set: 0.1ms
[3.517s][info][gc,phases   ] GC(8)   Merge Heap Roots: 0.1ms
[3.517s][info][gc,phases   ] GC(8)   Evacuate Collection Set: 6.8ms
[3.517s][info][gc,phases   ] GC(8)   Post Evacuate Collection Set: 0.8ms
[3.518s][info][gc,phases   ] GC(8)   Other: 0.1ms
[3.518s][info][gc,heap     ] GC(8) Eden regions: 14->0(44)
[3.518s][info][gc,heap     ] GC(8) Survivor regions: 1->2(2)
[3.518s][info][gc,heap     ] GC(8) Old regions: 8->8
[3.518s][info][gc,heap     ] GC(8) Humongous regions: 0->0
[3.518s][info][gc,metaspace] GC(8) Metaspace: 27318K(27776K)->27318K(27776K) NonClass: 23725K(24000K)->23725K(24000K) Class: 3592K(3776K)->3592K(3776K)
[3.518s][info][gc          ] GC(8) Pause Young (Prepare Mixed) (G1 Evacuation Pause) 45M->19M(156M) 8.273ms
[3.518s][info][gc,cpu      ] GC(8) User=0.00s Sys=0.00s Real=0.01s
[6.416s][info][gc,start    ] GC(9) Pause Young (Mixed) (G1 Evacuation Pause)
[6.416s][info][gc,task     ] GC(9) Using 3 workers of 8 for evacuation
[6.427s][info][gc,phases   ] GC(9)   Pre Evacuate Collection Set: 0.1ms
[6.427s][info][gc,phases   ] GC(9)   Merge Heap Roots: 0.1ms
[6.427s][info][gc,phases   ] GC(9)   Evacuate Collection Set: 9.8ms
[6.427s][info][gc,phases   ] GC(9)   Post Evacuate Collection Set: 0.7ms
[6.427s][info][gc,phases   ] GC(9)   Other: 0.1ms
[6.427s][info][gc,heap     ] GC(9) Eden regions: 44->0(41)
[6.427s][info][gc,heap     ] GC(9) Survivor regions: 2->5(6)
[6.427s][info][gc,heap     ] GC(9) Old regions: 8->8
[6.427s][info][gc,heap     ] GC(9) Humongous regions: 0->0
[6.427s][info][gc,metaspace] GC(9) Metaspace: 34113K(34560K)->34113K(34560K) NonClass: 29563K(29824K)->29563K(29824K) Class: 4549K(4736K)->4549K(4736K)
[6.427s][info][gc          ] GC(9) Pause Young (Mixed) (G1 Evacuation Pause) 107M->25M(156M) 11.026ms
[6.427s][info][gc,cpu      ] GC(9) User=0.00s Sys=0.00s Real=0.01s
[6.737s][info][gc,start    ] GC(10) Pause Young (Concurrent Start) (Metadata GC Threshold)
[6.737s][info][gc,task     ] GC(10) Using 3 workers of 8 for evacuation
[6.748s][info][gc,phases   ] GC(10)   Pre Evacuate Collection Set: 0.1ms
[6.748s][info][gc,phases   ] GC(10)   Merge Heap Roots: 0.0ms
[6.748s][info][gc,phases   ] GC(10)   Evacuate Collection Set: 10.1ms
[6.748s][info][gc,phases   ] GC(10)   Post Evacuate Collection Set: 0.5ms
[6.748s][info][gc,phases   ] GC(10)   Other: 0.1ms
[6.748s][info][gc,heap     ] GC(10) Eden regions: 12->0(44)
[6.748s][info][gc,heap     ] GC(10) Survivor regions: 5->2(6)
[6.748s][info][gc,heap     ] GC(10) Old regions: 8->13
[6.748s][info][gc,heap     ] GC(10) Humongous regions: 0->0
[6.748s][info][gc,metaspace] GC(10) Metaspace: 36338K(36736K)->36338K(36736K) NonClass: 31463K(31680K)->31463K(31680K) Class: 4874K(5056K)->4874K(5056K)
[6.748s][info][gc          ] GC(10) Pause Young (Concurrent Start) (Metadata GC Threshold) 49M->27M(156M) 11.164ms
[6.749s][info][gc,cpu      ] GC(10) User=0.02s Sys=0.03s Real=0.01s
[6.749s][info][gc          ] GC(11) Concurrent Mark Cycle
[6.749s][info][gc,marking  ] GC(11) Concurrent Scan Root Regions
[6.754s][info][gc,marking  ] GC(11) Concurrent Scan Root Regions 5.002ms
[6.754s][info][gc,marking  ] GC(11) Concurrent Mark
[6.754s][info][gc,marking  ] GC(11) Concurrent Mark From Roots
[6.754s][info][gc,task     ] GC(11) Using 2 workers of 2 for marking
[6.764s][info][gc,marking  ] GC(11) Concurrent Mark From Roots 10.040ms
[6.764s][info][gc,marking  ] GC(11) Concurrent Preclean
[6.764s][info][gc,marking  ] GC(11) Concurrent Preclean 0.066ms
[6.764s][info][gc,start    ] GC(11) Pause Remark
[6.767s][info][gc          ] GC(11) Pause Remark 28M->28M(100M) 3.415ms
[6.767s][info][gc,cpu      ] GC(11) User=0.00s Sys=0.00s Real=0.00s
[6.767s][info][gc,marking  ] GC(11) Concurrent Mark 13.752ms
[6.767s][info][gc,marking  ] GC(11) Concurrent Rebuild Remembered Sets and Scrub Regions
[6.773s][info][gc,marking  ] GC(11) Concurrent Rebuild Remembered Sets and Scrub Regions 5.447ms
[6.773s][info][gc,start    ] GC(11) Pause Cleanup
[6.773s][info][gc          ] GC(11) Pause Cleanup 28M->28M(100M) 0.093ms
[6.773s][info][gc,cpu      ] GC(11) User=0.00s Sys=0.02s Real=0.00s
[6.773s][info][gc,marking  ] GC(11) Concurrent Clear Claimed Marks
[6.773s][info][gc,marking  ] GC(11) Concurrent Clear Claimed Marks 0.046ms
[6.773s][info][gc,marking  ] GC(11) Concurrent Cleanup for Next Mark
[6.773s][info][gc,marking  ] GC(11) Concurrent Cleanup for Next Mark 0.256ms
[6.773s][info][gc          ] GC(11) Concurrent Mark Cycle 24.960ms
[8.367s][info][gc,start    ] GC(12) Pause Young (Prepare Mixed) (G1 Evacuation Pause)
[8.367s][info][gc,task     ] GC(12) Using 2 workers of 8 for evacuation
[8.378s][info][gc,phases   ] GC(12)   Pre Evacuate Collection Set: 0.1ms
[8.378s][info][gc,phases   ] GC(12)   Merge Heap Roots: 0.1ms
[8.378s][info][gc,phases   ] GC(12)   Evacuate Collection Set: 9.7ms
[8.378s][info][gc,phases   ] GC(12)   Post Evacuate Collection Set: 0.8ms
[8.378s][info][gc,phases   ] GC(12)   Other: 0.2ms
[8.378s][info][gc,heap     ] GC(12) Eden regions: 35->0(28)
[8.378s][info][gc,heap     ] GC(12) Survivor regions: 2->4(6)
[8.378s][info][gc,heap     ] GC(12) Old regions: 13->13
[8.378s][info][gc,heap     ] GC(12) Humongous regions: 0->0
[8.378s][info][gc,metaspace] GC(12) Metaspace: 44548K(45184K)->44548K(45184K) NonClass: 38557K(38912K)->38557K(38912K) Class: 5991K(6272K)->5991K(6272K)
[8.378s][info][gc          ] GC(12) Pause Young (Prepare Mixed) (G1 Evacuation Pause) 97M->31M(108M) 11.262ms
[8.378s][info][gc,cpu      ] GC(12) User=0.00s Sys=0.02s Real=0.01s
[9.652s][info][gc,start    ] GC(13) Pause Young (Mixed) (G1 Evacuation Pause)
[9.652s][info][gc,task     ] GC(13) Using 8 workers of 8 for evacuation
[9.658s][info][gc,phases   ] GC(13)   Pre Evacuate Collection Set: 0.1ms
[9.658s][info][gc,phases   ] GC(13)   Merge Heap Roots: 0.1ms
[9.658s][info][gc,phases   ] GC(13)   Evacuate Collection Set: 4.8ms
[9.658s][info][gc,phases   ] GC(13)   Post Evacuate Collection Set: 0.7ms
[9.658s][info][gc,phases   ] GC(13)   Other: 0.1ms
[9.658s][info][gc,heap     ] GC(13) Eden regions: 28->0(29)
[9.658s][info][gc,heap     ] GC(13) Survivor regions: 4->2(4)
[9.658s][info][gc,heap     ] GC(13) Old regions: 13->16
[9.658s][info][gc,heap     ] GC(13) Humongous regions: 0->0
[9.658s][info][gc,metaspace] GC(13) Metaspace: 58553K(59200K)->58553K(59200K) NonClass: 50626K(50944K)->50626K(50944K) Class: 7927K(8256K)->7927K(8256K)
[9.658s][info][gc          ] GC(13) Pause Young (Mixed) (G1 Evacuation Pause) 87M->34M(108M) 6.162ms
[9.658s][info][gc,cpu      ] GC(13) User=0.00s Sys=0.00s Real=0.01s
[9.895s][info][gc,start    ] GC(14) Pause Young (Concurrent Start) (Metadata GC Threshold)
[9.895s][info][gc,task     ] GC(14) Using 8 workers of 8 for evacuation
[9.898s][info][gc,phases   ] GC(14)   Pre Evacuate Collection Set: 0.1ms
[9.898s][info][gc,phases   ] GC(14)   Merge Heap Roots: 0.1ms
[9.898s][info][gc,phases   ] GC(14)   Evacuate Collection Set: 2.6ms
[9.898s][info][gc,phases   ] GC(14)   Post Evacuate Collection Set: 0.3ms
[9.898s][info][gc,phases   ] GC(14)   Other: 0.1ms
[9.898s][info][gc,heap     ] GC(14) Eden regions: 6->0(28)
[9.898s][info][gc,heap     ] GC(14) Survivor regions: 2->3(4)
[9.898s][info][gc,heap     ] GC(14) Old regions: 16->16
[9.898s][info][gc,heap     ] GC(14) Humongous regions: 0->0
[9.898s][info][gc,metaspace] GC(14) Metaspace: 60700K(61376K)->60700K(61376K) NonClass: 52462K(52864K)->52462K(52864K) Class: 8238K(8512K)->8238K(8512K)
[9.898s][info][gc          ] GC(14) Pause Young (Concurrent Start) (Metadata GC Threshold) 46M->35M(108M) 3.537ms
[9.899s][info][gc,cpu      ] GC(14) User=0.02s Sys=0.00s Real=0.00s
[9.899s][info][gc          ] GC(15) Concurrent Mark Cycle
[9.899s][info][gc,marking  ] GC(15) Concurrent Scan Root Regions
[9.901s][info][gc,marking  ] GC(15) Concurrent Scan Root Regions 2.737ms
[9.901s][info][gc,marking  ] GC(15) Concurrent Mark
[9.901s][info][gc,marking  ] GC(15) Concurrent Mark From Roots
[9.901s][info][gc,task     ] GC(15) Using 2 workers of 2 for marking
[9.929s][info][gc,marking  ] GC(15) Concurrent Mark From Roots 27.221ms
[9.929s][info][gc,marking  ] GC(15) Concurrent Preclean
[9.929s][info][gc,marking  ] GC(15) Concurrent Preclean 0.140ms
[9.931s][info][gc,start    ] GC(15) Pause Remark
[9.938s][info][gc          ] GC(15) Pause Remark 36M->36M(108M) 7.315ms
[9.938s][info][gc,cpu      ] GC(15) User=0.00s Sys=0.00s Real=0.01s
[9.938s][info][gc,marking  ] GC(15) Concurrent Mark 37.055ms
[9.938s][info][gc,marking  ] GC(15) Concurrent Rebuild Remembered Sets and Scrub Regions
[9.949s][info][gc,marking  ] GC(15) Concurrent Rebuild Remembered Sets and Scrub Regions 10.382ms
[9.949s][info][gc,start    ] GC(15) Pause Cleanup
[9.949s][info][gc          ] GC(15) Pause Cleanup 37M->37M(108M) 0.457ms
[9.949s][info][gc,cpu      ] GC(15) User=0.00s Sys=0.00s Real=0.00s
[9.950s][info][gc,marking  ] GC(15) Concurrent Clear Claimed Marks
[9.950s][info][gc,marking  ] GC(15) Concurrent Clear Claimed Marks 0.098ms
[9.950s][info][gc,marking  ] GC(15) Concurrent Cleanup for Next Mark
[9.950s][info][gc,marking  ] GC(15) Concurrent Cleanup for Next Mark 0.434ms
[9.950s][info][gc          ] GC(15) Concurrent Mark Cycle 51.601ms
[10.999s][info][gc,start    ] GC(16) Pause Young (Normal) (G1 Evacuation Pause)
[10.999s][info][gc,task     ] GC(16) Using 8 workers of 8 for evacuation
[11.006s][info][gc,phases   ] GC(16)   Pre Evacuate Collection Set: 0.2ms
[11.006s][info][gc,phases   ] GC(16)   Merge Heap Roots: 0.1ms
[11.006s][info][gc,phases   ] GC(16)   Evacuate Collection Set: 6.2ms
[11.006s][info][gc,phases   ] GC(16)   Post Evacuate Collection Set: 0.8ms
[11.006s][info][gc,phases   ] GC(16)   Other: 0.1ms
[11.006s][info][gc,heap     ] GC(16) Eden regions: 28->0(26)
[11.006s][info][gc,heap     ] GC(16) Survivor regions: 3->4(4)
[11.006s][info][gc,heap     ] GC(16) Old regions: 16->16
[11.006s][info][gc,heap     ] GC(16) Humongous regions: 0->0
[11.006s][info][gc,metaspace] GC(16) Metaspace: 69767K(70400K)->69767K(70400K) NonClass: 60122K(60480K)->60122K(60480K) Class: 9644K(9920K)->9644K(9920K)
[11.006s][info][gc          ] GC(16) Pause Young (Normal) (G1 Evacuation Pause) 91M->37M(108M) 7.788ms
[11.007s][info][gc,cpu      ] GC(16) User=0.00s Sys=0.00s Real=0.01s
[12.431s][info][gc,start    ] GC(17) Pause Young (Concurrent Start) (G1 Evacuation Pause)
[12.431s][info][gc,task     ] GC(17) Using 8 workers of 8 for evacuation
[12.437s][info][gc,phases   ] GC(17)   Pre Evacuate Collection Set: 0.1ms
[12.437s][info][gc,phases   ] GC(17)   Merge Heap Roots: 0.1ms
[12.437s][info][gc,phases   ] GC(17)   Evacuate Collection Set: 4.5ms
[12.437s][info][gc,phases   ] GC(17)   Post Evacuate Collection Set: 0.8ms
[12.437s][info][gc,phases   ] GC(17)   Other: 0.1ms
[12.437s][info][gc,heap     ] GC(17) Eden regions: 26->0(26)
[12.437s][info][gc,heap     ] GC(17) Survivor regions: 4->3(4)
[12.437s][info][gc,heap     ] GC(17) Old regions: 16->18
[12.437s][info][gc,heap     ] GC(17) Humongous regions: 0->0
[12.437s][info][gc,metaspace] GC(17) Metaspace: 76264K(76992K)->76264K(76992K) NonClass: 65759K(66176K)->65759K(66176K) Class: 10505K(10816K)->10505K(10816K)
[12.437s][info][gc          ] GC(17) Pause Young (Concurrent Start) (G1 Evacuation Pause) 89M->40M(108M) 5.791ms
[12.437s][info][gc          ] GC(18) Concurrent Mark Cycle
[12.437s][info][gc,cpu      ] GC(17) User=0.00s Sys=0.00s Real=0.01s
[12.437s][info][gc,marking  ] GC(18) Concurrent Scan Root Regions
[12.441s][info][gc,marking  ] GC(18) Concurrent Scan Root Regions 4.431ms
[12.441s][info][gc,marking  ] GC(18) Concurrent Mark
[12.441s][info][gc,marking  ] GC(18) Concurrent Mark From Roots
[12.441s][info][gc,task     ] GC(18) Using 2 workers of 2 for marking
[12.461s][info][gc,marking  ] GC(18) Concurrent Mark From Roots 19.523ms
[12.461s][info][gc,marking  ] GC(18) Concurrent Preclean
[12.461s][info][gc,marking  ] GC(18) Concurrent Preclean 0.113ms
[12.461s][info][gc,start    ] GC(18) Pause Remark
[12.466s][info][gc          ] GC(18) Pause Remark 42M->42M(108M) 4.407ms
[12.466s][info][gc,cpu      ] GC(18) User=0.00s Sys=0.00s Real=0.00s
[12.466s][info][gc,marking  ] GC(18) Concurrent Mark 24.394ms
[12.466s][info][gc,marking  ] GC(18) Concurrent Rebuild Remembered Sets and Scrub Regions
[12.475s][info][gc,marking  ] GC(18) Concurrent Rebuild Remembered Sets and Scrub Regions 9.317ms
[12.475s][info][gc,start    ] GC(18) Pause Cleanup
[12.475s][info][gc          ] GC(18) Pause Cleanup 42M->42M(108M) 0.108ms
[12.475s][info][gc,cpu      ] GC(18) User=0.00s Sys=0.00s Real=0.00s
[12.476s][info][gc,marking  ] GC(18) Concurrent Clear Claimed Marks
[12.476s][info][gc,marking  ] GC(18) Concurrent Clear Claimed Marks 0.086ms
[12.476s][info][gc,marking  ] GC(18) Concurrent Cleanup for Next Mark
[12.476s][info][gc,marking  ] GC(18) Concurrent Cleanup for Next Mark 0.201ms
[12.476s][info][gc          ] GC(18) Concurrent Mark Cycle 38.947ms
[13.013s][info][gc,start    ] GC(19) Pause Young (Prepare Mixed) (G1 Evacuation Pause)
[13.013s][info][gc,task     ] GC(19) Using 8 workers of 8 for evacuation
[13.025s][info][gc,phases   ] GC(19)   Pre Evacuate Collection Set: 0.4ms
[13.025s][info][gc,phases   ] GC(19)   Merge Heap Roots: 0.5ms
[13.025s][info][gc,phases   ] GC(19)   Evacuate Collection Set: 9.4ms
[13.025s][info][gc,phases   ] GC(19)   Post Evacuate Collection Set: 1.0ms
[13.025s][info][gc,phases   ] GC(19)   Other: 0.2ms
[13.025s][info][gc,heap     ] GC(19) Eden regions: 26->0(25)
[13.025s][info][gc,heap     ] GC(19) Survivor regions: 3->3(4)
[13.025s][info][gc,heap     ] GC(19) Old regions: 18->19
[13.025s][info][gc,heap     ] GC(19) Humongous regions: 0->0
[13.025s][info][gc,metaspace] GC(19) Metaspace: 79959K(80640K)->79959K(80640K) NonClass: 68694K(69056K)->68694K(69056K) Class: 11264K(11584K)->11264K(11584K)
[13.025s][info][gc          ] GC(19) Pause Young (Prepare Mixed) (G1 Evacuation Pause) 92M->43M(108M) 12.205ms
[13.025s][info][gc,cpu      ] GC(19) User=0.11s Sys=0.02s Real=0.01s
[13.811s][info][gc,start    ] GC(20) Pause Young (Mixed) (G1 Evacuation Pause)
[13.811s][info][gc,task     ] GC(20) Using 8 workers of 8 for evacuation
[13.824s][info][gc,phases   ] GC(20)   Pre Evacuate Collection Set: 0.3ms
[13.824s][info][gc,phases   ] GC(20)   Merge Heap Roots: 0.2ms
[13.824s][info][gc,phases   ] GC(20)   Evacuate Collection Set: 11.4ms
[13.825s][info][gc,phases   ] GC(20)   Post Evacuate Collection Set: 0.9ms
[13.825s][info][gc,phases   ] GC(20)   Other: 0.2ms
[13.825s][info][gc,heap     ] GC(20) Eden regions: 25->0(25)
[13.825s][info][gc,heap     ] GC(20) Survivor regions: 3->2(4)
[13.825s][info][gc,heap     ] GC(20) Old regions: 19->21
[13.825s][info][gc,heap     ] GC(20) Humongous regions: 0->0
[13.825s][info][gc,metaspace] GC(20) Metaspace: 81743K(82432K)->81743K(82432K) NonClass: 70103K(70464K)->70103K(70464K) Class: 11640K(11968K)->11640K(11968K)
[13.825s][info][gc          ] GC(20) Pause Young (Mixed) (G1 Evacuation Pause) 93M->44M(108M) 13.769ms
[13.825s][info][gc,cpu      ] GC(20) User=0.09s Sys=0.00s Real=0.01s
[14.161s][info][gc,start    ] GC(21) Pause Young (Concurrent Start) (G1 Evacuation Pause)
[14.161s][info][gc,task     ] GC(21) Using 8 workers of 8 for evacuation
[14.169s][info][gc,phases   ] GC(21)   Pre Evacuate Collection Set: 0.3ms
[14.169s][info][gc,phases   ] GC(21)   Merge Heap Roots: 0.1ms
[14.169s][info][gc,phases   ] GC(21)   Evacuate Collection Set: 5.7ms
[14.169s][info][gc,phases   ] GC(21)   Post Evacuate Collection Set: 1.0ms
[14.169s][info][gc,phases   ] GC(21)   Other: 0.2ms
[14.169s][info][gc,heap     ] GC(21) Eden regions: 25->0(23)
[14.169s][info][gc,heap     ] GC(21) Survivor regions: 2->3(4)
[14.169s][info][gc,heap     ] GC(21) Old regions: 21->21
[14.169s][info][gc,heap     ] GC(21) Humongous regions: 0->0
[14.169s][info][gc,metaspace] GC(21) Metaspace: 81748K(82496K)->81748K(82496K) NonClass: 70107K(70528K)->70107K(70528K) Class: 11640K(11968K)->11640K(11968K)
[14.169s][info][gc          ] GC(21) Pause Young (Concurrent Start) (G1 Evacuation Pause) 94M->45M(108M) 7.758ms
[14.169s][info][gc,cpu      ] GC(21) User=0.08s Sys=0.02s Real=0.01s
[14.169s][info][gc          ] GC(22) Concurrent Mark Cycle
[14.169s][info][gc,marking  ] GC(22) Concurrent Scan Root Regions
[14.173s][info][gc,marking  ] GC(22) Concurrent Scan Root Regions 3.918ms
[14.173s][info][gc,marking  ] GC(22) Concurrent Mark
[14.173s][info][gc,marking  ] GC(22) Concurrent Mark From Roots
[14.173s][info][gc,task     ] GC(22) Using 2 workers of 2 for marking
[14.252s][info][gc,marking  ] GC(22) Concurrent Mark From Roots 78.423ms
[14.252s][info][gc,marking  ] GC(22) Concurrent Preclean
[14.252s][info][gc,marking  ] GC(22) Concurrent Preclean 0.288ms
[14.252s][info][gc,start    ] GC(22) Pause Remark
[14.263s][info][gc          ] GC(22) Pause Remark 55M->55M(108M) 10.473ms
[14.263s][info][gc,cpu      ] GC(22) User=0.06s Sys=0.00s Real=0.01s
[14.263s][info][gc,marking  ] GC(22) Concurrent Mark 89.808ms
[14.263s][info][gc,marking  ] GC(22) Concurrent Rebuild Remembered Sets and Scrub Regions
[14.293s][info][gc,marking  ] GC(22) Concurrent Rebuild Remembered Sets and Scrub Regions 30.155ms
[14.294s][info][gc,start    ] GC(22) Pause Cleanup
[14.294s][info][gc          ] GC(22) Pause Cleanup 59M->59M(108M) 0.235ms
[14.294s][info][gc,cpu      ] GC(22) User=0.00s Sys=0.00s Real=0.00s
[14.294s][info][gc,marking  ] GC(22) Concurrent Clear Claimed Marks
[14.294s][info][gc,marking  ] GC(22) Concurrent Clear Claimed Marks 0.162ms
[14.294s][info][gc,marking  ] GC(22) Concurrent Cleanup for Next Mark
[14.295s][info][gc,marking  ] GC(22) Concurrent Cleanup for Next Mark 0.228ms
[14.295s][info][gc          ] GC(22) Concurrent Mark Cycle 125.617ms
[14.715s][info][gc,start    ] GC(23) Pause Young (Normal) (G1 Evacuation Pause)
[14.715s][info][gc,task     ] GC(23) Using 8 workers of 8 for evacuation
[14.724s][info][gc,phases   ] GC(23)   Pre Evacuate Collection Set: 0.4ms
[14.724s][info][gc,phases   ] GC(23)   Merge Heap Roots: 0.2ms
[14.724s][info][gc,phases   ] GC(23)   Evacuate Collection Set: 6.9ms
[14.724s][info][gc,phases   ] GC(23)   Post Evacuate Collection Set: 0.8ms
[14.724s][info][gc,phases   ] GC(23)   Other: 0.2ms
[14.724s][info][gc,heap     ] GC(23) Eden regions: 23->0(24)
[14.724s][info][gc,heap     ] GC(23) Survivor regions: 3->2(4)
[14.724s][info][gc,heap     ] GC(23) Old regions: 21->22
[14.724s][info][gc,heap     ] GC(23) Humongous regions: 0->0
[14.724s][info][gc,metaspace] GC(23) Metaspace: 83163K(83904K)->83163K(83904K) NonClass: 71330K(71744K)->71330K(71744K) Class: 11833K(12160K)->11833K(12160K)
[14.724s][info][gc          ] GC(23) Pause Young (Normal) (G1 Evacuation Pause) 91M->46M(108M) 9.057ms
[14.724s][info][gc,cpu      ] GC(23) User=0.00s Sys=0.00s Real=0.01s
[15.294s][info][gc,start    ] GC(24) Pause Young (Concurrent Start) (G1 Evacuation Pause)
[15.294s][info][gc,task     ] GC(24) Using 8 workers of 8 for evacuation
[15.301s][info][gc,phases   ] GC(24)   Pre Evacuate Collection Set: 0.3ms
[15.301s][info][gc,phases   ] GC(24)   Merge Heap Roots: 0.2ms
[15.301s][info][gc,phases   ] GC(24)   Evacuate Collection Set: 4.9ms
[15.301s][info][gc,phases   ] GC(24)   Post Evacuate Collection Set: 1.3ms
[15.301s][info][gc,phases   ] GC(24)   Other: 0.3ms
[15.301s][info][gc,heap     ] GC(24) Eden regions: 24->0(35)
[15.301s][info][gc,heap     ] GC(24) Survivor regions: 2->2(4)
[15.301s][info][gc,heap     ] GC(24) Old regions: 22->22
[15.301s][info][gc,heap     ] GC(24) Humongous regions: 0->0
[15.301s][info][gc,metaspace] GC(24) Metaspace: 83478K(84160K)->83478K(84160K) NonClass: 71549K(71936K)->71549K(71936K) Class: 11928K(12224K)->11928K(12224K)
[15.301s][info][gc          ] GC(24) Pause Young (Concurrent Start) (G1 Evacuation Pause) 94M->46M(130M) 7.519ms
[15.302s][info][gc,cpu      ] GC(24) User=0.00s Sys=0.00s Real=0.01s
[15.302s][info][gc          ] GC(25) Concurrent Mark Cycle
[15.302s][info][gc,marking  ] GC(25) Concurrent Scan Root Regions
[15.306s][info][gc,marking  ] GC(25) Concurrent Scan Root Regions 4.649ms
[15.306s][info][gc,marking  ] GC(25) Concurrent Mark
[15.306s][info][gc,marking  ] GC(25) Concurrent Mark From Roots
[15.306s][info][gc,task     ] GC(25) Using 2 workers of 2 for marking
[15.394s][info][gc,marking  ] GC(25) Concurrent Mark From Roots 87.689ms
[15.394s][info][gc,marking  ] GC(25) Concurrent Preclean
[15.395s][info][gc,marking  ] GC(25) Concurrent Preclean 0.312ms
[15.395s][info][gc,start    ] GC(25) Pause Remark
[15.400s][info][gc          ] GC(25) Pause Remark 50M->50M(130M) 5.312ms
[15.400s][info][gc,cpu      ] GC(25) User=0.03s Sys=0.00s Real=0.01s
[15.400s][info][gc,marking  ] GC(25) Concurrent Mark 93.855ms
[15.400s][info][gc,marking  ] GC(25) Concurrent Rebuild Remembered Sets and Scrub Regions
[15.425s][info][gc,marking  ] GC(25) Concurrent Rebuild Remembered Sets and Scrub Regions 24.806ms
[15.425s][info][gc,start    ] GC(25) Pause Cleanup
[15.425s][info][gc          ] GC(25) Pause Cleanup 50M->50M(130M) 0.138ms
[15.426s][info][gc,cpu      ] GC(25) User=0.00s Sys=0.00s Real=0.00s
[15.426s][info][gc,marking  ] GC(25) Concurrent Clear Claimed Marks
[15.426s][info][gc,marking  ] GC(25) Concurrent Clear Claimed Marks 0.156ms
[15.426s][info][gc,marking  ] GC(25) Concurrent Cleanup for Next Mark
[15.426s][info][gc,marking  ] GC(25) Concurrent Cleanup for Next Mark 0.561ms
[15.427s][info][gc          ] GC(25) Concurrent Mark Cycle 124.951ms
[16.059s][info][gc,start    ] GC(26) Pause Young (Prepare Mixed) (G1 Evacuation Pause)
[16.059s][info][gc,task     ] GC(26) Using 8 workers of 8 for evacuation
[16.068s][info][gc,phases   ] GC(26)   Pre Evacuate Collection Set: 0.3ms
[16.069s][info][gc,phases   ] GC(26)   Merge Heap Roots: 0.1ms
[16.069s][info][gc,phases   ] GC(26)   Evacuate Collection Set: 7.6ms
[16.069s][info][gc,phases   ] GC(26)   Post Evacuate Collection Set: 0.8ms
[16.069s][info][gc,phases   ] GC(26)   Other: 0.2ms
[16.069s][info][gc,heap     ] GC(26) Eden regions: 35->0(31)
[16.069s][info][gc,heap     ] GC(26) Survivor regions: 2->4(5)
[16.069s][info][gc,heap     ] GC(26) Old regions: 22->22
[16.069s][info][gc,heap     ] GC(26) Humongous regions: 0->0
[16.069s][info][gc,metaspace] GC(26) Metaspace: 83655K(84352K)->83655K(84352K) NonClass: 71687K(72064K)->71687K(72064K) Class: 11967K(12288K)->11967K(12288K)
[16.069s][info][gc          ] GC(26) Pause Young (Prepare Mixed) (G1 Evacuation Pause) 116M->49M(130M) 9.879ms
[16.069s][info][gc,cpu      ] GC(26) User=0.00s Sys=0.00s Real=0.01s
[16.482s][info][gc,start    ] GC(27) Pause Young (Mixed) (G1 Evacuation Pause)
[16.482s][info][gc,task     ] GC(27) Using 8 workers of 8 for evacuation
[16.492s][info][gc,phases   ] GC(27)   Pre Evacuate Collection Set: 0.4ms
[16.493s][info][gc,phases   ] GC(27)   Merge Heap Roots: 0.2ms
[16.493s][info][gc,phases   ] GC(27)   Evacuate Collection Set: 8.3ms
[16.493s][info][gc,phases   ] GC(27)   Post Evacuate Collection Set: 1.3ms
[16.493s][info][gc,phases   ] GC(27)   Other: 0.2ms
[16.493s][info][gc,heap     ] GC(27) Eden regions: 31->0(33)
[16.493s][info][gc,heap     ] GC(27) Survivor regions: 4->3(5)
[16.493s][info][gc,heap     ] GC(27) Old regions: 22->22
[16.493s][info][gc,heap     ] GC(27) Humongous regions: 0->0
[16.493s][info][gc,metaspace] GC(27) Metaspace: 83689K(84416K)->83689K(84416K) NonClass: 71719K(72128K)->71719K(72128K) Class: 11969K(12288K)->11969K(12288K)
[16.493s][info][gc          ] GC(27) Pause Young (Mixed) (G1 Evacuation Pause) 111M->47M(130M) 10.950ms
[16.493s][info][gc,cpu      ] GC(27) User=0.02s Sys=0.00s Real=0.01s
[17.232s][info][gc,start    ] GC(28) Pause Young (Concurrent Start) (G1 Evacuation Pause)
[17.232s][info][gc,task     ] GC(28) Using 8 workers of 8 for evacuation
[17.240s][info][gc,phases   ] GC(28)   Pre Evacuate Collection Set: 0.4ms
[17.240s][info][gc,phases   ] GC(28)   Merge Heap Roots: 0.2ms
[17.240s][info][gc,phases   ] GC(28)   Evacuate Collection Set: 5.7ms
[17.240s][info][gc,phases   ] GC(28)   Post Evacuate Collection Set: 0.8ms
[17.240s][info][gc,phases   ] GC(28)   Other: 0.4ms
[17.240s][info][gc,heap     ] GC(28) Eden regions: 33->0(33)
[17.240s][info][gc,heap     ] GC(28) Survivor regions: 3->3(5)
[17.240s][info][gc,heap     ] GC(28) Old regions: 22->22
[17.240s][info][gc,heap     ] GC(28) Humongous regions: 0->0
[17.240s][info][gc,metaspace] GC(28) Metaspace: 83804K(84480K)->83804K(84480K) NonClass: 71825K(72192K)->71825K(72192K) Class: 11978K(12288K)->11978K(12288K)
[17.240s][info][gc          ] GC(28) Pause Young (Concurrent Start) (G1 Evacuation Pause) 113M->48M(130M) 8.174ms
[17.240s][info][gc,cpu      ] GC(28) User=0.00s Sys=0.00s Real=0.01s
[17.240s][info][gc          ] GC(29) Concurrent Mark Cycle
[17.240s][info][gc,marking  ] GC(29) Concurrent Scan Root Regions
[17.247s][info][gc,marking  ] GC(29) Concurrent Scan Root Regions 6.353ms
[17.247s][info][gc,marking  ] GC(29) Concurrent Mark
[17.247s][info][gc,marking  ] GC(29) Concurrent Mark From Roots
[17.247s][info][gc,task     ] GC(29) Using 2 workers of 2 for marking
[17.341s][info][gc,marking  ] GC(29) Concurrent Mark From Roots 93.855ms
[17.341s][info][gc,marking  ] GC(29) Concurrent Preclean
[17.341s][info][gc,marking  ] GC(29) Concurrent Preclean 0.294ms
[17.341s][info][gc,start    ] GC(29) Pause Remark
[17.349s][info][gc          ] GC(29) Pause Remark 53M->53M(130M) 8.030ms
[17.349s][info][gc,cpu      ] GC(29) User=0.00s Sys=0.00s Real=0.01s
[17.350s][info][gc,marking  ] GC(29) Concurrent Mark 102.760ms
[17.350s][info][gc,marking  ] GC(29) Concurrent Rebuild Remembered Sets and Scrub Regions
[17.381s][info][gc,marking  ] GC(29) Concurrent Rebuild Remembered Sets and Scrub Regions 31.142ms
[17.381s][info][gc,start    ] GC(29) Pause Cleanup
[17.381s][info][gc          ] GC(29) Pause Cleanup 54M->54M(130M) 0.273ms
[17.381s][info][gc,cpu      ] GC(29) User=0.00s Sys=0.00s Real=0.00s
[17.382s][info][gc,marking  ] GC(29) Concurrent Clear Claimed Marks
[17.382s][info][gc,marking  ] GC(29) Concurrent Clear Claimed Marks 0.152ms
[17.382s][info][gc,marking  ] GC(29) Concurrent Cleanup for Next Mark
[17.382s][info][gc,marking  ] GC(29) Concurrent Cleanup for Next Mark 0.328ms
[17.382s][info][gc          ] GC(29) Concurrent Mark Cycle 142.103ms
[18.037s][info][gc,start    ] GC(30) Pause Young (Normal) (G1 Evacuation Pause)
[18.037s][info][gc,task     ] GC(30) Using 8 workers of 8 for evacuation
[18.049s][info][gc,phases   ] GC(30)   Pre Evacuate Collection Set: 0.3ms
[18.049s][info][gc,phases   ] GC(30)   Merge Heap Roots: 0.2ms
[18.049s][info][gc,phases   ] GC(30)   Evacuate Collection Set: 10.6ms
[18.049s][info][gc,phases   ] GC(30)   Post Evacuate Collection Set: 0.8ms
[18.049s][info][gc,phases   ] GC(30)   Other: 0.2ms
[18.049s][info][gc,heap     ] GC(30) Eden regions: 33->0(28)
[18.049s][info][gc,heap     ] GC(30) Survivor regions: 3->5(5)
[18.049s][info][gc,heap     ] GC(30) Old regions: 22->23
[18.049s][info][gc,heap     ] GC(30) Humongous regions: 0->0
[18.049s][info][gc,metaspace] GC(30) Metaspace: 84141K(84864K)->84141K(84864K) NonClass: 72114K(72512K)->72114K(72512K) Class: 12026K(12352K)->12026K(12352K)
[18.049s][info][gc          ] GC(30) Pause Young (Normal) (G1 Evacuation Pause) 114M->54M(130M) 12.637ms
[18.049s][info][gc,cpu      ] GC(30) User=0.11s Sys=0.00s Real=0.01s
[18.884s][info][gc,start    ] GC(31) Pause Young (Concurrent Start) (G1 Evacuation Pause)
[18.884s][info][gc,task     ] GC(31) Using 8 workers of 8 for evacuation
[18.911s][info][gc,phases   ] GC(31)   Pre Evacuate Collection Set: 0.3ms
[18.911s][info][gc,phases   ] GC(31)   Merge Heap Roots: 0.2ms
[18.911s][info][gc,phases   ] GC(31)   Evacuate Collection Set: 25.8ms
[18.911s][info][gc,phases   ] GC(31)   Post Evacuate Collection Set: 0.7ms
[18.911s][info][gc,phases   ] GC(31)   Other: 0.3ms
[18.911s][info][gc,heap     ] GC(31) Eden regions: 28->0(22)
[18.912s][info][gc,heap     ] GC(31) Survivor regions: 5->5(5)
[18.912s][info][gc,heap     ] GC(31) Old regions: 23->31
[18.912s][info][gc,heap     ] GC(31) Humongous regions: 0->0
[18.912s][info][gc,metaspace] GC(31) Metaspace: 84705K(85504K)->84705K(85504K) NonClass: 72620K(73024K)->72620K(73024K) Class: 12085K(12480K)->12085K(12480K)
[18.912s][info][gc          ] GC(31) Pause Young (Concurrent Start) (G1 Evacuation Pause) 110M->71M(138M) 28.095ms
[18.912s][info][gc,cpu      ] GC(31) User=0.12s Sys=0.00s Real=0.03s
[18.912s][info][gc          ] GC(32) Concurrent Mark Cycle
[18.912s][info][gc,marking  ] GC(32) Concurrent Scan Root Regions
[18.938s][info][gc,marking  ] GC(32) Concurrent Scan Root Regions 26.387ms
[18.938s][info][gc,marking  ] GC(32) Concurrent Mark
[18.938s][info][gc,marking  ] GC(32) Concurrent Mark From Roots
[18.939s][info][gc,task     ] GC(32) Using 2 workers of 2 for marking
[19.038s][info][gc,marking  ] GC(32) Concurrent Mark From Roots 99.332ms
[19.038s][info][gc,marking  ] GC(32) Concurrent Preclean
[19.038s][info][gc,marking  ] GC(32) Concurrent Preclean 0.310ms
[19.038s][info][gc,start    ] GC(32) Pause Remark
[19.044s][info][gc          ] GC(32) Pause Remark 74M->74M(138M) 5.223ms
[19.044s][info][gc,cpu      ] GC(32) User=0.08s Sys=0.00s Real=0.01s
[19.044s][info][gc,marking  ] GC(32) Concurrent Mark 105.422ms
[19.044s][info][gc,marking  ] GC(32) Concurrent Rebuild Remembered Sets and Scrub Regions
[19.087s][info][gc,marking  ] GC(32) Concurrent Rebuild Remembered Sets and Scrub Regions 43.380ms
[19.088s][info][gc,start    ] GC(32) Pause Cleanup
[19.088s][info][gc          ] GC(32) Pause Cleanup 75M->75M(138M) 0.233ms
[19.088s][info][gc,cpu      ] GC(32) User=0.00s Sys=0.00s Real=0.00s
[19.088s][info][gc,marking  ] GC(32) Concurrent Clear Claimed Marks
[19.088s][info][gc,marking  ] GC(32) Concurrent Clear Claimed Marks 0.085ms
[19.088s][info][gc,marking  ] GC(32) Concurrent Cleanup for Next Mark
[19.088s][info][gc,marking  ] GC(32) Concurrent Cleanup for Next Mark 0.309ms
[19.088s][info][gc          ] GC(32) Concurrent Mark Cycle 176.628ms
[85.347s][info][gc,start    ] GC(33) Pause Young (Normal) (G1 Evacuation Pause)
[85.347s][info][gc,task     ] GC(33) Using 8 workers of 8 for evacuation
[85.367s][info][gc,phases   ] GC(33)   Pre Evacuate Collection Set: 0.3ms
[85.367s][info][gc,phases   ] GC(33)   Merge Heap Roots: 0.2ms
[85.367s][info][gc,phases   ] GC(33)   Evacuate Collection Set: 18.6ms
[85.367s][info][gc,phases   ] GC(33)   Post Evacuate Collection Set: 1.0ms
[85.367s][info][gc,phases   ] GC(33)   Other: 0.2ms
[85.367s][info][gc,heap     ] GC(33) Eden regions: 22->0(21)
[85.367s][info][gc,heap     ] GC(33) Survivor regions: 5->2(4)
[85.367s][info][gc,heap     ] GC(33) Old regions: 31->37
[85.367s][info][gc,heap     ] GC(33) Humongous regions: 0->0
[85.367s][info][gc,metaspace] GC(33) Metaspace: 88538K(89344K)->88538K(89344K) NonClass: 76000K(76416K)->76000K(76416K) Class: 12537K(12928K)->12537K(12928K)
[85.367s][info][gc          ] GC(33) Pause Young (Normal) (G1 Evacuation Pause) 115M->76M(138M) 20.933ms
[85.367s][info][gc,cpu      ] GC(33) User=0.14s Sys=0.00s Real=0.02s
[85.867s][info][gc,start    ] GC(34) Pause Young (Concurrent Start) (G1 Evacuation Pause)
[85.867s][info][gc,task     ] GC(34) Using 8 workers of 8 for evacuation
[85.877s][info][gc,phases   ] GC(34)   Pre Evacuate Collection Set: 0.4ms
[85.877s][info][gc,phases   ] GC(34)   Merge Heap Roots: 0.2ms
[85.877s][info][gc,phases   ] GC(34)   Evacuate Collection Set: 8.0ms
[85.877s][info][gc,phases   ] GC(34)   Post Evacuate Collection Set: 1.0ms
[85.877s][info][gc,phases   ] GC(34)   Other: 0.3ms
[85.877s][info][gc,heap     ] GC(34) Eden regions: 21->0(19)
[85.877s][info][gc,heap     ] GC(34) Survivor regions: 2->3(3)
[85.877s][info][gc,heap     ] GC(34) Old regions: 37->38
[85.877s][info][gc,heap     ] GC(34) Humongous regions: 0->0
[85.877s][info][gc,metaspace] GC(34) Metaspace: 88725K(89536K)->88725K(89536K) NonClass: 76160K(76608K)->76160K(76608K) Class: 12565K(12928K)->12565K(12928K)
[85.877s][info][gc          ] GC(34) Pause Young (Concurrent Start) (G1 Evacuation Pause) 118M->81M(138M) 10.591ms
[85.878s][info][gc,cpu      ] GC(34) User=0.00s Sys=0.00s Real=0.01s
[85.878s][info][gc          ] GC(35) Concurrent Mark Cycle
[85.878s][info][gc,marking  ] GC(35) Concurrent Scan Root Regions
[85.887s][info][gc,marking  ] GC(35) Concurrent Scan Root Regions 9.508ms
[85.887s][info][gc,marking  ] GC(35) Concurrent Mark
[85.887s][info][gc,marking  ] GC(35) Concurrent Mark From Roots
[85.887s][info][gc,task     ] GC(35) Using 2 workers of 2 for marking
[85.974s][info][gc,marking  ] GC(35) Concurrent Mark From Roots 86.165ms
[85.974s][info][gc,marking  ] GC(35) Concurrent Preclean
[85.975s][info][gc,marking  ] GC(35) Concurrent Preclean 1.794ms
[85.976s][info][gc,start    ] GC(35) Pause Remark
[85.993s][info][gc          ] GC(35) Pause Remark 94M->94M(138M) 16.947ms
[85.993s][info][gc,cpu      ] GC(35) User=0.00s Sys=0.03s Real=0.02s
[85.993s][info][gc,marking  ] GC(35) Concurrent Mark 105.585ms
[85.993s][info][gc,marking  ] GC(35) Concurrent Rebuild Remembered Sets and Scrub Regions
[86.043s][info][gc,marking  ] GC(35) Concurrent Rebuild Remembered Sets and Scrub Regions 49.677ms
[86.043s][info][gc,start    ] GC(35) Pause Cleanup
[86.043s][info][gc          ] GC(35) Pause Cleanup 102M->102M(138M) 0.225ms
[86.043s][info][gc,cpu      ] GC(35) User=0.00s Sys=0.00s Real=0.00s
[86.043s][info][gc,marking  ] GC(35) Concurrent Clear Claimed Marks
[86.043s][info][gc,marking  ] GC(35) Concurrent Clear Claimed Marks 0.082ms
[86.043s][info][gc,marking  ] GC(35) Concurrent Cleanup for Next Mark
[86.044s][info][gc,marking  ] GC(35) Concurrent Cleanup for Next Mark 0.217ms
[86.044s][info][gc          ] GC(35) Concurrent Mark Cycle 166.043ms
[86.343s][info][gc,start    ] GC(36) Pause Young (Prepare Mixed) (G1 Evacuation Pause)
[86.343s][info][gc,task     ] GC(36) Using 8 workers of 8 for evacuation
[86.353s][info][gc,phases   ] GC(36)   Pre Evacuate Collection Set: 0.2ms
[86.353s][info][gc,phases   ] GC(36)   Merge Heap Roots: 0.2ms
[86.353s][info][gc,phases   ] GC(36)   Evacuate Collection Set: 8.4ms
[86.353s][info][gc,phases   ] GC(36)   Post Evacuate Collection Set: 0.8ms
[86.353s][info][gc,phases   ] GC(36)   Other: 0.2ms
[86.353s][info][gc,heap     ] GC(36) Eden regions: 19->0(19)
[86.353s][info][gc,heap     ] GC(36) Survivor regions: 3->2(3)
[86.353s][info][gc,heap     ] GC(36) Old regions: 38->41
[86.353s][info][gc,heap     ] GC(36) Humongous regions: 0->0
[86.353s][info][gc,metaspace] GC(36) Metaspace: 88401K(89536K)->88401K(89536K) NonClass: 75932K(76608K)->75932K(76608K) Class: 12468K(12928K)->12468K(12928K)
[86.353s][info][gc          ] GC(36) Pause Young (Prepare Mixed) (G1 Evacuation Pause) 119M->83M(138M) 10.531ms
[86.353s][info][gc,cpu      ] GC(36) User=0.12s Sys=0.00s Real=0.01s
[87.384s][info][gc,start    ] GC(37) Pause Young (Mixed) (G1 Evacuation Pause)
[87.384s][info][gc,task     ] GC(37) Using 8 workers of 8 for evacuation
[87.393s][info][gc,phases   ] GC(37)   Pre Evacuate Collection Set: 0.2ms
[87.393s][info][gc,phases   ] GC(37)   Merge Heap Roots: 0.1ms
[87.393s][info][gc,phases   ] GC(37)   Evacuate Collection Set: 7.9ms
[87.393s][info][gc,phases   ] GC(37)   Post Evacuate Collection Set: 0.9ms
[87.394s][info][gc,phases   ] GC(37)   Other: 0.2ms
[87.394s][info][gc,heap     ] GC(37) Eden regions: 19->0(32)
[87.394s][info][gc,heap     ] GC(37) Survivor regions: 2->3(3)
[87.394s][info][gc,heap     ] GC(37) Old regions: 41->34
[87.394s][info][gc,heap     ] GC(37) Humongous regions: 0->0
[87.394s][info][gc,metaspace] GC(37) Metaspace: 89912K(90624K)->89912K(90624K) NonClass: 77176K(77568K)->77176K(77568K) Class: 12735K(13056K)->12735K(13056K)
[87.394s][info][gc          ] GC(37) Pause Young (Mixed) (G1 Evacuation Pause) 121M->72M(166M) 10.133ms
[87.394s][info][gc,cpu      ] GC(37) User=0.00s Sys=0.00s Real=0.01s
[89.646s][info][gc,start    ] GC(38) Pause Young (Mixed) (G1 Evacuation Pause)
[89.646s][info][gc,task     ] GC(38) Using 8 workers of 8 for evacuation
[89.665s][info][gc,phases   ] GC(38)   Pre Evacuate Collection Set: 0.3ms
[89.665s][info][gc,phases   ] GC(38)   Merge Heap Roots: 0.2ms
[89.665s][info][gc,phases   ] GC(38)   Evacuate Collection Set: 16.6ms
[89.665s][info][gc,phases   ] GC(38)   Post Evacuate Collection Set: 1.0ms
[89.665s][info][gc,phases   ] GC(38)   Other: 0.2ms
[89.665s][info][gc,heap     ] GC(38) Eden regions: 32->0(35)
[89.665s][info][gc,heap     ] GC(38) Survivor regions: 3->4(5)
[89.665s][info][gc,heap     ] GC(38) Old regions: 34->30
[89.665s][info][gc,heap     ] GC(38) Humongous regions: 0->0
[89.665s][info][gc,metaspace] GC(38) Metaspace: 92614K(93376K)->92614K(93376K) NonClass: 79450K(79872K)->79450K(79872K) Class: 13163K(13504K)->13163K(13504K)
[89.665s][info][gc          ] GC(38) Pause Young (Mixed) (G1 Evacuation Pause) 136M->66M(166M) 18.599ms
[89.665s][info][gc,cpu      ] GC(38) User=0.12s Sys=0.00s Real=0.02s
[92.008s][info][gc,start    ] GC(39) Pause Young (Normal) (G1 Evacuation Pause)
[92.008s][info][gc,task     ] GC(39) Using 8 workers of 8 for evacuation
[92.021s][info][gc,phases   ] GC(39)   Pre Evacuate Collection Set: 0.4ms
[92.021s][info][gc,phases   ] GC(39)   Merge Heap Roots: 0.1ms
[92.021s][info][gc,phases   ] GC(39)   Evacuate Collection Set: 11.5ms
[92.021s][info][gc,phases   ] GC(39)   Post Evacuate Collection Set: 1.0ms
[92.021s][info][gc,phases   ] GC(39)   Other: 0.1ms
[92.021s][info][gc,heap     ] GC(39) Eden regions: 35->0(35)
[92.021s][info][gc,heap     ] GC(39) Survivor regions: 4->4(5)
[92.021s][info][gc,heap     ] GC(39) Old regions: 30->32
[92.021s][info][gc,heap     ] GC(39) Humongous regions: 0->0
[92.021s][info][gc,metaspace] GC(39) Metaspace: 95667K(96576K)->95667K(96576K) NonClass: 82012K(82496K)->82012K(82496K) Class: 13654K(14080K)->13654K(14080K)
[92.021s][info][gc          ] GC(39) Pause Young (Normal) (G1 Evacuation Pause) 136M->70M(166M) 13.515ms
[92.021s][info][gc,cpu      ] GC(39) User=0.00s Sys=0.00s Real=0.01s
[104.375s][info][gc,start    ] GC(40) Pause Young (Normal) (G1 Evacuation Pause)
[104.375s][info][gc,task     ] GC(40) Using 8 workers of 8 for evacuation
[104.385s][info][gc,phases   ] GC(40)   Pre Evacuate Collection Set: 0.2ms
[104.385s][info][gc,phases   ] GC(40)   Merge Heap Roots: 0.1ms
[104.385s][info][gc,phases   ] GC(40)   Evacuate Collection Set: 7.8ms
[104.385s][info][gc,phases   ] GC(40)   Post Evacuate Collection Set: 1.0ms
[104.385s][info][gc,phases   ] GC(40)   Other: 0.1ms
[104.385s][info][gc,heap     ] GC(40) Eden regions: 35->0(33)
[104.385s][info][gc,heap     ] GC(40) Survivor regions: 4->5(5)
[104.385s][info][gc,heap     ] GC(40) Old regions: 32->34
[104.385s][info][gc,heap     ] GC(40) Humongous regions: 0->0
[104.385s][info][gc,metaspace] GC(40) Metaspace: 102552K(103552K)->102552K(103552K) NonClass: 87916K(88448K)->87916K(88448K) Class: 14636K(15104K)->14636K(15104K)
[104.385s][info][gc          ] GC(40) Pause Young (Normal) (G1 Evacuation Pause) 140M->76M(166M) 9.628ms
[104.385s][info][gc,cpu      ] GC(40) User=0.11s Sys=0.02s Real=0.01s
[274.018s][info][gc,start    ] GC(41) Pause Young (Concurrent Start) (CodeCache GC Threshold)
[274.018s][info][gc,task     ] GC(41) Using 8 workers of 8 for evacuation
[274.037s][info][gc,phases   ] GC(41)   Pre Evacuate Collection Set: 0.6ms
[274.037s][info][gc,phases   ] GC(41)   Merge Heap Roots: 0.3ms
[274.037s][info][gc,phases   ] GC(41)   Evacuate Collection Set: 16.5ms
[274.037s][info][gc,phases   ] GC(41)   Post Evacuate Collection Set: 1.9ms
[274.037s][info][gc,phases   ] GC(41)   Other: 0.3ms
[274.038s][info][gc,heap     ] GC(41) Eden regions: 26->0(34)
[274.038s][info][gc,heap     ] GC(41) Survivor regions: 5->1(5)
[274.038s][info][gc,heap     ] GC(41) Old regions: 34->38
[274.038s][info][gc,heap     ] GC(41) Humongous regions: 0->0
[274.038s][info][gc,metaspace] GC(41) Metaspace: 105581K(106688K)->105581K(106688K) NonClass: 90493K(91072K)->90493K(91072K) Class: 15087K(15616K)->15087K(15616K)
[274.038s][info][gc          ] GC(41) Pause Young (Concurrent Start) (CodeCache GC Threshold) 127M->77M(166M) 20.211ms
[274.038s][info][gc          ] GC(42) Concurrent Mark Cycle
[274.038s][info][gc,cpu      ] GC(41) User=0.08s Sys=0.00s Real=0.02s
[274.038s][info][gc,marking  ] GC(42) Concurrent Scan Root Regions
[274.051s][info][gc,marking  ] GC(42) Concurrent Scan Root Regions 12.848ms
[274.051s][info][gc,marking  ] GC(42) Concurrent Mark
[274.051s][info][gc,marking  ] GC(42) Concurrent Mark From Roots
[274.051s][info][gc,task     ] GC(42) Using 2 workers of 2 for marking
[274.160s][info][gc,marking  ] GC(42) Concurrent Mark From Roots 109.599ms
[274.161s][info][gc,marking  ] GC(42) Concurrent Preclean
[274.161s][info][gc,marking  ] GC(42) Concurrent Preclean 0.774ms
[274.162s][info][gc,start    ] GC(42) Pause Remark
[274.195s][info][gc          ] GC(42) Pause Remark 77M->77M(166M) 33.543ms
[274.195s][info][gc,cpu      ] GC(42) User=0.09s Sys=0.00s Real=0.03s
[274.195s][info][gc,marking  ] GC(42) Concurrent Mark 144.611ms
[274.196s][info][gc,marking  ] GC(42) Concurrent Rebuild Remembered Sets and Scrub Regions
[274.281s][info][gc,marking  ] GC(42) Concurrent Rebuild Remembered Sets and Scrub Regions 85.475ms
[274.281s][info][gc,start    ] GC(42) Pause Cleanup
[274.282s][info][gc          ] GC(42) Pause Cleanup 77M->77M(166M) 0.277ms
[274.282s][info][gc,cpu      ] GC(42) User=0.00s Sys=0.00s Real=0.00s
[274.282s][info][gc,marking  ] GC(42) Concurrent Clear Claimed Marks
[274.282s][info][gc,marking  ] GC(42) Concurrent Clear Claimed Marks 0.173ms
[274.282s][info][gc,marking  ] GC(42) Concurrent Cleanup for Next Mark
[274.283s][info][gc,marking  ] GC(42) Concurrent Cleanup for Next Mark 0.822ms
[274.283s][info][gc          ] GC(42) Concurrent Mark Cycle 245.078ms
[27289.783s][info][gc,start    ] GC(43) Pause Young (Prepare Mixed) (G1 Evacuation Pause)
[27289.786s][info][gc,task     ] GC(43) Using 8 workers of 8 for evacuation
[27289.829s][info][gc,phases   ] GC(43)   Pre Evacuate Collection Set: 5.8ms
[27289.829s][info][gc,phases   ] GC(43)   Merge Heap Roots: 1.7ms
[27289.829s][info][gc,phases   ] GC(43)   Evacuate Collection Set: 31.3ms
[27289.829s][info][gc,phases   ] GC(43)   Post Evacuate Collection Set: 3.7ms
[27289.829s][info][gc,phases   ] GC(43)   Other: 2.0ms
[27289.829s][info][gc,heap     ] GC(43) Eden regions: 34->0(34)
[27289.829s][info][gc,heap     ] GC(43) Survivor regions: 1->2(5)
[27289.829s][info][gc,heap     ] GC(43) Old regions: 38->38
[27289.829s][info][gc,heap     ] GC(43) Humongous regions: 0->0
[27289.829s][info][gc,metaspace] GC(43) Metaspace: 105395K(106752K)->105395K(106752K) NonClass: 90357K(91136K)->90357K(91136K) Class: 15038K(15616K)->15038K(15616K)
[27289.830s][info][gc          ] GC(43) Pause Young (Prepare Mixed) (G1 Evacuation Pause) 145M->79M(166M) 47.134ms
[27289.830s][info][gc,cpu      ] GC(43) User=0.06s Sys=0.00s Real=0.05s
[35387.770s][info][gc,start    ] GC(44) Pause Young (Mixed) (G1 Evacuation Pause)
[35387.771s][info][gc,task     ] GC(44) Using 8 workers of 8 for evacuation
[35387.843s][info][gc,phases   ] GC(44)   Pre Evacuate Collection Set: 2.5ms
[35387.843s][info][gc,phases   ] GC(44)   Merge Heap Roots: 1.6ms
[35387.843s][info][gc,phases   ] GC(44)   Evacuate Collection Set: 63.1ms
[35387.843s][info][gc,phases   ] GC(44)   Post Evacuate Collection Set: 4.6ms
[35387.843s][info][gc,phases   ] GC(44)   Other: 0.8ms
[35387.843s][info][gc,heap     ] GC(44) Eden regions: 34->0(39)
[35387.843s][info][gc,heap     ] GC(44) Survivor regions: 2->2(5)
[35387.843s][info][gc,heap     ] GC(44) Old regions: 38->33
[35387.843s][info][gc,heap     ] GC(44) Humongous regions: 0->0
[35387.843s][info][gc,metaspace] GC(44) Metaspace: 105397K(106752K)->105397K(106752K) NonClass: 90358K(91136K)->90358K(91136K) Class: 15038K(15616K)->15038K(15616K)
[35387.844s][info][gc          ] GC(44) Pause Young (Mixed) (G1 Evacuation Pause) 147M->69M(166M) 73.528ms
[35387.844s][info][gc,cpu      ] GC(44) User=0.20s Sys=0.16s Real=0.07s
[43682.220s][info][gc,start    ] GC(45) Pause Young (Normal) (G1 Evacuation Pause)
[43682.220s][info][gc,task     ] GC(45) Using 8 workers of 8 for evacuation
[43682.242s][info][gc,phases   ] GC(45)   Pre Evacuate Collection Set: 1.5ms
[43682.242s][info][gc,phases   ] GC(45)   Merge Heap Roots: 0.9ms
[43682.242s][info][gc,phases   ] GC(45)   Evacuate Collection Set: 17.0ms
[43682.242s][info][gc,phases   ] GC(45)   Post Evacuate Collection Set: 1.5ms
[43682.242s][info][gc,phases   ] GC(45)   Other: 0.3ms
[43682.242s][info][gc,heap     ] GC(45) Eden regions: 39->0(40)
[43682.242s][info][gc,heap     ] GC(45) Survivor regions: 2->2(6)
[43682.242s][info][gc,heap     ] GC(45) Old regions: 33->33
[43682.242s][info][gc,heap     ] GC(45) Humongous regions: 0->0
[43682.242s][info][gc,metaspace] GC(45) Metaspace: 105989K(107072K)->105989K(107072K) NonClass: 90818K(91392K)->90818K(91392K) Class: 15170K(15680K)->15170K(15680K)
[43682.242s][info][gc          ] GC(45) Pause Young (Normal) (G1 Evacuation Pause) 147M->69M(166M) 21.862ms
[43682.242s][info][gc,cpu      ] GC(45) User=0.05s Sys=0.06s Real=0.02s
[91759.778s][info][gc,start    ] GC(46) Pause Young (Concurrent Start) (G1 Evacuation Pause)
[91759.779s][info][gc,task     ] GC(46) Using 8 workers of 8 for evacuation
[91759.821s][info][gc,phases   ] GC(46)   Pre Evacuate Collection Set: 4.1ms
[91759.821s][info][gc,phases   ] GC(46)   Merge Heap Roots: 0.3ms
[91759.821s][info][gc,phases   ] GC(46)   Evacuate Collection Set: 35.8ms
[91759.821s][info][gc,phases   ] GC(46)   Post Evacuate Collection Set: 1.0ms
[91759.821s][info][gc,phases   ] GC(46)   Other: 0.8ms
[91759.821s][info][gc,heap     ] GC(46) Eden regions: 40->0(35)
[91759.821s][info][gc,heap     ] GC(46) Survivor regions: 2->5(6)
[91759.821s][info][gc,heap     ] GC(46) Old regions: 33->33
[91759.821s][info][gc,heap     ] GC(46) Humongous regions: 0->0
[91759.821s][info][gc,metaspace] GC(46) Metaspace: 106024K(107136K)->106024K(107136K) NonClass: 90847K(91456K)->90847K(91456K) Class: 15176K(15680K)->15176K(15680K)
[91759.821s][info][gc          ] GC(46) Pause Young (Concurrent Start) (G1 Evacuation Pause) 149M->73M(166M) 44.301ms
[91759.821s][info][gc,cpu      ] GC(46) User=0.05s Sys=0.12s Real=0.05s
[91759.822s][info][gc          ] GC(47) Concurrent Mark Cycle
[91759.822s][info][gc,marking  ] GC(47) Concurrent Scan Root Regions
[91759.883s][info][gc,marking  ] GC(47) Concurrent Scan Root Regions 61.091ms
[91759.883s][info][gc,marking  ] GC(47) Concurrent Mark
[91759.883s][info][gc,marking  ] GC(47) Concurrent Mark From Roots
[91759.883s][info][gc,task     ] GC(47) Using 2 workers of 2 for marking
[91760.004s][info][gc,marking  ] GC(47) Concurrent Mark From Roots 120.878ms
[91760.004s][info][gc,marking  ] GC(47) Concurrent Preclean
[91760.004s][info][gc,marking  ] GC(47) Concurrent Preclean 0.483ms
[91760.004s][info][gc,start    ] GC(47) Pause Remark
[91760.147s][info][gc          ] GC(47) Pause Remark 104M->104M(166M) 142.662ms
[91760.147s][info][gc,cpu      ] GC(47) User=0.06s Sys=0.25s Real=0.14s
[91760.147s][info][gc,marking  ] GC(47) Concurrent Mark 264.389ms
[91760.147s][info][gc,marking  ] GC(47) Concurrent Rebuild Remembered Sets and Scrub Regions
[91760.224s][info][gc,marking  ] GC(47) Concurrent Rebuild Remembered Sets and Scrub Regions 76.749ms
[91760.224s][info][gc,start    ] GC(47) Pause Cleanup
[91760.224s][info][gc          ] GC(47) Pause Cleanup 111M->111M(166M) 0.162ms
[91760.224s][info][gc,cpu      ] GC(47) User=0.00s Sys=0.00s Real=0.00s
[91760.224s][info][gc,marking  ] GC(47) Concurrent Clear Claimed Marks
[91760.225s][info][gc,marking  ] GC(47) Concurrent Clear Claimed Marks 0.133ms
[91760.225s][info][gc,marking  ] GC(47) Concurrent Cleanup for Next Mark
[91760.225s][info][gc,marking  ] GC(47) Concurrent Cleanup for Next Mark 0.711ms
[91760.225s][info][gc          ] GC(47) Concurrent Mark Cycle 403.673ms
[95202.644s][info][gc,start    ] GC(48) Pause Young (Prepare Mixed) (G1 Evacuation Pause)
[95202.646s][info][gc,task     ] GC(48) Using 8 workers of 8 for evacuation
[95202.662s][info][gc,phases   ] GC(48)   Pre Evacuate Collection Set: 1.8ms
[95202.662s][info][gc,phases   ] GC(48)   Merge Heap Roots: 0.4ms
[95202.662s][info][gc,phases   ] GC(48)   Evacuate Collection Set: 13.0ms
[95202.662s][info][gc,phases   ] GC(48)   Post Evacuate Collection Set: 0.4ms
[95202.662s][info][gc,phases   ] GC(48)   Other: 0.3ms
[95202.662s][info][gc,heap     ] GC(48) Eden regions: 35->0(39)
[95202.662s][info][gc,heap     ] GC(48) Survivor regions: 5->2(5)
[95202.662s][info][gc,heap     ] GC(48) Old regions: 33->34
[95202.662s][info][gc,heap     ] GC(48) Humongous regions: 0->0
[95202.662s][info][gc,metaspace] GC(48) Metaspace: 106322K(107392K)->106322K(107392K) NonClass: 91101K(91712K)->91101K(91712K) Class: 15221K(15680K)->15221K(15680K)
[95202.662s][info][gc          ] GC(48) Pause Young (Prepare Mixed) (G1 Evacuation Pause) 143M->69M(166M) 18.042ms
[95202.662s][info][gc,cpu      ] GC(48) User=0.02s Sys=0.00s Real=0.02s
[109761.896s][info][gc,start    ] GC(49) Pause Young (Mixed) (G1 Evacuation Pause)
[109761.897s][info][gc,task     ] GC(49) Using 8 workers of 8 for evacuation
[109761.963s][info][gc,phases   ] GC(49)   Pre Evacuate Collection Set: 3.0ms
[109761.963s][info][gc,phases   ] GC(49)   Merge Heap Roots: 1.6ms
[109761.963s][info][gc,phases   ] GC(49)   Evacuate Collection Set: 57.8ms
[109761.963s][info][gc,phases   ] GC(49)   Post Evacuate Collection Set: 3.3ms
[109761.963s][info][gc,phases   ] GC(49)   Other: 0.5ms
[109761.963s][info][gc,heap     ] GC(49) Eden regions: 39->0(42)
[109761.963s][info][gc,heap     ] GC(49) Survivor regions: 2->2(6)
[109761.963s][info][gc,heap     ] GC(49) Old regions: 34->32
[109761.963s][info][gc,heap     ] GC(49) Humongous regions: 0->0
[109761.963s][info][gc,metaspace] GC(49) Metaspace: 106341K(107392K)->106341K(107392K) NonClass: 91116K(91712K)->91116K(91712K) Class: 15224K(15680K)->15224K(15680K)
[109761.963s][info][gc          ] GC(49) Pause Young (Mixed) (G1 Evacuation Pause) 147M->66M(166M) 67.330ms
[109761.964s][info][gc,cpu      ] GC(49) User=0.08s Sys=0.17s Real=0.07s
[126886.477s][info][gc,start    ] GC(50) Pause Young (Concurrent Start) (G1 Evacuation Pause)
[126886.481s][info][gc,task     ] GC(50) Using 8 workers of 8 for evacuation
[126886.543s][info][gc,phases   ] GC(50)   Pre Evacuate Collection Set: 5.1ms
[126886.543s][info][gc,phases   ] GC(50)   Merge Heap Roots: 1.0ms
[126886.543s][info][gc,phases   ] GC(50)   Evacuate Collection Set: 48.8ms
[126886.543s][info][gc,phases   ] GC(50)   Post Evacuate Collection Set: 4.6ms
[126886.543s][info][gc,phases   ] GC(50)   Other: 2.9ms
[126886.544s][info][gc,heap     ] GC(50) Eden regions: 42->0(42)
[126886.544s][info][gc,heap     ] GC(50) Survivor regions: 2->2(6)
[126886.544s][info][gc,heap     ] GC(50) Old regions: 32->32
[126886.544s][info][gc,heap     ] GC(50) Humongous regions: 0->0
[126886.544s][info][gc,metaspace] GC(50) Metaspace: 106341K(107392K)->106341K(107392K) NonClass: 91116K(91712K)->91116K(91712K) Class: 15224K(15680K)->15224K(15680K)
[126886.545s][info][gc          ] GC(50) Pause Young (Concurrent Start) (G1 Evacuation Pause) 150M->66M(166M) 69.522ms
[126886.546s][info][gc,cpu      ] GC(50) User=0.05s Sys=0.08s Real=0.07s
[126886.546s][info][gc          ] GC(51) Concurrent Mark Cycle
[126886.546s][info][gc,marking  ] GC(51) Concurrent Scan Root Regions
[126886.669s][info][gc,marking  ] GC(51) Concurrent Scan Root Regions 123.007ms
[126886.669s][info][gc,marking  ] GC(51) Concurrent Mark
[126886.670s][info][gc,marking  ] GC(51) Concurrent Mark From Roots
[126886.670s][info][gc,task     ] GC(51) Using 2 workers of 2 for marking
[126886.925s][info][gc,marking  ] GC(51) Concurrent Mark From Roots 255.400ms
[126886.925s][info][gc,marking  ] GC(51) Concurrent Preclean
[126886.926s][info][gc,marking  ] GC(51) Concurrent Preclean 0.646ms
[126886.926s][info][gc,start    ] GC(51) Pause Remark
[126887.350s][info][gc,mmu      ] GC(51) MMU target violated: 201.0ms (200.0ms/201.0ms)
[126887.350s][info][gc          ] GC(51) Pause Remark 66M->66M(166M) 424.532ms
[126887.351s][info][gc,cpu      ] GC(51) User=0.12s Sys=0.41s Real=0.42s
[126887.351s][info][gc,marking  ] GC(51) Concurrent Mark 681.197ms
[126887.351s][info][gc,marking  ] GC(51) Concurrent Rebuild Remembered Sets and Scrub Regions
[126887.514s][info][gc,marking  ] GC(51) Concurrent Rebuild Remembered Sets and Scrub Regions 163.208ms
[126887.515s][info][gc,start    ] GC(51) Pause Cleanup
[126887.515s][info][gc          ] GC(51) Pause Cleanup 67M->67M(166M) 0.429ms
[126887.515s][info][gc,cpu      ] GC(51) User=0.00s Sys=0.00s Real=0.00s
[126887.515s][info][gc,marking  ] GC(51) Concurrent Clear Claimed Marks
[126887.516s][info][gc,marking  ] GC(51) Concurrent Clear Claimed Marks 0.191ms
[126887.516s][info][gc,marking  ] GC(51) Concurrent Cleanup for Next Mark
[126887.518s][info][gc,marking  ] GC(51) Concurrent Cleanup for Next Mark 2.120ms
[126887.518s][info][gc          ] GC(51) Concurrent Mark Cycle 971.665ms
[134130.574s][info][gc,heap,exit] Heap
[134130.574s][info][gc,heap,exit]  garbage-first heap   total 169984K, used 137162K [0x0000000704000000, 0x0000000800000000)
[134130.574s][info][gc,heap,exit]   region size 2048K, 36 young (73728K), 2 survivors (4096K)
[134130.574s][info][gc,heap,exit]  Metaspace       used 106328K, committed 107392K, reserved 1179648K
[134130.574s][info][gc,heap,exit]   class space    used 15217K, committed 15680K, reserved 1048576K
