[0.013s][info][gc,init] CardTable entry size: 512
[0.014s][info][gc     ] Using G1
[0.015s][info][gc,init] Version: 21.0.5+11-LTS (release)
[0.015s][info][gc,init] CPUs: 8 total, 8 available
[0.015s][info][gc,init] Memory: 16122M
[0.015s][info][gc,init] Large Page Support: Disabled
[0.015s][info][gc,init] NUMA Support: Disabled
[0.015s][info][gc,init] Compressed Oops: Enabled (Zero based)
[0.015s][info][gc,init] Heap Region Size: 2M
[0.015s][info][gc,init] Heap Min Capacity: 8M
[0.015s][info][gc,init] Heap Initial Capacity: 252M
[0.015s][info][gc,init] Heap Max Capacity: 4032M
[0.015s][info][gc,init] Pre-touch: Disabled
[0.015s][info][gc,init] Parallel Workers: 8
[0.015s][info][gc,init] Concurrent Workers: 2
[0.015s][info][gc,init] Concurrent Refinement Workers: 8
[0.015s][info][gc,init] Periodic GC: Disabled
[0.026s][info][gc,metaspace] CDS archive(s) mapped at: [0x00000288ac000000-0x00000288acc80000-0x00000288acc80000), size 13107200, SharedBaseAddress: 0x00000288ac000000, ArchiveRelocationMode: 1.
[0.026s][info][gc,metaspace] Compressed class space mapped at: 0x00000288ad000000-0x00000288ed000000, reserved size: 1073741824
[0.026s][info][gc,metaspace] Narrow klass base: 0x00000288ac000000, Narrow klass shift: 0, Narrow klass range: 0x100000000
[0.346s][info][gc,start    ] GC(0) Pause Young (Normal) (G1 Evacuation Pause)
[0.346s][info][gc,task     ] GC(0) Using 6 workers of 8 for evacuation
[0.350s][info][gc,phases   ] GC(0)   Pre Evacuate Collection Set: 0.2ms
[0.350s][info][gc,phases   ] GC(0)   Merge Heap Roots: 0.1ms
[0.350s][info][gc,phases   ] GC(0)   Evacuate Collection Set: 2.7ms
[0.350s][info][gc,phases   ] GC(0)   Post Evacuate Collection Set: 0.5ms
[0.350s][info][gc,phases   ] GC(0)   Other: 0.3ms
[0.350s][info][gc,heap     ] GC(0) Eden regions: 11->0(9)
[0.350s][info][gc,heap     ] GC(0) Survivor regions: 0->2(2)
[0.350s][info][gc,heap     ] GC(0) Old regions: 0->4
[0.350s][info][gc,heap     ] GC(0) Humongous regions: 0->0
[0.350s][info][gc,metaspace] GC(0) Metaspace: 2316K(2496K)->2316K(2496K) NonClass: 2022K(2112K)->2022K(2112K) Class: 293K(384K)->293K(384K)
[0.350s][info][gc          ] GC(0) Pause Young (Normal) (G1 Evacuation Pause) 22M->10M(252M) 4.074ms
[0.350s][info][gc,cpu      ] GC(0) User=0.00s Sys=0.00s Real=0.00s
[0.567s][info][gc,start    ] GC(1) Pause Young (Normal) (G1 Evacuation Pause)
[0.567s][info][gc,task     ] GC(1) Using 6 workers of 8 for evacuation
[0.570s][info][gc,phases   ] GC(1)   Pre Evacuate Collection Set: 0.1ms
[0.570s][info][gc,phases   ] GC(1)   Merge Heap Roots: 0.0ms
[0.570s][info][gc,phases   ] GC(1)   Evacuate Collection Set: 1.7ms
[0.570s][info][gc,phases   ] GC(1)   Post Evacuate Collection Set: 1.0ms
[0.570s][info][gc,phases   ] GC(1)   Other: 0.1ms
[0.570s][info][gc,heap     ] GC(1) Eden regions: 9->0(27)
[0.570s][info][gc,heap     ] GC(1) Survivor regions: 2->1(2)
[0.570s][info][gc,heap     ] GC(1) Old regions: 4->6
[0.570s][info][gc,heap     ] GC(1) Humongous regions: 0->0
[0.570s][info][gc,metaspace] GC(1) Metaspace: 4872K(5056K)->4872K(5056K) NonClass: 4292K(4352K)->4292K(4352K) Class: 580K(704K)->580K(704K)
[0.570s][info][gc          ] GC(1) Pause Young (Normal) (G1 Evacuation Pause) 28M->11M(252M) 3.290ms
[0.570s][info][gc,cpu      ] GC(1) User=0.00s Sys=0.00s Real=0.00s
[0.758s][info][gc,start    ] GC(2) Pause Young (Concurrent Start) (CodeCache GC Threshold)
[0.758s][info][gc,task     ] GC(2) Using 6 workers of 8 for evacuation
[0.760s][info][gc,phases   ] GC(2)   Pre Evacuate Collection Set: 0.1ms
[0.760s][info][gc,phases   ] GC(2)   Merge Heap Roots: 0.0ms
[0.760s][info][gc,phases   ] GC(2)   Evacuate Collection Set: 1.4ms
[0.760s][info][gc,phases   ] GC(2)   Post Evacuate Collection Set: 0.4ms
[0.760s][info][gc,phases   ] GC(2)   Other: 0.1ms
[0.760s][info][gc,heap     ] GC(2) Eden regions: 4->0(50)
[0.760s][info][gc,heap     ] GC(2) Survivor regions: 1->2(4)
[0.760s][info][gc,heap     ] GC(2) Old regions: 6->6
[0.760s][info][gc,heap     ] GC(2) Humongous regions: 0->0
[0.760s][info][gc,metaspace] GC(2) Metaspace: 8226K(8448K)->8226K(8448K) NonClass: 7263K(7360K)->7263K(7360K) Class: 963K(1088K)->963K(1088K)
[0.760s][info][gc          ] GC(2) Pause Young (Concurrent Start) (CodeCache GC Threshold) 19M->12M(252M) 2.421ms
[0.760s][info][gc,cpu      ] GC(2) User=0.00s Sys=0.00s Real=0.00s
[0.760s][info][gc          ] GC(3) Concurrent Mark Cycle
[0.760s][info][gc,marking  ] GC(3) Concurrent Scan Root Regions
[0.762s][info][gc,marking  ] GC(3) Concurrent Scan Root Regions 1.423ms
[0.762s][info][gc,marking  ] GC(3) Concurrent Mark
[0.762s][info][gc,marking  ] GC(3) Concurrent Mark From Roots
[0.762s][info][gc,task     ] GC(3) Using 2 workers of 2 for marking
[0.764s][info][gc,marking  ] GC(3) Concurrent Mark From Roots 1.728ms
[0.764s][info][gc,marking  ] GC(3) Concurrent Preclean
[0.764s][info][gc,marking  ] GC(3) Concurrent Preclean 0.019ms
[0.764s][info][gc,start    ] GC(3) Pause Remark
[0.765s][info][gc          ] GC(3) Pause Remark 14M->14M(54M) 1.256ms
[0.765s][info][gc,cpu      ] GC(3) User=0.00s Sys=0.00s Real=0.00s
[0.765s][info][gc,marking  ] GC(3) Concurrent Mark 3.244ms
[0.765s][info][gc,marking  ] GC(3) Concurrent Rebuild Remembered Sets and Scrub Regions
[0.766s][info][gc,marking  ] GC(3) Concurrent Rebuild Remembered Sets and Scrub Regions 0.887ms
[0.766s][info][gc,start    ] GC(3) Pause Cleanup
[0.766s][info][gc          ] GC(3) Pause Cleanup 14M->14M(54M) 0.113ms
[0.766s][info][gc,cpu      ] GC(3) User=0.00s Sys=0.00s Real=0.00s
[0.766s][info][gc,marking  ] GC(3) Concurrent Clear Claimed Marks
[0.767s][info][gc,marking  ] GC(3) Concurrent Clear Claimed Marks 0.038ms
[0.767s][info][gc,marking  ] GC(3) Concurrent Cleanup for Next Mark
[0.767s][info][gc,marking  ] GC(3) Concurrent Cleanup for Next Mark 0.293ms
[0.767s][info][gc          ] GC(3) Concurrent Mark Cycle 6.570ms
[1.072s][info][gc,start    ] GC(4) Pause Young (Prepare Mixed) (G1 Evacuation Pause)
[1.073s][info][gc,task     ] GC(4) Using 4 workers of 8 for evacuation
[1.077s][info][gc,phases   ] GC(4)   Pre Evacuate Collection Set: 0.1ms
[1.077s][info][gc,phases   ] GC(4)   Merge Heap Roots: 0.0ms
[1.077s][info][gc,phases   ] GC(4)   Evacuate Collection Set: 3.5ms
[1.077s][info][gc,phases   ] GC(4)   Post Evacuate Collection Set: 0.4ms
[1.077s][info][gc,phases   ] GC(4)   Other: 0.1ms
[1.077s][info][gc,heap     ] GC(4) Eden regions: 14->0(10)
[1.077s][info][gc,heap     ] GC(4) Survivor regions: 2->2(2)
[1.077s][info][gc,heap     ] GC(4) Old regions: 6->7
[1.077s][info][gc,heap     ] GC(4) Humongous regions: 0->0
[1.077s][info][gc,metaspace] GC(4) Metaspace: 14565K(14912K)->14565K(14912K) NonClass: 12748K(12928K)->12748K(12928K) Class: 1816K(1984K)->1816K(1984K)
[1.077s][info][gc          ] GC(4) Pause Young (Prepare Mixed) (G1 Evacuation Pause) 40M->14M(54M) 4.350ms
[1.077s][info][gc,cpu      ] GC(4) User=0.00s Sys=0.00s Real=0.00s
[1.344s][info][gc,start    ] GC(5) Pause Young (Mixed) (G1 Evacuation Pause)
[1.344s][info][gc,task     ] GC(5) Using 4 workers of 8 for evacuation
[1.349s][info][gc,phases   ] GC(5)   Pre Evacuate Collection Set: 0.1ms
[1.349s][info][gc,phases   ] GC(5)   Merge Heap Roots: 0.0ms
[1.349s][info][gc,phases   ] GC(5)   Evacuate Collection Set: 3.3ms
[1.349s][info][gc,phases   ] GC(5)   Post Evacuate Collection Set: 0.7ms
[1.349s][info][gc,phases   ] GC(5)   Other: 0.1ms
[1.349s][info][gc,heap     ] GC(5) Eden regions: 10->0(44)
[1.349s][info][gc,heap     ] GC(5) Survivor regions: 2->2(2)
[1.349s][info][gc,heap     ] GC(5) Old regions: 7->7
[1.349s][info][gc,heap     ] GC(5) Humongous regions: 0->0
[1.349s][info][gc,metaspace] GC(5) Metaspace: 19971K(20352K)->19971K(20352K) NonClass: 17440K(17664K)->17440K(17664K) Class: 2531K(2688K)->2531K(2688K)
[1.349s][info][gc          ] GC(5) Pause Young (Mixed) (G1 Evacuation Pause) 34M->16M(154M) 4.422ms
[1.349s][info][gc,cpu      ] GC(5) User=0.06s Sys=0.00s Real=0.00s
[1.402s][info][gc,start    ] GC(6) Pause Young (Concurrent Start) (Metadata GC Threshold)
[1.402s][info][gc,task     ] GC(6) Using 4 workers of 8 for evacuation
[1.406s][info][gc,phases   ] GC(6)   Pre Evacuate Collection Set: 0.2ms
[1.406s][info][gc,phases   ] GC(6)   Merge Heap Roots: 0.0ms
[1.406s][info][gc,phases   ] GC(6)   Evacuate Collection Set: 3.1ms
[1.406s][info][gc,phases   ] GC(6)   Post Evacuate Collection Set: 0.4ms
[1.406s][info][gc,phases   ] GC(6)   Other: 0.3ms
[1.406s][info][gc,heap     ] GC(6) Eden regions: 4->0(44)
[1.406s][info][gc,heap     ] GC(6) Survivor regions: 2->2(6)
[1.406s][info][gc,heap     ] GC(6) Old regions: 7->7
[1.406s][info][gc,heap     ] GC(6) Humongous regions: 0->0
[1.406s][info][gc,metaspace] GC(6) Metaspace: 21159K(21504K)->21159K(21504K) NonClass: 18458K(18624K)->18458K(18624K) Class: 2701K(2880K)->2701K(2880K)
[1.406s][info][gc          ] GC(6) Pause Young (Concurrent Start) (Metadata GC Threshold) 23M->16M(154M) 4.371ms
[1.406s][info][gc,cpu      ] GC(6) User=0.00s Sys=0.00s Real=0.01s
[1.406s][info][gc          ] GC(7) Concurrent Mark Cycle
[1.406s][info][gc,marking  ] GC(7) Concurrent Scan Root Regions
[1.408s][info][gc,marking  ] GC(7) Concurrent Scan Root Regions 1.919ms
[1.408s][info][gc,marking  ] GC(7) Concurrent Mark
[1.408s][info][gc,marking  ] GC(7) Concurrent Mark From Roots
[1.408s][info][gc,task     ] GC(7) Using 2 workers of 2 for marking
[1.413s][info][gc,marking  ] GC(7) Concurrent Mark From Roots 4.719ms
[1.413s][info][gc,marking  ] GC(7) Concurrent Preclean
[1.413s][info][gc,marking  ] GC(7) Concurrent Preclean 0.045ms
[1.413s][info][gc,start    ] GC(7) Pause Remark
[1.416s][info][gc          ] GC(7) Pause Remark 18M->18M(60M) 3.149ms
[1.416s][info][gc,cpu      ] GC(7) User=0.00s Sys=0.00s Real=0.00s
[1.416s][info][gc,marking  ] GC(7) Concurrent Mark 8.232ms
[1.416s][info][gc,marking  ] GC(7) Concurrent Rebuild Remembered Sets and Scrub Regions
[1.419s][info][gc,marking  ] GC(7) Concurrent Rebuild Remembered Sets and Scrub Regions 2.451ms
[1.419s][info][gc,start    ] GC(7) Pause Cleanup
[1.419s][info][gc          ] GC(7) Pause Cleanup 18M->18M(60M) 0.085ms
[1.419s][info][gc,cpu      ] GC(7) User=0.00s Sys=0.00s Real=0.00s
[1.419s][info][gc,marking  ] GC(7) Concurrent Clear Claimed Marks
[1.419s][info][gc,marking  ] GC(7) Concurrent Clear Claimed Marks 0.437ms
[1.419s][info][gc,marking  ] GC(7) Concurrent Cleanup for Next Mark
[1.420s][info][gc,marking  ] GC(7) Concurrent Cleanup for Next Mark 0.180ms
[1.420s][info][gc          ] GC(7) Concurrent Mark Cycle 13.669ms
[1.703s][info][gc,start    ] GC(8) Pause Young (Prepare Mixed) (G1 Evacuation Pause)
[1.703s][info][gc,task     ] GC(8) Using 4 workers of 8 for evacuation
[1.708s][info][gc,phases   ] GC(8)   Pre Evacuate Collection Set: 0.1ms
[1.708s][info][gc,phases   ] GC(8)   Merge Heap Roots: 0.0ms
[1.708s][info][gc,phases   ] GC(8)   Evacuate Collection Set: 4.6ms
[1.708s][info][gc,phases   ] GC(8)   Post Evacuate Collection Set: 0.4ms
[1.708s][info][gc,phases   ] GC(8)   Other: 0.1ms
[1.708s][info][gc,heap     ] GC(8) Eden regions: 16->0(13)
[1.708s][info][gc,heap     ] GC(8) Survivor regions: 2->3(3)
[1.708s][info][gc,heap     ] GC(8) Old regions: 7->8
[1.708s][info][gc,heap     ] GC(8) Humongous regions: 0->0
[1.708s][info][gc,metaspace] GC(8) Metaspace: 27031K(27392K)->27031K(27392K) NonClass: 23466K(23680K)->23466K(23680K) Class: 3565K(3712K)->3565K(3712K)
[1.708s][info][gc          ] GC(8) Pause Young (Prepare Mixed) (G1 Evacuation Pause) 48M->19M(60M) 5.470ms
[1.708s][info][gc,cpu      ] GC(8) User=0.02s Sys=0.06s Real=0.00s
[1.977s][info][gc,start    ] GC(9) Pause Young (Mixed) (G1 Evacuation Pause)
[1.977s][info][gc,task     ] GC(9) Using 3 workers of 8 for evacuation
[1.984s][info][gc,phases   ] GC(9)   Pre Evacuate Collection Set: 0.1ms
[1.984s][info][gc,phases   ] GC(9)   Merge Heap Roots: 0.0ms
[1.984s][info][gc,phases   ] GC(9)   Evacuate Collection Set: 5.7ms
[1.984s][info][gc,phases   ] GC(9)   Post Evacuate Collection Set: 0.5ms
[1.984s][info][gc,phases   ] GC(9)   Other: 0.0ms
[1.984s][info][gc,heap     ] GC(9) Eden regions: 13->0(13)
[1.984s][info][gc,heap     ] GC(9) Survivor regions: 3->2(2)
[1.984s][info][gc,heap     ] GC(9) Old regions: 8->10
[1.984s][info][gc,heap     ] GC(9) Humongous regions: 0->0
[1.984s][info][gc,metaspace] GC(9) Metaspace: 29577K(29952K)->29577K(29952K) NonClass: 25712K(25920K)->25712K(25920K) Class: 3865K(4032K)->3865K(4032K)
[1.984s][info][gc          ] GC(9) Pause Young (Mixed) (G1 Evacuation Pause) 45M->22M(60M) 6.548ms
[1.984s][info][gc,cpu      ] GC(9) User=0.00s Sys=0.00s Real=0.01s
[2.243s][info][gc,start    ] GC(10) Pause Young (Normal) (G1 Evacuation Pause)
[2.243s][info][gc,task     ] GC(10) Using 2 workers of 8 for evacuation
[2.248s][info][gc,phases   ] GC(10)   Pre Evacuate Collection Set: 0.1ms
[2.248s][info][gc,phases   ] GC(10)   Merge Heap Roots: 0.0ms
[2.248s][info][gc,phases   ] GC(10)   Evacuate Collection Set: 4.3ms
[2.248s][info][gc,phases   ] GC(10)   Post Evacuate Collection Set: 0.4ms
[2.248s][info][gc,phases   ] GC(10)   Other: 0.0ms
[2.248s][info][gc,heap     ] GC(10) Eden regions: 13->0(44)
[2.248s][info][gc,heap     ] GC(10) Survivor regions: 2->2(2)
[2.248s][info][gc,heap     ] GC(10) Old regions: 10->11
[2.248s][info][gc,heap     ] GC(10) Humongous regions: 0->0
[2.248s][info][gc,metaspace] GC(10) Metaspace: 31303K(31680K)->31303K(31680K) NonClass: 27190K(27392K)->27190K(27392K) Class: 4113K(4288K)->4113K(4288K)
[2.248s][info][gc          ] GC(10) Pause Young (Normal) (G1 Evacuation Pause) 48M->24M(156M) 5.064ms
[2.248s][info][gc,cpu      ] GC(10) User=0.00s Sys=0.00s Real=0.01s
[2.771s][info][gc,start    ] GC(11) Pause Young (Concurrent Start) (Metadata GC Threshold)
[2.771s][info][gc,task     ] GC(11) Using 3 workers of 8 for evacuation
[2.779s][info][gc,phases   ] GC(11)   Pre Evacuate Collection Set: 0.4ms
[2.779s][info][gc,phases   ] GC(11)   Merge Heap Roots: 0.2ms
[2.779s][info][gc,phases   ] GC(11)   Evacuate Collection Set: 6.4ms
[2.779s][info][gc,phases   ] GC(11)   Post Evacuate Collection Set: 0.4ms
[2.779s][info][gc,phases   ] GC(11)   Other: 0.2ms
[2.779s][info][gc,heap     ] GC(11) Eden regions: 26->0(43)
[2.779s][info][gc,heap     ] GC(11) Survivor regions: 2->3(6)
[2.779s][info][gc,heap     ] GC(11) Old regions: 11->11
[2.779s][info][gc,heap     ] GC(11) Humongous regions: 0->0
[2.779s][info][gc,metaspace] GC(11) Metaspace: 35657K(36096K)->35657K(36096K) NonClass: 30865K(31104K)->30865K(31104K) Class: 4791K(4992K)->4791K(4992K)
[2.779s][info][gc          ] GC(11) Pause Young (Concurrent Start) (Metadata GC Threshold) 74M->27M(156M) 7.726ms
[2.779s][info][gc,cpu      ] GC(11) User=0.00s Sys=0.00s Real=0.01s
[2.779s][info][gc          ] GC(12) Concurrent Mark Cycle
[2.779s][info][gc,marking  ] GC(12) Concurrent Scan Root Regions
[2.781s][info][gc,marking  ] GC(12) Concurrent Scan Root Regions 1.954ms
[2.781s][info][gc,marking  ] GC(12) Concurrent Mark
[2.781s][info][gc,marking  ] GC(12) Concurrent Mark From Roots
[2.781s][info][gc,task     ] GC(12) Using 2 workers of 2 for marking
[2.793s][info][gc,marking  ] GC(12) Concurrent Mark From Roots 11.583ms
[2.793s][info][gc,marking  ] GC(12) Concurrent Preclean
[2.793s][info][gc,marking  ] GC(12) Concurrent Preclean 0.095ms
[2.793s][info][gc,start    ] GC(12) Pause Remark
[2.795s][info][gc          ] GC(12) Pause Remark 28M->28M(94M) 2.551ms
[2.795s][info][gc,cpu      ] GC(12) User=0.00s Sys=0.00s Real=0.00s
[2.795s][info][gc,marking  ] GC(12) Concurrent Mark 14.507ms
[2.795s][info][gc,marking  ] GC(12) Concurrent Rebuild Remembered Sets and Scrub Regions
[2.799s][info][gc,marking  ] GC(12) Concurrent Rebuild Remembered Sets and Scrub Regions 3.777ms
[2.799s][info][gc,start    ] GC(12) Pause Cleanup
[2.800s][info][gc          ] GC(12) Pause Cleanup 28M->28M(94M) 0.257ms
[2.800s][info][gc,cpu      ] GC(12) User=0.00s Sys=0.00s Real=0.00s
[2.800s][info][gc,marking  ] GC(12) Concurrent Clear Claimed Marks
[2.800s][info][gc,marking  ] GC(12) Concurrent Clear Claimed Marks 0.091ms
[2.800s][info][gc,marking  ] GC(12) Concurrent Cleanup for Next Mark
[2.800s][info][gc,marking  ] GC(12) Concurrent Cleanup for Next Mark 0.306ms
[2.800s][info][gc          ] GC(12) Concurrent Mark Cycle 21.248ms
[3.508s][info][gc,start    ] GC(13) Pause Young (Prepare Mixed) (G1 Evacuation Pause)
[3.508s][info][gc,task     ] GC(13) Using 2 workers of 8 for evacuation
[3.521s][info][gc,phases   ] GC(13)   Pre Evacuate Collection Set: 0.1ms
[3.521s][info][gc,phases   ] GC(13)   Merge Heap Roots: 0.1ms
[3.521s][info][gc,phases   ] GC(13)   Evacuate Collection Set: 12.4ms
[3.521s][info][gc,phases   ] GC(13)   Post Evacuate Collection Set: 0.7ms
[3.521s][info][gc,phases   ] GC(13)   Other: 0.1ms
[3.521s][info][gc,heap     ] GC(13) Eden regions: 25->0(23)
[3.521s][info][gc,heap     ] GC(13) Survivor regions: 3->4(4)
[3.521s][info][gc,heap     ] GC(13) Old regions: 11->13
[3.521s][info][gc,heap     ] GC(13) Humongous regions: 0->0
[3.522s][info][gc,metaspace] GC(13) Metaspace: 42553K(43200K)->42553K(43200K) NonClass: 36821K(37184K)->36821K(37184K) Class: 5731K(6016K)->5731K(6016K)
[3.522s][info][gc          ] GC(13) Pause Young (Prepare Mixed) (G1 Evacuation Pause) 77M->31M(94M) 13.614ms
[3.522s][info][gc,cpu      ] GC(13) User=0.02s Sys=0.02s Real=0.01s
[4.145s][info][gc,start    ] GC(14) Pause Young (Mixed) (G1 Evacuation Pause)
[4.145s][info][gc,task     ] GC(14) Using 8 workers of 8 for evacuation
[4.150s][info][gc,phases   ] GC(14)   Pre Evacuate Collection Set: 0.3ms
[4.150s][info][gc,phases   ] GC(14)   Merge Heap Roots: 0.1ms
[4.150s][info][gc,phases   ] GC(14)   Evacuate Collection Set: 3.9ms
[4.150s][info][gc,phases   ] GC(14)   Post Evacuate Collection Set: 0.7ms
[4.150s][info][gc,phases   ] GC(14)   Other: 0.1ms
[4.150s][info][gc,heap     ] GC(14) Eden regions: 23->0(22)
[4.150s][info][gc,heap     ] GC(14) Survivor regions: 4->4(4)
[4.150s][info][gc,heap     ] GC(14) Old regions: 13->14
[4.150s][info][gc,heap     ] GC(14) Humongous regions: 0->0
[4.150s][info][gc,metaspace] GC(14) Metaspace: 47561K(48256K)->47561K(48256K) NonClass: 41142K(41536K)->41142K(41536K) Class: 6418K(6720K)->6418K(6720K)
[4.150s][info][gc          ] GC(14) Pause Young (Mixed) (G1 Evacuation Pause) 77M->32M(94M) 5.415ms
[4.150s][info][gc,cpu      ] GC(14) User=0.00s Sys=0.00s Real=0.01s
[5.064s][info][gc,start    ] GC(15) Pause Young (Concurrent Start) (Metadata GC Threshold)
[5.064s][info][gc,task     ] GC(15) Using 8 workers of 8 for evacuation
[5.072s][info][gc,phases   ] GC(15)   Pre Evacuate Collection Set: 0.4ms
[5.072s][info][gc,phases   ] GC(15)   Merge Heap Roots: 0.1ms
[5.072s][info][gc,phases   ] GC(15)   Evacuate Collection Set: 6.4ms
[5.072s][info][gc,phases   ] GC(15)   Post Evacuate Collection Set: 0.6ms
[5.072s][info][gc,phases   ] GC(15)   Other: 0.2ms
[5.072s][info][gc,heap     ] GC(15) Eden regions: 21->0(22)
[5.072s][info][gc,heap     ] GC(15) Survivor regions: 4->3(4)
[5.072s][info][gc,heap     ] GC(15) Old regions: 14->16
[5.072s][info][gc,heap     ] GC(15) Humongous regions: 0->0
[5.072s][info][gc,metaspace] GC(15) Metaspace: 59797K(60480K)->59797K(60480K) NonClass: 51674K(52032K)->51674K(52032K) Class: 8122K(8448K)->8122K(8448K)
[5.072s][info][gc          ] GC(15) Pause Young (Concurrent Start) (Metadata GC Threshold) 74M->36M(94M) 7.902ms
[5.072s][info][gc,cpu      ] GC(15) User=0.00s Sys=0.00s Real=0.01s
[5.072s][info][gc          ] GC(16) Concurrent Mark Cycle
[5.072s][info][gc,marking  ] GC(16) Concurrent Scan Root Regions
[5.079s][info][gc,marking  ] GC(16) Concurrent Scan Root Regions 6.573ms
[5.079s][info][gc,marking  ] GC(16) Concurrent Mark
[5.079s][info][gc,marking  ] GC(16) Concurrent Mark From Roots
[5.079s][info][gc,task     ] GC(16) Using 2 workers of 2 for marking
[5.102s][info][gc,marking  ] GC(16) Concurrent Mark From Roots 22.616ms
[5.102s][info][gc,marking  ] GC(16) Concurrent Preclean
[5.102s][info][gc,marking  ] GC(16) Concurrent Preclean 0.121ms
[5.102s][info][gc,start    ] GC(16) Pause Remark
[5.105s][info][gc          ] GC(16) Pause Remark 38M->38M(94M) 3.061ms
[5.105s][info][gc,cpu      ] GC(16) User=0.00s Sys=0.00s Real=0.00s
[5.105s][info][gc,marking  ] GC(16) Concurrent Mark 26.088ms
[5.105s][info][gc,marking  ] GC(16) Concurrent Rebuild Remembered Sets and Scrub Regions
[5.114s][info][gc,marking  ] GC(16) Concurrent Rebuild Remembered Sets and Scrub Regions 8.905ms
[5.114s][info][gc,start    ] GC(16) Pause Cleanup
[5.114s][info][gc          ] GC(16) Pause Cleanup 38M->38M(94M) 0.112ms
[5.114s][info][gc,cpu      ] GC(16) User=0.00s Sys=0.00s Real=0.00s
[5.114s][info][gc,marking  ] GC(16) Concurrent Clear Claimed Marks
[5.114s][info][gc,marking  ] GC(16) Concurrent Clear Claimed Marks 0.057ms
[5.114s][info][gc,marking  ] GC(16) Concurrent Cleanup for Next Mark
[5.114s][info][gc,marking  ] GC(16) Concurrent Cleanup for Next Mark 0.102ms
[5.114s][info][gc          ] GC(16) Concurrent Mark Cycle 42.194ms
[5.820s][info][gc,start    ] GC(17) Pause Young (Prepare Mixed) (G1 Evacuation Pause)
[5.820s][info][gc,task     ] GC(17) Using 8 workers of 8 for evacuation
[5.826s][info][gc,phases   ] GC(17)   Pre Evacuate Collection Set: 0.2ms
[5.826s][info][gc,phases   ] GC(17)   Merge Heap Roots: 0.1ms
[5.826s][info][gc,phases   ] GC(17)   Evacuate Collection Set: 4.2ms
[5.826s][info][gc,phases   ] GC(17)   Post Evacuate Collection Set: 0.8ms
[5.826s][info][gc,phases   ] GC(17)   Other: 0.1ms
[5.826s][info][gc,heap     ] GC(17) Eden regions: 22->0(21)
[5.826s][info][gc,heap     ] GC(17) Survivor regions: 3->3(4)
[5.826s][info][gc,heap     ] GC(17) Old regions: 16->17
[5.826s][info][gc,heap     ] GC(17) Humongous regions: 0->0
[5.826s][info][gc,metaspace] GC(17) Metaspace: 68780K(69440K)->68780K(69440K) NonClass: 59284K(59648K)->59284K(59648K) Class: 9496K(9792K)->9496K(9792K)
[5.826s][info][gc          ] GC(17) Pause Young (Prepare Mixed) (G1 Evacuation Pause) 80M->38M(94M) 5.588ms
[5.826s][info][gc,cpu      ] GC(17) User=0.00s Sys=0.00s Real=0.01s
[6.855s][info][gc,start    ] GC(18) Pause Young (Mixed) (G1 Evacuation Pause)
[6.855s][info][gc,task     ] GC(18) Using 8 workers of 8 for evacuation
[6.865s][info][gc,phases   ] GC(18)   Pre Evacuate Collection Set: 0.2ms
[6.866s][info][gc,phases   ] GC(18)   Merge Heap Roots: 0.2ms
[6.866s][info][gc,phases   ] GC(18)   Evacuate Collection Set: 9.2ms
[6.866s][info][gc,phases   ] GC(18)   Post Evacuate Collection Set: 1.0ms
[6.866s][info][gc,phases   ] GC(18)   Other: 0.1ms
[6.866s][info][gc,heap     ] GC(18) Eden regions: 21->0(20)
[6.866s][info][gc,heap     ] GC(18) Survivor regions: 3->3(3)
[6.866s][info][gc,heap     ] GC(18) Old regions: 17->18
[6.866s][info][gc,heap     ] GC(18) Humongous regions: 0->0
[6.866s][info][gc,metaspace] GC(18) Metaspace: 73756K(74496K)->73756K(74496K) NonClass: 63511K(63936K)->63511K(63936K) Class: 10245K(10560K)->10245K(10560K)
[6.866s][info][gc          ] GC(18) Pause Young (Mixed) (G1 Evacuation Pause) 80M->40M(94M) 11.173ms
[6.866s][info][gc,cpu      ] GC(18) User=0.11s Sys=0.00s Real=0.01s
[7.355s][info][gc,start    ] GC(19) Pause Young (Concurrent Start) (G1 Evacuation Pause)
[7.355s][info][gc,task     ] GC(19) Using 8 workers of 8 for evacuation
[7.359s][info][gc,phases   ] GC(19)   Pre Evacuate Collection Set: 0.3ms
[7.359s][info][gc,phases   ] GC(19)   Merge Heap Roots: 0.1ms
[7.359s][info][gc,phases   ] GC(19)   Evacuate Collection Set: 3.7ms
[7.359s][info][gc,phases   ] GC(19)   Post Evacuate Collection Set: 0.6ms
[7.359s][info][gc,phases   ] GC(19)   Other: 0.1ms
[7.360s][info][gc,heap     ] GC(19) Eden regions: 20->0(27)
[7.360s][info][gc,heap     ] GC(19) Survivor regions: 3->3(3)
[7.360s][info][gc,heap     ] GC(19) Old regions: 18->20
[7.360s][info][gc,heap     ] GC(19) Humongous regions: 0->0
[7.360s][info][gc,metaspace] GC(19) Metaspace: 79039K(79808K)->79039K(79808K) NonClass: 68055K(68480K)->68055K(68480K) Class: 10983K(11328K)->10983K(11328K)
[7.360s][info][gc          ] GC(19) Pause Young (Concurrent Start) (G1 Evacuation Pause) 80M->42M(114M) 4.971ms
[7.360s][info][gc,cpu      ] GC(19) User=0.00s Sys=0.00s Real=0.00s
[7.360s][info][gc          ] GC(20) Concurrent Mark Cycle
[7.360s][info][gc,marking  ] GC(20) Concurrent Scan Root Regions
[7.363s][info][gc,marking  ] GC(20) Concurrent Scan Root Regions 3.458ms
[7.363s][info][gc,marking  ] GC(20) Concurrent Mark
[7.363s][info][gc,marking  ] GC(20) Concurrent Mark From Roots
[7.363s][info][gc,task     ] GC(20) Using 2 workers of 2 for marking
[7.388s][info][gc,marking  ] GC(20) Concurrent Mark From Roots 24.753ms
[7.388s][info][gc,marking  ] GC(20) Concurrent Preclean
[7.388s][info][gc,marking  ] GC(20) Concurrent Preclean 0.145ms
[7.388s][info][gc,start    ] GC(20) Pause Remark
[7.392s][info][gc          ] GC(20) Pause Remark 44M->44M(114M) 4.118ms
[7.392s][info][gc,cpu      ] GC(20) User=0.02s Sys=0.00s Real=0.00s
[7.392s][info][gc,marking  ] GC(20) Concurrent Mark 29.254ms
[7.392s][info][gc,marking  ] GC(20) Concurrent Rebuild Remembered Sets and Scrub Regions
[7.403s][info][gc,marking  ] GC(20) Concurrent Rebuild Remembered Sets and Scrub Regions 10.069ms
[7.403s][info][gc,start    ] GC(20) Pause Cleanup
[7.403s][info][gc          ] GC(20) Pause Cleanup 45M->45M(114M) 0.138ms
[7.403s][info][gc,cpu      ] GC(20) User=0.00s Sys=0.00s Real=0.00s
[7.403s][info][gc,marking  ] GC(20) Concurrent Clear Claimed Marks
[7.403s][info][gc,marking  ] GC(20) Concurrent Clear Claimed Marks 0.072ms
[7.403s][info][gc,marking  ] GC(20) Concurrent Cleanup for Next Mark
[7.403s][info][gc,marking  ] GC(20) Concurrent Cleanup for Next Mark 0.166ms
[7.403s][info][gc          ] GC(20) Concurrent Mark Cycle 43.641ms
[7.681s][info][gc,start    ] GC(21) Pause Young (Prepare Mixed) (G1 Evacuation Pause)
[7.681s][info][gc,task     ] GC(21) Using 8 workers of 8 for evacuation
[7.685s][info][gc,phases   ] GC(21)   Pre Evacuate Collection Set: 0.1ms
[7.685s][info][gc,phases   ] GC(21)   Merge Heap Roots: 0.1ms
[7.685s][info][gc,phases   ] GC(21)   Evacuate Collection Set: 3.0ms
[7.685s][info][gc,phases   ] GC(21)   Post Evacuate Collection Set: 0.4ms
[7.685s][info][gc,phases   ] GC(21)   Other: 0.1ms
[7.685s][info][gc,heap     ] GC(21) Eden regions: 27->0(27)
[7.685s][info][gc,heap     ] GC(21) Survivor regions: 3->3(4)
[7.685s][info][gc,heap     ] GC(21) Old regions: 20->20
[7.685s][info][gc,heap     ] GC(21) Humongous regions: 0->0
[7.685s][info][gc,metaspace] GC(21) Metaspace: 80642K(81344K)->80642K(81344K) NonClass: 69288K(69696K)->69288K(69696K) Class: 11353K(11648K)->11353K(11648K)
[7.685s][info][gc          ] GC(21) Pause Young (Prepare Mixed) (G1 Evacuation Pause) 96M->44M(114M) 3.836ms
[7.685s][info][gc,cpu      ] GC(21) User=0.00s Sys=0.00s Real=0.00s
[7.874s][info][gc,start    ] GC(22) Pause Young (Mixed) (G1 Evacuation Pause)
[7.874s][info][gc,task     ] GC(22) Using 8 workers of 8 for evacuation
[7.881s][info][gc,phases   ] GC(22)   Pre Evacuate Collection Set: 0.1ms
[7.881s][info][gc,phases   ] GC(22)   Merge Heap Roots: 0.1ms
[7.881s][info][gc,phases   ] GC(22)   Evacuate Collection Set: 6.0ms
[7.881s][info][gc,phases   ] GC(22)   Post Evacuate Collection Set: 0.6ms
[7.881s][info][gc,phases   ] GC(22)   Other: 0.1ms
[7.881s][info][gc,heap     ] GC(22) Eden regions: 27->0(23)
[7.881s][info][gc,heap     ] GC(22) Survivor regions: 3->4(4)
[7.881s][info][gc,heap     ] GC(22) Old regions: 20->22
[7.881s][info][gc,heap     ] GC(22) Humongous regions: 0->0
[7.881s][info][gc,metaspace] GC(22) Metaspace: 81633K(82368K)->81633K(82368K) NonClass: 69994K(70400K)->69994K(70400K) Class: 11638K(11968K)->11638K(11968K)
[7.881s][info][gc          ] GC(22) Pause Young (Mixed) (G1 Evacuation Pause) 98M->51M(114M) 7.326ms
[7.881s][info][gc,cpu      ] GC(22) User=0.11s Sys=0.02s Real=0.01s
[7.989s][info][gc,start    ] GC(23) Pause Young (Concurrent Start) (G1 Evacuation Pause)
[7.989s][info][gc,task     ] GC(23) Using 8 workers of 8 for evacuation
[8.000s][info][gc,phases   ] GC(23)   Pre Evacuate Collection Set: 0.2ms
[8.000s][info][gc,phases   ] GC(23)   Merge Heap Roots: 0.1ms
[8.000s][info][gc,phases   ] GC(23)   Evacuate Collection Set: 10.6ms
[8.001s][info][gc,phases   ] GC(23)   Post Evacuate Collection Set: 0.3ms
[8.001s][info][gc,phases   ] GC(23)   Other: 0.1ms
[8.001s][info][gc,heap     ] GC(23) Eden regions: 23->0(17)
[8.001s][info][gc,heap     ] GC(23) Survivor regions: 4->4(4)
[8.001s][info][gc,heap     ] GC(23) Old regions: 22->30
[8.001s][info][gc,heap     ] GC(23) Humongous regions: 0->0
[8.001s][info][gc,metaspace] GC(23) Metaspace: 81638K(82368K)->81638K(82368K) NonClass: 69999K(70400K)->69999K(70400K) Class: 11638K(11968K)->11638K(11968K)
[8.001s][info][gc          ] GC(23) Pause Young (Concurrent Start) (G1 Evacuation Pause) 97M->66M(122M) 11.598ms
[8.001s][info][gc,cpu      ] GC(23) User=0.00s Sys=0.00s Real=0.01s
[8.001s][info][gc          ] GC(24) Concurrent Mark Cycle
[8.001s][info][gc,marking  ] GC(24) Concurrent Scan Root Regions
[8.007s][info][gc,marking  ] GC(24) Concurrent Scan Root Regions 6.731ms
[8.007s][info][gc,marking  ] GC(24) Concurrent Mark
[8.007s][info][gc,marking  ] GC(24) Concurrent Mark From Roots
[8.007s][info][gc,task     ] GC(24) Using 2 workers of 2 for marking
[8.039s][info][gc,marking  ] GC(24) Concurrent Mark From Roots 31.443ms
[8.039s][info][gc,marking  ] GC(24) Concurrent Preclean
[8.039s][info][gc,marking  ] GC(24) Concurrent Preclean 0.359ms
[8.039s][info][gc,start    ] GC(24) Pause Remark
[8.043s][info][gc          ] GC(24) Pause Remark 70M->70M(122M) 3.626ms
[8.043s][info][gc,cpu      ] GC(24) User=0.00s Sys=0.00s Real=0.00s
[8.043s][info][gc,marking  ] GC(24) Concurrent Mark 35.712ms
[8.043s][info][gc,marking  ] GC(24) Concurrent Rebuild Remembered Sets and Scrub Regions
[8.059s][info][gc,marking  ] GC(24) Concurrent Rebuild Remembered Sets and Scrub Regions 15.536ms
[8.059s][info][gc,start    ] GC(24) Pause Cleanup
[8.059s][info][gc          ] GC(24) Pause Cleanup 70M->70M(122M) 0.164ms
[8.059s][info][gc,cpu      ] GC(24) User=0.00s Sys=0.00s Real=0.00s
[8.059s][info][gc,marking  ] GC(24) Concurrent Clear Claimed Marks
[8.059s][info][gc,marking  ] GC(24) Concurrent Clear Claimed Marks 0.063ms
[8.059s][info][gc,marking  ] GC(24) Concurrent Cleanup for Next Mark
[8.059s][info][gc,marking  ] GC(24) Concurrent Cleanup for Next Mark 0.168ms
[8.059s][info][gc          ] GC(24) Concurrent Mark Cycle 58.746ms
[8.141s][info][gc,start    ] GC(25) Pause Young (Prepare Mixed) (G1 Evacuation Pause)
[8.141s][info][gc,task     ] GC(25) Using 8 workers of 8 for evacuation
[8.146s][info][gc,phases   ] GC(25)   Pre Evacuate Collection Set: 0.1ms
[8.146s][info][gc,phases   ] GC(25)   Merge Heap Roots: 0.1ms
[8.146s][info][gc,phases   ] GC(25)   Evacuate Collection Set: 4.6ms
[8.146s][info][gc,phases   ] GC(25)   Post Evacuate Collection Set: 0.4ms
[8.146s][info][gc,phases   ] GC(25)   Other: 0.1ms
[8.146s][info][gc,heap     ] GC(25) Eden regions: 17->0(18)
[8.146s][info][gc,heap     ] GC(25) Survivor regions: 4->1(3)
[8.146s][info][gc,heap     ] GC(25) Old regions: 30->34
[8.146s][info][gc,heap     ] GC(25) Humongous regions: 0->0
[8.146s][info][gc,metaspace] GC(25) Metaspace: 83068K(83776K)->83068K(83776K) NonClass: 71236K(71616K)->71236K(71616K) Class: 11831K(12160K)->11831K(12160K)
[8.146s][info][gc          ] GC(25) Pause Young (Prepare Mixed) (G1 Evacuation Pause) 100M->69M(122M) 5.764ms
[8.146s][info][gc,cpu      ] GC(25) User=0.08s Sys=0.02s Real=0.01s
[8.286s][info][gc,start    ] GC(26) Pause Young (Mixed) (G1 Evacuation Pause)
[8.286s][info][gc,task     ] GC(26) Using 8 workers of 8 for evacuation
[8.289s][info][gc,phases   ] GC(26)   Pre Evacuate Collection Set: 0.1ms
[8.289s][info][gc,phases   ] GC(26)   Merge Heap Roots: 0.1ms
[8.289s][info][gc,phases   ] GC(26)   Evacuate Collection Set: 2.7ms
[8.289s][info][gc,phases   ] GC(26)   Post Evacuate Collection Set: 0.5ms
[8.289s][info][gc,phases   ] GC(26)   Other: 0.1ms
[8.289s][info][gc,heap     ] GC(26) Eden regions: 18->0(17)
[8.289s][info][gc,heap     ] GC(26) Survivor regions: 1->2(3)
[8.289s][info][gc,heap     ] GC(26) Old regions: 34->35
[8.289s][info][gc,heap     ] GC(26) Humongous regions: 0->0
[8.289s][info][gc,metaspace] GC(26) Metaspace: 83337K(84032K)->83337K(84032K) NonClass: 71417K(71808K)->71417K(71808K) Class: 11920K(12224K)->11920K(12224K)
[8.289s][info][gc          ] GC(26) Pause Young (Mixed) (G1 Evacuation Pause) 105M->71M(122M) 3.711ms
[8.289s][info][gc,cpu      ] GC(26) User=0.00s Sys=0.00s Real=0.00s
[8.443s][info][gc,start    ] GC(27) Pause Young (Concurrent Start) (G1 Evacuation Pause)
[8.443s][info][gc,task     ] GC(27) Using 8 workers of 8 for evacuation
[8.445s][info][gc,phases   ] GC(27)   Pre Evacuate Collection Set: 0.1ms
[8.445s][info][gc,phases   ] GC(27)   Merge Heap Roots: 0.0ms
[8.445s][info][gc,phases   ] GC(27)   Evacuate Collection Set: 1.8ms
[8.445s][info][gc,phases   ] GC(27)   Post Evacuate Collection Set: 0.5ms
[8.445s][info][gc,phases   ] GC(27)   Other: 0.1ms
[8.446s][info][gc,heap     ] GC(27) Eden regions: 17->0(32)
[8.446s][info][gc,heap     ] GC(27) Survivor regions: 2->2(3)
[8.446s][info][gc,heap     ] GC(27) Old regions: 35->35
[8.446s][info][gc,heap     ] GC(27) Humongous regions: 0->0
[8.446s][info][gc,metaspace] GC(27) Metaspace: 83594K(84352K)->83594K(84352K) NonClass: 71628K(72064K)->71628K(72064K) Class: 11966K(12288K)->11966K(12288K)
[8.446s][info][gc          ] GC(27) Pause Young (Concurrent Start) (G1 Evacuation Pause) 105M->71M(160M) 2.917ms
[8.446s][info][gc          ] GC(28) Concurrent Mark Cycle
[8.446s][info][gc,cpu      ] GC(27) User=0.00s Sys=0.00s Real=0.00s
[8.446s][info][gc,marking  ] GC(28) Concurrent Scan Root Regions
[8.449s][info][gc,marking  ] GC(28) Concurrent Scan Root Regions 3.241ms
[8.449s][info][gc,marking  ] GC(28) Concurrent Mark
[8.449s][info][gc,marking  ] GC(28) Concurrent Mark From Roots
[8.449s][info][gc,task     ] GC(28) Using 2 workers of 2 for marking
[8.483s][info][gc,marking  ] GC(28) Concurrent Mark From Roots 34.085ms
[8.483s][info][gc,marking  ] GC(28) Concurrent Preclean
[8.483s][info][gc,marking  ] GC(28) Concurrent Preclean 0.305ms
[8.484s][info][gc,start    ] GC(28) Pause Remark
[8.487s][info][gc          ] GC(28) Pause Remark 81M->79M(160M) 3.373ms
[8.487s][info][gc,cpu      ] GC(28) User=0.05s Sys=0.00s Real=0.00s
[8.487s][info][gc,marking  ] GC(28) Concurrent Mark 38.047ms
[8.487s][info][gc,marking  ] GC(28) Concurrent Rebuild Remembered Sets and Scrub Regions
[8.504s][info][gc,marking  ] GC(28) Concurrent Rebuild Remembered Sets and Scrub Regions 16.710ms
[8.504s][info][gc,start    ] GC(28) Pause Cleanup
[8.504s][info][gc          ] GC(28) Pause Cleanup 84M->84M(160M) 0.108ms
[8.504s][info][gc,cpu      ] GC(28) User=0.00s Sys=0.00s Real=0.00s
[8.504s][info][gc,marking  ] GC(28) Concurrent Clear Claimed Marks
[8.504s][info][gc,marking  ] GC(28) Concurrent Clear Claimed Marks 0.108ms
[8.504s][info][gc,marking  ] GC(28) Concurrent Cleanup for Next Mark
[8.505s][info][gc,marking  ] GC(28) Concurrent Cleanup for Next Mark 0.331ms
[8.505s][info][gc          ] GC(28) Concurrent Mark Cycle 58.952ms
[8.640s][info][gc,start    ] GC(29) Pause Young (Prepare Mixed) (G1 Evacuation Pause)
[8.640s][info][gc,task     ] GC(29) Using 8 workers of 8 for evacuation
[8.647s][info][gc,phases   ] GC(29)   Pre Evacuate Collection Set: 0.1ms
[8.647s][info][gc,phases   ] GC(29)   Merge Heap Roots: 0.1ms
[8.647s][info][gc,phases   ] GC(29)   Evacuate Collection Set: 6.3ms
[8.647s][info][gc,phases   ] GC(29)   Post Evacuate Collection Set: 0.4ms
[8.647s][info][gc,phases   ] GC(29)   Other: 0.1ms
[8.647s][info][gc,heap     ] GC(29) Eden regions: 32->0(29)
[8.647s][info][gc,heap     ] GC(29) Survivor regions: 2->5(5)
[8.647s][info][gc,heap     ] GC(29) Old regions: 34->35
[8.647s][info][gc,heap     ] GC(29) Humongous regions: 0->0
[8.647s][info][gc,metaspace] GC(29) Metaspace: 83594K(84352K)->83594K(84352K) NonClass: 71628K(72064K)->71628K(72064K) Class: 11966K(12288K)->11966K(12288K)
[8.647s][info][gc          ] GC(29) Pause Young (Prepare Mixed) (G1 Evacuation Pause) 133M->78M(160M) 7.331ms
[8.647s][info][gc,cpu      ] GC(29) User=0.11s Sys=0.00s Real=0.01s
[8.870s][info][gc,start    ] GC(30) Pause Young (Mixed) (G1 Evacuation Pause)
[8.870s][info][gc,task     ] GC(30) Using 8 workers of 8 for evacuation
[8.879s][info][gc,phases   ] GC(30)   Pre Evacuate Collection Set: 0.1ms
[8.879s][info][gc,phases   ] GC(30)   Merge Heap Roots: 0.1ms
[8.879s][info][gc,phases   ] GC(30)   Evacuate Collection Set: 8.1ms
[8.879s][info][gc,phases   ] GC(30)   Post Evacuate Collection Set: 0.5ms
[8.879s][info][gc,phases   ] GC(30)   Other: 0.1ms
[8.879s][info][gc,heap     ] GC(30) Eden regions: 29->0(28)
[8.879s][info][gc,heap     ] GC(30) Survivor regions: 5->5(5)
[8.879s][info][gc,heap     ] GC(30) Old regions: 35->33
[8.879s][info][gc,heap     ] GC(30) Humongous regions: 0->0
[8.879s][info][gc,metaspace] GC(30) Metaspace: 83718K(84416K)->83718K(84416K) NonClass: 71741K(72128K)->71741K(72128K) Class: 11976K(12288K)->11976K(12288K)
[8.879s][info][gc          ] GC(30) Pause Young (Mixed) (G1 Evacuation Pause) 136M->75M(160M) 9.200ms
[8.879s][info][gc,cpu      ] GC(30) User=0.12s Sys=0.00s Real=0.01s
[9.035s][info][gc,start    ] GC(31) Pause Young (Concurrent Start) (G1 Evacuation Pause)
[9.035s][info][gc,task     ] GC(31) Using 8 workers of 8 for evacuation
[9.041s][info][gc,phases   ] GC(31)   Pre Evacuate Collection Set: 0.1ms
[9.041s][info][gc,phases   ] GC(31)   Merge Heap Roots: 0.1ms
[9.041s][info][gc,phases   ] GC(31)   Evacuate Collection Set: 5.4ms
[9.041s][info][gc,phases   ] GC(31)   Post Evacuate Collection Set: 0.3ms
[9.041s][info][gc,phases   ] GC(31)   Other: 0.1ms
[9.041s][info][gc,heap     ] GC(31) Eden regions: 28->0(27)
[9.041s][info][gc,heap     ] GC(31) Survivor regions: 5->2(5)
[9.041s][info][gc,heap     ] GC(31) Old regions: 33->39
[9.041s][info][gc,heap     ] GC(31) Humongous regions: 0->0
[9.041s][info][gc,metaspace] GC(31) Metaspace: 83813K(84480K)->83813K(84480K) NonClass: 71824K(72192K)->71824K(72192K) Class: 11988K(12288K)->11988K(12288K)
[9.041s][info][gc          ] GC(31) Pause Young (Concurrent Start) (G1 Evacuation Pause) 131M->79M(160M) 6.349ms
[9.041s][info][gc          ] GC(32) Concurrent Mark Cycle
[9.041s][info][gc,cpu      ] GC(31) User=0.00s Sys=0.00s Real=0.01s
[9.041s][info][gc,marking  ] GC(32) Concurrent Scan Root Regions
[9.047s][info][gc,marking  ] GC(32) Concurrent Scan Root Regions 5.682ms
[9.047s][info][gc,marking  ] GC(32) Concurrent Mark
[9.047s][info][gc,marking  ] GC(32) Concurrent Mark From Roots
[9.047s][info][gc,task     ] GC(32) Using 2 workers of 2 for marking
[9.097s][info][gc,marking  ] GC(32) Concurrent Mark From Roots 50.130ms
[9.097s][info][gc,marking  ] GC(32) Concurrent Preclean
[9.097s][info][gc,marking  ] GC(32) Concurrent Preclean 0.276ms
[9.097s][info][gc,start    ] GC(32) Pause Remark
[9.101s][info][gc          ] GC(32) Pause Remark 84M->84M(160M) 3.362ms
[9.101s][info][gc,cpu      ] GC(32) User=0.00s Sys=0.00s Real=0.00s
[9.101s][info][gc,marking  ] GC(32) Concurrent Mark 54.039ms
[9.101s][info][gc,marking  ] GC(32) Concurrent Rebuild Remembered Sets and Scrub Regions
[9.122s][info][gc,marking  ] GC(32) Concurrent Rebuild Remembered Sets and Scrub Regions 20.729ms
[9.122s][info][gc,start    ] GC(32) Pause Cleanup
[9.122s][info][gc          ] GC(32) Pause Cleanup 86M->86M(160M) 0.142ms
[9.122s][info][gc,cpu      ] GC(32) User=0.00s Sys=0.00s Real=0.00s
[9.122s][info][gc,marking  ] GC(32) Concurrent Clear Claimed Marks
[9.122s][info][gc,marking  ] GC(32) Concurrent Clear Claimed Marks 0.073ms
[9.122s][info][gc,marking  ] GC(32) Concurrent Cleanup for Next Mark
[9.122s][info][gc,marking  ] GC(32) Concurrent Cleanup for Next Mark 0.212ms
[9.122s][info][gc          ] GC(32) Concurrent Mark Cycle 81.288ms
[9.241s][info][gc,start    ] GC(33) Pause Young (Prepare Mixed) (G1 Evacuation Pause)
[9.242s][info][gc,task     ] GC(33) Using 8 workers of 8 for evacuation
[9.246s][info][gc,phases   ] GC(33)   Pre Evacuate Collection Set: 0.2ms
[9.246s][info][gc,phases   ] GC(33)   Merge Heap Roots: 0.1ms
[9.246s][info][gc,phases   ] GC(33)   Evacuate Collection Set: 3.4ms
[9.246s][info][gc,phases   ] GC(33)   Post Evacuate Collection Set: 0.7ms
[9.246s][info][gc,phases   ] GC(33)   Other: 0.1ms
[9.246s][info][gc,heap     ] GC(33) Eden regions: 27->0(27)
[9.246s][info][gc,heap     ] GC(33) Survivor regions: 2->4(4)
[9.246s][info][gc,heap     ] GC(33) Old regions: 39->39
[9.246s][info][gc,heap     ] GC(33) Humongous regions: 0->0
[9.246s][info][gc,metaspace] GC(33) Metaspace: 84054K(84800K)->84054K(84800K) NonClass: 72030K(72448K)->72030K(72448K) Class: 12024K(12352K)->12024K(12352K)
[9.246s][info][gc          ] GC(33) Pause Young (Prepare Mixed) (G1 Evacuation Pause) 133M->83M(160M) 4.798ms
[9.246s][info][gc,cpu      ] GC(33) User=0.00s Sys=0.00s Real=0.01s
[9.427s][info][gc,start    ] GC(34) Pause Young (Mixed) (G1 Evacuation Pause)
[9.427s][info][gc,task     ] GC(34) Using 8 workers of 8 for evacuation
[9.432s][info][gc,phases   ] GC(34)   Pre Evacuate Collection Set: 0.1ms
[9.432s][info][gc,phases   ] GC(34)   Merge Heap Roots: 0.1ms
[9.432s][info][gc,phases   ] GC(34)   Evacuate Collection Set: 3.9ms
[9.432s][info][gc,phases   ] GC(34)   Post Evacuate Collection Set: 0.4ms
[9.432s][info][gc,phases   ] GC(34)   Other: 0.1ms
[9.432s][info][gc,heap     ] GC(34) Eden regions: 27->0(29)
[9.432s][info][gc,heap     ] GC(34) Survivor regions: 4->2(4)
[9.432s][info][gc,heap     ] GC(34) Old regions: 39->39
[9.432s][info][gc,heap     ] GC(34) Humongous regions: 0->0
[9.432s][info][gc,metaspace] GC(34) Metaspace: 84470K(85248K)->84470K(85248K) NonClass: 72405K(72832K)->72405K(72832K) Class: 12065K(12416K)->12065K(12416K)
[9.432s][info][gc          ] GC(34) Pause Young (Mixed) (G1 Evacuation Pause) 137M->78M(160M) 4.812ms
[9.432s][info][gc,cpu      ] GC(34) User=0.00s Sys=0.00s Real=0.00s
[63.176s][info][gc,start    ] GC(35) Pause Young (Concurrent Start) (G1 Evacuation Pause)
[63.176s][info][gc,task     ] GC(35) Using 8 workers of 8 for evacuation
[63.186s][info][gc,phases   ] GC(35)   Pre Evacuate Collection Set: 0.5ms
[63.186s][info][gc,phases   ] GC(35)   Merge Heap Roots: 0.2ms
[63.186s][info][gc,phases   ] GC(35)   Evacuate Collection Set: 8.0ms
[63.186s][info][gc,phases   ] GC(35)   Post Evacuate Collection Set: 1.2ms
[63.186s][info][gc,phases   ] GC(35)   Other: 0.3ms
[63.186s][info][gc,heap     ] GC(35) Eden regions: 29->0(50)
[63.186s][info][gc,heap     ] GC(35) Survivor regions: 2->3(4)
[63.186s][info][gc,heap     ] GC(35) Old regions: 39->39
[63.186s][info][gc,heap     ] GC(35) Humongous regions: 0->0
[63.186s][info][gc,metaspace] GC(35) Metaspace: 88399K(89152K)->88399K(89152K) NonClass: 75878K(76288K)->75878K(76288K) Class: 12520K(12864K)->12520K(12864K)
[63.186s][info][gc          ] GC(35) Pause Young (Concurrent Start) (G1 Evacuation Pause) 136M->81M(216M) 10.769ms
[63.186s][info][gc,cpu      ] GC(35) User=0.00s Sys=0.00s Real=0.01s
[63.186s][info][gc          ] GC(36) Concurrent Mark Cycle
[63.187s][info][gc,marking  ] GC(36) Concurrent Scan Root Regions
[63.194s][info][gc,marking  ] GC(36) Concurrent Scan Root Regions 7.629ms
[63.194s][info][gc,marking  ] GC(36) Concurrent Mark
[63.194s][info][gc,marking  ] GC(36) Concurrent Mark From Roots
[63.194s][info][gc,task     ] GC(36) Using 2 workers of 2 for marking
[63.314s][info][gc,marking  ] GC(36) Concurrent Mark From Roots 119.364ms
[63.314s][info][gc,marking  ] GC(36) Concurrent Preclean
[63.314s][info][gc,marking  ] GC(36) Concurrent Preclean 0.543ms
[63.315s][info][gc,start    ] GC(36) Pause Remark
[63.323s][info][gc          ] GC(36) Pause Remark 86M->80M(216M) 8.066ms
[63.323s][info][gc,cpu      ] GC(36) User=0.00s Sys=0.00s Real=0.01s
[63.323s][info][gc,marking  ] GC(36) Concurrent Mark 128.523ms
[63.323s][info][gc,marking  ] GC(36) Concurrent Rebuild Remembered Sets and Scrub Regions
[63.371s][info][gc,marking  ] GC(36) Concurrent Rebuild Remembered Sets and Scrub Regions 47.894ms
[63.371s][info][gc,start    ] GC(36) Pause Cleanup
[63.371s][info][gc          ] GC(36) Pause Cleanup 82M->82M(216M) 0.194ms
[63.371s][info][gc,cpu      ] GC(36) User=0.00s Sys=0.00s Real=0.00s
[63.371s][info][gc,marking  ] GC(36) Concurrent Clear Claimed Marks
[63.371s][info][gc,marking  ] GC(36) Concurrent Clear Claimed Marks 0.147ms
[63.371s][info][gc,marking  ] GC(36) Concurrent Cleanup for Next Mark
[63.372s][info][gc,marking  ] GC(36) Concurrent Cleanup for Next Mark 0.632ms
[63.372s][info][gc          ] GC(36) Concurrent Mark Cycle 185.772ms
[64.974s][info][gc,start    ] GC(37) Pause Young (Prepare Mixed) (G1 Evacuation Pause)
[64.974s][info][gc,task     ] GC(37) Using 8 workers of 8 for evacuation
[64.984s][info][gc,phases   ] GC(37)   Pre Evacuate Collection Set: 0.3ms
[64.984s][info][gc,phases   ] GC(37)   Merge Heap Roots: 0.1ms
[64.984s][info][gc,phases   ] GC(37)   Evacuate Collection Set: 8.5ms
[64.984s][info][gc,phases   ] GC(37)   Post Evacuate Collection Set: 1.0ms
[64.984s][info][gc,phases   ] GC(37)   Other: 0.2ms
[64.984s][info][gc,heap     ] GC(37) Eden regions: 50->0(58)
[64.984s][info][gc,heap     ] GC(37) Survivor regions: 3->4(7)
[64.984s][info][gc,heap     ] GC(37) Old regions: 36->36
[64.985s][info][gc,heap     ] GC(37) Humongous regions: 0->0
[64.985s][info][gc,metaspace] GC(37) Metaspace: 89668K(90560K)->89668K(90560K) NonClass: 76952K(77440K)->76952K(77440K) Class: 12715K(13120K)->12715K(13120K)
[64.985s][info][gc          ] GC(37) Pause Young (Prepare Mixed) (G1 Evacuation Pause) 175M->77M(216M) 11.067ms
[64.985s][info][gc,cpu      ] GC(37) User=0.00s Sys=0.00s Real=0.01s
[68.632s][info][gc,start    ] GC(38) Pause Young (Mixed) (G1 Evacuation Pause)
[68.632s][info][gc,task     ] GC(38) Using 8 workers of 8 for evacuation
[68.648s][info][gc,phases   ] GC(38)   Pre Evacuate Collection Set: 0.2ms
[68.648s][info][gc,phases   ] GC(38)   Merge Heap Roots: 0.2ms
[68.648s][info][gc,phases   ] GC(38)   Evacuate Collection Set: 13.9ms
[68.648s][info][gc,phases   ] GC(38)   Post Evacuate Collection Set: 1.0ms
[68.648s][info][gc,phases   ] GC(38)   Other: 0.2ms
[68.648s][info][gc,heap     ] GC(38) Eden regions: 58->0(53)
[68.648s][info][gc,heap     ] GC(38) Survivor regions: 4->7(8)
[68.648s][info][gc,heap     ] GC(38) Old regions: 36->35
[68.648s][info][gc,heap     ] GC(38) Humongous regions: 0->0
[68.648s][info][gc,metaspace] GC(38) Metaspace: 94627K(95552K)->94627K(95552K) NonClass: 81139K(81664K)->81139K(81664K) Class: 13488K(13888K)->13488K(13888K)
[68.648s][info][gc          ] GC(38) Pause Young (Mixed) (G1 Evacuation Pause) 193M->80M(216M) 16.223ms
[68.648s][info][gc,cpu      ] GC(38) User=0.12s Sys=0.00s Real=0.02s
[87.579s][info][gc,start    ] GC(39) Pause Young (Mixed) (G1 Evacuation Pause)
[87.579s][info][gc,task     ] GC(39) Using 8 workers of 8 for evacuation
[87.599s][info][gc,phases   ] GC(39)   Pre Evacuate Collection Set: 0.3ms
[87.599s][info][gc,phases   ] GC(39)   Merge Heap Roots: 0.1ms
[87.599s][info][gc,phases   ] GC(39)   Evacuate Collection Set: 18.2ms
[87.599s][info][gc,phases   ] GC(39)   Post Evacuate Collection Set: 1.1ms
[87.599s][info][gc,phases   ] GC(39)   Other: 0.2ms
[87.599s][info][gc,heap     ] GC(39) Eden regions: 53->0(57)
[87.599s][info][gc,heap     ] GC(39) Survivor regions: 7->7(8)
[87.599s][info][gc,heap     ] GC(39) Old regions: 35->31
[87.599s][info][gc,heap     ] GC(39) Humongous regions: 0->0
[87.599s][info][gc,metaspace] GC(39) Metaspace: 104360K(105472K)->104360K(105472K) NonClass: 89477K(90048K)->89477K(90048K) Class: 14883K(15424K)->14883K(15424K)
[87.599s][info][gc          ] GC(39) Pause Young (Mixed) (G1 Evacuation Pause) 186M->75M(216M) 20.708ms
[87.599s][info][gc,cpu      ] GC(39) User=0.14s Sys=0.00s Real=0.02s
[287.010s][info][gc,start    ] GC(40) Pause Young (Concurrent Start) (CodeCache GC Threshold)
[287.010s][info][gc,task     ] GC(40) Using 8 workers of 8 for evacuation
[287.033s][info][gc,phases   ] GC(40)   Pre Evacuate Collection Set: 0.5ms
[287.033s][info][gc,phases   ] GC(40)   Merge Heap Roots: 0.3ms
[287.033s][info][gc,phases   ] GC(40)   Evacuate Collection Set: 19.9ms
[287.033s][info][gc,phases   ] GC(40)   Post Evacuate Collection Set: 2.2ms
[287.033s][info][gc,phases   ] GC(40)   Other: 0.3ms
[287.033s][info][gc,heap     ] GC(40) Eden regions: 17->0(59)
[287.033s][info][gc,heap     ] GC(40) Survivor regions: 7->4(8)
[287.033s][info][gc,heap     ] GC(40) Old regions: 31->35
[287.033s][info][gc,heap     ] GC(40) Humongous regions: 0->0
[287.033s][info][gc,metaspace] GC(40) Metaspace: 107726K(108928K)->107726K(108928K) NonClass: 92357K(92992K)->92357K(92992K) Class: 15369K(15936K)->15369K(15936K)
[287.033s][info][gc          ] GC(40) Pause Young (Concurrent Start) (CodeCache GC Threshold) 109M->76M(216M) 23.699ms
[287.033s][info][gc          ] GC(41) Concurrent Mark Cycle
[287.033s][info][gc,cpu      ] GC(40) User=0.08s Sys=0.02s Real=0.02s
[287.033s][info][gc,marking  ] GC(41) Concurrent Scan Root Regions
[287.052s][info][gc,marking  ] GC(41) Concurrent Scan Root Regions 18.786ms
[287.052s][info][gc,marking  ] GC(41) Concurrent Mark
[287.052s][info][gc,marking  ] GC(41) Concurrent Mark From Roots
[287.052s][info][gc,task     ] GC(41) Using 2 workers of 2 for marking
[287.159s][info][gc,marking  ] GC(41) Concurrent Mark From Roots 106.989ms
[287.160s][info][gc,marking  ] GC(41) Concurrent Preclean
[287.161s][info][gc,marking  ] GC(41) Concurrent Preclean 1.078ms
[287.161s][info][gc,start    ] GC(41) Pause Remark
[287.190s][info][gc          ] GC(41) Pause Remark 77M->77M(216M) 29.510ms
[287.190s][info][gc,cpu      ] GC(41) User=0.02s Sys=0.02s Real=0.03s
[287.191s][info][gc,marking  ] GC(41) Concurrent Mark 138.235ms
[287.191s][info][gc,marking  ] GC(41) Concurrent Rebuild Remembered Sets and Scrub Regions
[287.264s][info][gc,marking  ] GC(41) Concurrent Rebuild Remembered Sets and Scrub Regions 72.682ms
[287.264s][info][gc,start    ] GC(41) Pause Cleanup
[287.264s][info][gc          ] GC(41) Pause Cleanup 77M->77M(216M) 0.317ms
[287.264s][info][gc,cpu      ] GC(41) User=0.00s Sys=0.00s Real=0.00s
[287.264s][info][gc,marking  ] GC(41) Concurrent Clear Claimed Marks
[287.264s][info][gc,marking  ] GC(41) Concurrent Clear Claimed Marks 0.088ms
[287.264s][info][gc,marking  ] GC(41) Concurrent Cleanup for Next Mark
[287.265s][info][gc,marking  ] GC(41) Concurrent Cleanup for Next Mark 0.425ms
[287.265s][info][gc          ] GC(41) Concurrent Mark Cycle 231.463ms
[3321.282s][info][gc,heap,exit] Heap
[3321.282s][info][gc,heap,exit]  garbage-first heap   total 221184K, used 132756K [0x0000000704000000, 0x0000000800000000)
[3321.282s][info][gc,heap,exit]   region size 2048K, 31 young (63488K), 4 survivors (8192K)
[3321.282s][info][gc,heap,exit]  Metaspace       used 108214K, committed 109312K, reserved 1179648K
[3321.282s][info][gc,heap,exit]   class space    used 15472K, committed 15936K, reserved 1048576K
