[0.129s][info][gc,init] CardTable entry size: 512
[0.130s][info][gc     ] Using G1
[0.131s][info][gc,init] Version: 21.0.5+11-LTS (release)
[0.131s][info][gc,init] CPUs: 8 total, 8 available
[0.131s][info][gc,init] Memory: 16122M
[0.131s][info][gc,init] Large Page Support: Disabled
[0.131s][info][gc,init] NUMA Support: Disabled
[0.131s][info][gc,init] Compressed Oops: Enabled (Zero based)
[0.131s][info][gc,init] Heap Region Size: 2M
[0.131s][info][gc,init] Heap Min Capacity: 8M
[0.131s][info][gc,init] Heap Initial Capacity: 252M
[0.131s][info][gc,init] Heap Max Capacity: 4032M
[0.131s][info][gc,init] Pre-touch: Disabled
[0.131s][info][gc,init] Parallel Workers: 8
[0.131s][info][gc,init] Concurrent Workers: 2
[0.131s][info][gc,init] Concurrent Refinement Workers: 8
[0.131s][info][gc,init] Periodic GC: Disabled
[0.146s][info][gc,metaspace] CDS archive(s) mapped at: [0x0000016593000000-0x0000016593c80000-0x0000016593c80000), size 13107200, SharedBaseAddress: 0x0000016593000000, ArchiveRelocationMode: 1.
[0.146s][info][gc,metaspace] Compressed class space mapped at: 0x0000016594000000-0x00000165d4000000, reserved size: 1073741824
[0.146s][info][gc,metaspace] Narrow klass base: 0x0000016593000000, Narrow klass shift: 0, Narrow klass range: 0x100000000
[0.632s][info][gc,start    ] GC(0) Pause Young (Normal) (G1 Evacuation Pause)
[0.633s][info][gc,task     ] GC(0) Using 6 workers of 8 for evacuation
[0.638s][info][gc,phases   ] GC(0)   Pre Evacuate Collection Set: 0.1ms
[0.638s][info][gc,phases   ] GC(0)   Merge Heap Roots: 0.1ms
[0.638s][info][gc,phases   ] GC(0)   Evacuate Collection Set: 3.4ms
[0.638s][info][gc,phases   ] GC(0)   Post Evacuate Collection Set: 0.8ms
[0.638s][info][gc,phases   ] GC(0)   Other: 0.5ms
[0.638s][info][gc,heap     ] GC(0) Eden regions: 11->0(9)
[0.638s][info][gc,heap     ] GC(0) Survivor regions: 0->2(2)
[0.638s][info][gc,heap     ] GC(0) Old regions: 0->4
[0.638s][info][gc,heap     ] GC(0) Humongous regions: 0->0
[0.638s][info][gc,metaspace] GC(0) Metaspace: 2293K(2496K)->2293K(2496K) NonClass: 2005K(2112K)->2005K(2112K) Class: 287K(384K)->287K(384K)
[0.638s][info][gc          ] GC(0) Pause Young (Normal) (G1 Evacuation Pause) 22M->10M(252M) 5.232ms
[0.638s][info][gc,cpu      ] GC(0) User=0.03s Sys=0.06s Real=0.00s
[1.029s][info][gc,start    ] GC(1) Pause Young (Normal) (G1 Evacuation Pause)
[1.030s][info][gc,task     ] GC(1) Using 6 workers of 8 for evacuation
[1.033s][info][gc,phases   ] GC(1)   Pre Evacuate Collection Set: 0.2ms
[1.033s][info][gc,phases   ] GC(1)   Merge Heap Roots: 0.1ms
[1.033s][info][gc,phases   ] GC(1)   Evacuate Collection Set: 2.1ms
[1.033s][info][gc,phases   ] GC(1)   Post Evacuate Collection Set: 0.6ms
[1.033s][info][gc,phases   ] GC(1)   Other: 0.1ms
[1.033s][info][gc,heap     ] GC(1) Eden regions: 9->0(27)
[1.033s][info][gc,heap     ] GC(1) Survivor regions: 2->1(2)
[1.033s][info][gc,heap     ] GC(1) Old regions: 4->6
[1.033s][info][gc,heap     ] GC(1) Humongous regions: 0->0
[1.033s][info][gc,metaspace] GC(1) Metaspace: 4778K(4992K)->4778K(4992K) NonClass: 4213K(4288K)->4213K(4288K) Class: 565K(704K)->565K(704K)
[1.033s][info][gc          ] GC(1) Pause Young (Normal) (G1 Evacuation Pause) 28M->12M(252M) 3.270ms
[1.033s][info][gc,cpu      ] GC(1) User=0.00s Sys=0.00s Real=0.00s
[1.317s][info][gc,start    ] GC(2) Pause Young (Concurrent Start) (CodeCache GC Threshold)
[1.317s][info][gc,task     ] GC(2) Using 6 workers of 8 for evacuation
[1.320s][info][gc,phases   ] GC(2)   Pre Evacuate Collection Set: 0.2ms
[1.320s][info][gc,phases   ] GC(2)   Merge Heap Roots: 0.0ms
[1.320s][info][gc,phases   ] GC(2)   Evacuate Collection Set: 1.6ms
[1.320s][info][gc,phases   ] GC(2)   Post Evacuate Collection Set: 0.8ms
[1.320s][info][gc,phases   ] GC(2)   Other: 0.1ms
[1.320s][info][gc,heap     ] GC(2) Eden regions: 5->0(50)
[1.320s][info][gc,heap     ] GC(2) Survivor regions: 1->2(4)
[1.320s][info][gc,heap     ] GC(2) Old regions: 6->6
[1.320s][info][gc,heap     ] GC(2) Humongous regions: 0->0
[1.320s][info][gc,metaspace] GC(2) Metaspace: 8226K(8448K)->8226K(8448K) NonClass: 7263K(7360K)->7263K(7360K) Class: 963K(1088K)->963K(1088K)
[1.320s][info][gc          ] GC(2) Pause Young (Concurrent Start) (CodeCache GC Threshold) 20M->13M(252M) 2.920ms
[1.320s][info][gc,cpu      ] GC(2) User=0.00s Sys=0.00s Real=0.00s
[1.320s][info][gc          ] GC(3) Concurrent Mark Cycle
[1.320s][info][gc,marking  ] GC(3) Concurrent Scan Root Regions
[1.322s][info][gc,marking  ] GC(3) Concurrent Scan Root Regions 1.580ms
[1.322s][info][gc,marking  ] GC(3) Concurrent Mark
[1.322s][info][gc,marking  ] GC(3) Concurrent Mark From Roots
[1.322s][info][gc,task     ] GC(3) Using 2 workers of 2 for marking
[1.324s][info][gc,marking  ] GC(3) Concurrent Mark From Roots 2.383ms
[1.325s][info][gc,marking  ] GC(3) Concurrent Preclean
[1.325s][info][gc,marking  ] GC(3) Concurrent Preclean 0.024ms
[1.325s][info][gc,start    ] GC(3) Pause Remark
[1.326s][info][gc          ] GC(3) Pause Remark 15M->15M(54M) 1.123ms
[1.326s][info][gc,cpu      ] GC(3) User=0.00s Sys=0.00s Real=0.00s
[1.326s][info][gc,marking  ] GC(3) Concurrent Mark 3.737ms
[1.326s][info][gc,marking  ] GC(3) Concurrent Rebuild Remembered Sets and Scrub Regions
[1.327s][info][gc,marking  ] GC(3) Concurrent Rebuild Remembered Sets and Scrub Regions 1.170ms
[1.327s][info][gc,start    ] GC(3) Pause Cleanup
[1.327s][info][gc          ] GC(3) Pause Cleanup 15M->15M(54M) 0.275ms
[1.327s][info][gc,cpu      ] GC(3) User=0.00s Sys=0.00s Real=0.00s
[1.327s][info][gc,marking  ] GC(3) Concurrent Clear Claimed Marks
[1.327s][info][gc,marking  ] GC(3) Concurrent Clear Claimed Marks 0.031ms
[1.327s][info][gc,marking  ] GC(3) Concurrent Cleanup for Next Mark
[1.328s][info][gc,marking  ] GC(3) Concurrent Cleanup for Next Mark 0.184ms
[1.328s][info][gc          ] GC(3) Concurrent Mark Cycle 7.285ms
[1.805s][info][gc,start    ] GC(4) Pause Young (Prepare Mixed) (G1 Evacuation Pause)
[1.805s][info][gc,task     ] GC(4) Using 4 workers of 8 for evacuation
[1.811s][info][gc,phases   ] GC(4)   Pre Evacuate Collection Set: 0.1ms
[1.811s][info][gc,phases   ] GC(4)   Merge Heap Roots: 0.0ms
[1.811s][info][gc,phases   ] GC(4)   Evacuate Collection Set: 5.3ms
[1.811s][info][gc,phases   ] GC(4)   Post Evacuate Collection Set: 0.6ms
[1.811s][info][gc,phases   ] GC(4)   Other: 0.1ms
[1.811s][info][gc,heap     ] GC(4) Eden regions: 19->0(12)
[1.811s][info][gc,heap     ] GC(4) Survivor regions: 2->3(7)
[1.811s][info][gc,heap     ] GC(4) Old regions: 6->6
[1.811s][info][gc,heap     ] GC(4) Humongous regions: 0->0
[1.811s][info][gc,metaspace] GC(4) Metaspace: 17372K(17728K)->17372K(17728K) NonClass: 15171K(15360K)->15171K(15360K) Class: 2201K(2368K)->2201K(2368K)
[1.811s][info][gc          ] GC(4) Pause Young (Prepare Mixed) (G1 Evacuation Pause) 51M->16M(60M) 6.401ms
[1.811s][info][gc,cpu      ] GC(4) User=0.03s Sys=0.03s Real=0.01s
[1.992s][info][gc,start    ] GC(5) Pause Young (Mixed) (GCLocker Initiated GC)
[1.992s][info][gc,task     ] GC(5) Using 4 workers of 8 for evacuation
[1.996s][info][gc,phases   ] GC(5)   Pre Evacuate Collection Set: 0.1ms
[1.997s][info][gc,phases   ] GC(5)   Merge Heap Roots: 0.0ms
[1.997s][info][gc,phases   ] GC(5)   Evacuate Collection Set: 3.5ms
[1.997s][info][gc,phases   ] GC(5)   Post Evacuate Collection Set: 0.3ms
[1.997s][info][gc,phases   ] GC(5)   Other: 0.1ms
[1.997s][info][gc,heap     ] GC(5) Eden regions: 10->0(12)
[1.997s][info][gc,heap     ] GC(5) Survivor regions: 3->1(2)
[1.997s][info][gc,heap     ] GC(5) Old regions: 6->9
[1.997s][info][gc,heap     ] GC(5) Humongous regions: 0->0
[1.997s][info][gc,metaspace] GC(5) Metaspace: 21164K(21568K)->21164K(21568K) NonClass: 18462K(18688K)->18462K(18688K) Class: 2701K(2880K)->2701K(2880K)
[1.997s][info][gc          ] GC(5) Pause Young (Mixed) (GCLocker Initiated GC) 36M->17M(60M) 4.205ms
[1.997s][info][gc,cpu      ] GC(5) User=0.02s Sys=0.06s Real=0.00s
[2.011s][info][gc,start    ] GC(6) Pause Young (Concurrent Start) (Metadata GC Threshold)
[2.011s][info][gc,task     ] GC(6) Using 4 workers of 8 for evacuation
[2.013s][info][gc,phases   ] GC(6)   Pre Evacuate Collection Set: 0.1ms
[2.013s][info][gc,phases   ] GC(6)   Merge Heap Roots: 0.0ms
[2.013s][info][gc,phases   ] GC(6)   Evacuate Collection Set: 1.0ms
[2.013s][info][gc,phases   ] GC(6)   Post Evacuate Collection Set: 0.2ms
[2.013s][info][gc,phases   ] GC(6)   Other: 0.1ms
[2.013s][info][gc,heap     ] GC(6) Eden regions: 2->0(13)
[2.013s][info][gc,heap     ] GC(6) Survivor regions: 1->1(2)
[2.013s][info][gc,heap     ] GC(6) Old regions: 9->9
[2.013s][info][gc,heap     ] GC(6) Humongous regions: 0->0
[2.013s][info][gc,metaspace] GC(6) Metaspace: 21480K(21824K)->21480K(21824K) NonClass: 18719K(18944K)->18719K(18944K) Class: 2760K(2880K)->2760K(2880K)
[2.013s][info][gc          ] GC(6) Pause Young (Concurrent Start) (Metadata GC Threshold) 19M->17M(60M) 1.679ms
[2.013s][info][gc,cpu      ] GC(6) User=0.00s Sys=0.00s Real=0.00s
[2.013s][info][gc          ] GC(7) Concurrent Mark Cycle
[2.013s][info][gc,marking  ] GC(7) Concurrent Scan Root Regions
[2.014s][info][gc,marking  ] GC(7) Concurrent Scan Root Regions 1.404ms
[2.014s][info][gc,marking  ] GC(7) Concurrent Mark
[2.014s][info][gc,marking  ] GC(7) Concurrent Mark From Roots
[2.014s][info][gc,task     ] GC(7) Using 2 workers of 2 for marking
[2.022s][info][gc,marking  ] GC(7) Concurrent Mark From Roots 7.778ms
[2.022s][info][gc,marking  ] GC(7) Concurrent Preclean
[2.022s][info][gc,marking  ] GC(7) Concurrent Preclean 0.075ms
[2.022s][info][gc,start    ] GC(7) Pause Remark
[2.025s][info][gc          ] GC(7) Pause Remark 18M->18M(60M) 2.611ms
[2.025s][info][gc,cpu      ] GC(7) User=0.00s Sys=0.00s Real=0.00s
[2.025s][info][gc,marking  ] GC(7) Concurrent Mark 10.720ms
[2.025s][info][gc,marking  ] GC(7) Concurrent Rebuild Remembered Sets and Scrub Regions
[2.029s][info][gc,marking  ] GC(7) Concurrent Rebuild Remembered Sets and Scrub Regions 3.937ms
[2.029s][info][gc,start    ] GC(7) Pause Cleanup
[2.029s][info][gc          ] GC(7) Pause Cleanup 19M->19M(60M) 0.078ms
[2.029s][info][gc,cpu      ] GC(7) User=0.00s Sys=0.00s Real=0.00s
[2.029s][info][gc,marking  ] GC(7) Concurrent Clear Claimed Marks
[2.029s][info][gc,marking  ] GC(7) Concurrent Clear Claimed Marks 0.057ms
[2.029s][info][gc,marking  ] GC(7) Concurrent Cleanup for Next Mark
[2.029s][info][gc,marking  ] GC(7) Concurrent Cleanup for Next Mark 0.125ms
[2.029s][info][gc          ] GC(7) Concurrent Mark Cycle 16.676ms
[2.348s][info][gc,start    ] GC(8) Pause Young (Prepare Mixed) (G1 Evacuation Pause)
[2.348s][info][gc,task     ] GC(8) Using 3 workers of 8 for evacuation
[2.353s][info][gc,phases   ] GC(8)   Pre Evacuate Collection Set: 0.1ms
[2.353s][info][gc,phases   ] GC(8)   Merge Heap Roots: 0.1ms
[2.353s][info][gc,phases   ] GC(8)   Evacuate Collection Set: 3.9ms
[2.353s][info][gc,phases   ] GC(8)   Post Evacuate Collection Set: 0.7ms
[2.353s][info][gc,phases   ] GC(8)   Other: 0.1ms
[2.353s][info][gc,heap     ] GC(8) Eden regions: 13->0(13)
[2.353s][info][gc,heap     ] GC(8) Survivor regions: 1->2(2)
[2.353s][info][gc,heap     ] GC(8) Old regions: 9->9
[2.353s][info][gc,heap     ] GC(8) Humongous regions: 0->0
[2.353s][info][gc,metaspace] GC(8) Metaspace: 27229K(27648K)->27229K(27648K) NonClass: 23644K(23872K)->23644K(23872K) Class: 3584K(3776K)->3584K(3776K)
[2.353s][info][gc          ] GC(8) Pause Young (Prepare Mixed) (G1 Evacuation Pause) 43M->19M(60M) 5.287ms
[2.353s][info][gc,cpu      ] GC(8) User=0.00s Sys=0.00s Real=0.01s
[4.219s][info][gc,start    ] GC(9) Pause Young (Mixed) (G1 Evacuation Pause)
[4.219s][info][gc,task     ] GC(9) Using 2 workers of 8 for evacuation
[4.230s][info][gc,phases   ] GC(9)   Pre Evacuate Collection Set: 0.3ms
[4.231s][info][gc,phases   ] GC(9)   Merge Heap Roots: 0.1ms
[4.231s][info][gc,phases   ] GC(9)   Evacuate Collection Set: 9.7ms
[4.231s][info][gc,phases   ] GC(9)   Post Evacuate Collection Set: 0.8ms
[4.231s][info][gc,phases   ] GC(9)   Other: 0.1ms
[4.231s][info][gc,heap     ] GC(9) Eden regions: 13->0(44)
[4.231s][info][gc,heap     ] GC(9) Survivor regions: 2->2(2)
[4.231s][info][gc,heap     ] GC(9) Old regions: 9->9
[4.231s][info][gc,heap     ] GC(9) Humongous regions: 0->0
[4.231s][info][gc,metaspace] GC(9) Metaspace: 29400K(29824K)->29400K(29824K) NonClass: 25562K(25792K)->25562K(25792K) Class: 3837K(4032K)->3837K(4032K)
[4.231s][info][gc          ] GC(9) Pause Young (Mixed) (G1 Evacuation Pause) 45M->21M(156M) 11.303ms
[4.231s][info][gc,cpu      ] GC(9) User=0.00s Sys=0.03s Real=0.01s
[5.047s][info][gc,start    ] GC(10) Pause Young (Concurrent Start) (Metadata GC Threshold)
[5.047s][info][gc,task     ] GC(10) Using 3 workers of 8 for evacuation
[5.057s][info][gc,phases   ] GC(10)   Pre Evacuate Collection Set: 0.3ms
[5.057s][info][gc,phases   ] GC(10)   Merge Heap Roots: 0.1ms
[5.057s][info][gc,phases   ] GC(10)   Evacuate Collection Set: 8.4ms
[5.057s][info][gc,phases   ] GC(10)   Post Evacuate Collection Set: 0.7ms
[5.057s][info][gc,phases   ] GC(10)   Other: 0.2ms
[5.057s][info][gc,heap     ] GC(10) Eden regions: 44->0(41)
[5.057s][info][gc,heap     ] GC(10) Survivor regions: 2->5(6)
[5.057s][info][gc,heap     ] GC(10) Old regions: 9->9
[5.057s][info][gc,heap     ] GC(10) Humongous regions: 0->0
[5.057s][info][gc,metaspace] GC(10) Metaspace: 36290K(36736K)->36290K(36736K) NonClass: 31415K(31680K)->31415K(31680K) Class: 4874K(5056K)->4874K(5056K)
[5.057s][info][gc          ] GC(10) Pause Young (Concurrent Start) (Metadata GC Threshold) 109M->27M(156M) 10.051ms
[5.057s][info][gc,cpu      ] GC(10) User=0.00s Sys=0.09s Real=0.01s
[5.057s][info][gc          ] GC(11) Concurrent Mark Cycle
[5.057s][info][gc,marking  ] GC(11) Concurrent Scan Root Regions
[5.060s][info][gc,marking  ] GC(11) Concurrent Scan Root Regions 2.617ms
[5.060s][info][gc,marking  ] GC(11) Concurrent Mark
[5.060s][info][gc,marking  ] GC(11) Concurrent Mark From Roots
[5.060s][info][gc,task     ] GC(11) Using 2 workers of 2 for marking
[5.069s][info][gc,marking  ] GC(11) Concurrent Mark From Roots 9.586ms
[5.069s][info][gc,marking  ] GC(11) Concurrent Preclean
[5.069s][info][gc,marking  ] GC(11) Concurrent Preclean 0.068ms
[5.070s][info][gc,start    ] GC(11) Pause Remark
[5.072s][info][gc          ] GC(11) Pause Remark 28M->28M(94M) 2.523ms
[5.072s][info][gc,cpu      ] GC(11) User=0.00s Sys=0.02s Real=0.00s
[5.072s][info][gc,marking  ] GC(11) Concurrent Mark 12.473ms
[5.072s][info][gc,marking  ] GC(11) Concurrent Rebuild Remembered Sets and Scrub Regions
[5.076s][info][gc,marking  ] GC(11) Concurrent Rebuild Remembered Sets and Scrub Regions 4.206ms
[5.077s][info][gc,start    ] GC(11) Pause Cleanup
[5.077s][info][gc          ] GC(11) Pause Cleanup 28M->28M(94M) 0.146ms
[5.077s][info][gc,cpu      ] GC(11) User=0.00s Sys=0.00s Real=0.00s
[5.077s][info][gc,marking  ] GC(11) Concurrent Clear Claimed Marks
[5.077s][info][gc,marking  ] GC(11) Concurrent Clear Claimed Marks 0.079ms
[5.077s][info][gc,marking  ] GC(11) Concurrent Cleanup for Next Mark
[5.077s][info][gc,marking  ] GC(11) Concurrent Cleanup for Next Mark 0.357ms
[5.077s][info][gc          ] GC(11) Concurrent Mark Cycle 20.342ms
[5.808s][info][gc,start    ] GC(12) Pause Young (Prepare Mixed) (G1 Evacuation Pause)
[5.808s][info][gc,task     ] GC(12) Using 2 workers of 8 for evacuation
[5.823s][info][gc,phases   ] GC(12)   Pre Evacuate Collection Set: 0.2ms
[5.823s][info][gc,phases   ] GC(12)   Merge Heap Roots: 0.1ms
[5.823s][info][gc,phases   ] GC(12)   Evacuate Collection Set: 13.4ms
[5.823s][info][gc,phases   ] GC(12)   Post Evacuate Collection Set: 0.7ms
[5.823s][info][gc,phases   ] GC(12)   Other: 0.1ms
[5.823s][info][gc,heap     ] GC(12) Eden regions: 23->0(24)
[5.823s][info][gc,heap     ] GC(12) Survivor regions: 5->2(4)
[5.823s][info][gc,heap     ] GC(12) Old regions: 9->14
[5.823s][info][gc,heap     ] GC(12) Humongous regions: 0->0
[5.823s][info][gc,metaspace] GC(12) Metaspace: 42978K(43584K)->42978K(43584K) NonClass: 37186K(37504K)->37186K(37504K) Class: 5791K(6080K)->5791K(6080K)
[5.823s][info][gc          ] GC(12) Pause Young (Prepare Mixed) (G1 Evacuation Pause) 73M->30M(94M) 14.810ms
[5.823s][info][gc,cpu      ] GC(12) User=0.03s Sys=0.00s Real=0.02s
[6.463s][info][gc,start    ] GC(13) Pause Young (Mixed) (G1 Evacuation Pause)
[6.463s][info][gc,task     ] GC(13) Using 8 workers of 8 for evacuation
[6.468s][info][gc,phases   ] GC(13)   Pre Evacuate Collection Set: 0.4ms
[6.469s][info][gc,phases   ] GC(13)   Merge Heap Roots: 0.3ms
[6.469s][info][gc,phases   ] GC(13)   Evacuate Collection Set: 3.8ms
[6.469s][info][gc,phases   ] GC(13)   Post Evacuate Collection Set: 0.8ms
[6.469s][info][gc,phases   ] GC(13)   Other: 0.1ms
[6.469s][info][gc,heap     ] GC(13) Eden regions: 24->0(24)
[6.469s][info][gc,heap     ] GC(13) Survivor regions: 2->3(4)
[6.469s][info][gc,heap     ] GC(13) Old regions: 14->14
[6.469s][info][gc,heap     ] GC(13) Humongous regions: 0->0
[6.469s][info][gc,metaspace] GC(13) Metaspace: 48902K(49536K)->48902K(49536K) NonClass: 42262K(42624K)->42262K(42624K) Class: 6639K(6912K)->6639K(6912K)
[6.469s][info][gc          ] GC(13) Pause Young (Mixed) (G1 Evacuation Pause) 78M->33M(94M) 5.806ms
[6.469s][info][gc,cpu      ] GC(13) User=0.00s Sys=0.00s Real=0.01s
[7.302s][info][gc,start    ] GC(14) Pause Young (Concurrent Start) (Metadata GC Threshold)
[7.302s][info][gc,task     ] GC(14) Using 8 workers of 8 for evacuation
[7.308s][info][gc,phases   ] GC(14)   Pre Evacuate Collection Set: 0.3ms
[7.308s][info][gc,phases   ] GC(14)   Merge Heap Roots: 0.1ms
[7.308s][info][gc,phases   ] GC(14)   Evacuate Collection Set: 4.8ms
[7.308s][info][gc,phases   ] GC(14)   Post Evacuate Collection Set: 0.9ms
[7.308s][info][gc,phases   ] GC(14)   Other: 0.2ms
[7.308s][info][gc,heap     ] GC(14) Eden regions: 22->0(22)
[7.308s][info][gc,heap     ] GC(14) Survivor regions: 3->3(4)
[7.308s][info][gc,heap     ] GC(14) Old regions: 14->16
[7.308s][info][gc,heap     ] GC(14) Humongous regions: 0->0
[7.308s][info][gc,metaspace] GC(14) Metaspace: 60895K(61568K)->60895K(61568K) NonClass: 52629K(52992K)->52629K(52992K) Class: 8265K(8576K)->8265K(8576K)
[7.308s][info][gc          ] GC(14) Pause Young (Concurrent Start) (Metadata GC Threshold) 75M->36M(94M) 6.621ms
[7.308s][info][gc,cpu      ] GC(14) User=0.08s Sys=0.02s Real=0.01s
[7.308s][info][gc          ] GC(15) Concurrent Mark Cycle
[7.308s][info][gc,marking  ] GC(15) Concurrent Scan Root Regions
[7.312s][info][gc,marking  ] GC(15) Concurrent Scan Root Regions 3.740ms
[7.312s][info][gc,marking  ] GC(15) Concurrent Mark
[7.312s][info][gc,marking  ] GC(15) Concurrent Mark From Roots
[7.312s][info][gc,task     ] GC(15) Using 2 workers of 2 for marking
[7.329s][info][gc,marking  ] GC(15) Concurrent Mark From Roots 16.505ms
[7.329s][info][gc,marking  ] GC(15) Concurrent Preclean
[7.329s][info][gc,marking  ] GC(15) Concurrent Preclean 0.146ms
[7.329s][info][gc,start    ] GC(15) Pause Remark
[7.335s][info][gc          ] GC(15) Pause Remark 37M->37M(94M) 5.900ms
[7.335s][info][gc,cpu      ] GC(15) User=0.00s Sys=0.00s Real=0.01s
[7.335s][info][gc,marking  ] GC(15) Concurrent Mark 22.998ms
[7.335s][info][gc,marking  ] GC(15) Concurrent Rebuild Remembered Sets and Scrub Regions
[7.343s][info][gc,marking  ] GC(15) Concurrent Rebuild Remembered Sets and Scrub Regions 8.039ms
[7.343s][info][gc,start    ] GC(15) Pause Cleanup
[7.343s][info][gc          ] GC(15) Pause Cleanup 38M->38M(94M) 0.157ms
[7.343s][info][gc,cpu      ] GC(15) User=0.00s Sys=0.00s Real=0.00s
[7.344s][info][gc,marking  ] GC(15) Concurrent Clear Claimed Marks
[7.344s][info][gc,marking  ] GC(15) Concurrent Clear Claimed Marks 0.107ms
[7.344s][info][gc,marking  ] GC(15) Concurrent Cleanup for Next Mark
[7.344s][info][gc,marking  ] GC(15) Concurrent Cleanup for Next Mark 0.266ms
[7.344s][info][gc          ] GC(15) Concurrent Mark Cycle 35.759ms
[7.995s][info][gc,start    ] GC(16) Pause Young (Prepare Mixed) (G1 Evacuation Pause)
[7.995s][info][gc,task     ] GC(16) Using 8 workers of 8 for evacuation
[8.002s][info][gc,phases   ] GC(16)   Pre Evacuate Collection Set: 0.1ms
[8.002s][info][gc,phases   ] GC(16)   Merge Heap Roots: 0.1ms
[8.002s][info][gc,phases   ] GC(16)   Evacuate Collection Set: 4.9ms
[8.002s][info][gc,phases   ] GC(16)   Post Evacuate Collection Set: 1.2ms
[8.002s][info][gc,phases   ] GC(16)   Other: 0.1ms
[8.002s][info][gc,heap     ] GC(16) Eden regions: 22->0(21)
[8.002s][info][gc,heap     ] GC(16) Survivor regions: 3->3(4)
[8.002s][info][gc,heap     ] GC(16) Old regions: 16->17
[8.002s][info][gc,heap     ] GC(16) Humongous regions: 0->0
[8.002s][info][gc,metaspace] GC(16) Metaspace: 69529K(70208K)->69529K(70208K) NonClass: 59915K(60288K)->59915K(60288K) Class: 9614K(9920K)->9614K(9920K)
[8.002s][info][gc          ] GC(16) Pause Young (Prepare Mixed) (G1 Evacuation Pause) 80M->39M(94M) 6.645ms
[8.002s][info][gc,cpu      ] GC(16) User=0.00s Sys=0.00s Real=0.01s
[8.789s][info][gc,start    ] GC(17) Pause Young (Mixed) (G1 Evacuation Pause)
[8.789s][info][gc,task     ] GC(17) Using 8 workers of 8 for evacuation
[8.797s][info][gc,phases   ] GC(17)   Pre Evacuate Collection Set: 0.3ms
[8.797s][info][gc,phases   ] GC(17)   Merge Heap Roots: 0.2ms
[8.797s][info][gc,phases   ] GC(17)   Evacuate Collection Set: 6.1ms
[8.797s][info][gc,phases   ] GC(17)   Post Evacuate Collection Set: 1.2ms
[8.797s][info][gc,phases   ] GC(17)   Other: 0.1ms
[8.797s][info][gc,heap     ] GC(17) Eden regions: 21->0(19)
[8.797s][info][gc,heap     ] GC(17) Survivor regions: 3->3(3)
[8.797s][info][gc,heap     ] GC(17) Old regions: 17->19
[8.797s][info][gc,heap     ] GC(17) Humongous regions: 0->0
[8.797s][info][gc,metaspace] GC(17) Metaspace: 74184K(74944K)->74184K(74944K) NonClass: 63883K(64320K)->63883K(64320K) Class: 10300K(10624K)->10300K(10624K)
[8.797s][info][gc          ] GC(17) Pause Young (Mixed) (G1 Evacuation Pause) 81M->40M(94M) 8.152ms
[8.797s][info][gc,cpu      ] GC(17) User=0.05s Sys=0.06s Real=0.01s
[9.261s][info][gc,start    ] GC(18) Pause Young (Concurrent Start) (G1 Evacuation Pause)
[9.261s][info][gc,task     ] GC(18) Using 8 workers of 8 for evacuation
[9.267s][info][gc,phases   ] GC(18)   Pre Evacuate Collection Set: 0.2ms
[9.267s][info][gc,phases   ] GC(18)   Merge Heap Roots: 0.1ms
[9.267s][info][gc,phases   ] GC(18)   Evacuate Collection Set: 4.1ms
[9.267s][info][gc,phases   ] GC(18)   Post Evacuate Collection Set: 0.6ms
[9.267s][info][gc,phases   ] GC(18)   Other: 0.1ms
[9.267s][info][gc,heap     ] GC(18) Eden regions: 19->0(18)
[9.267s][info][gc,heap     ] GC(18) Survivor regions: 3->3(3)
[9.267s][info][gc,heap     ] GC(18) Old regions: 19->20
[9.267s][info][gc,heap     ] GC(18) Humongous regions: 0->0
[9.267s][info][gc,metaspace] GC(18) Metaspace: 79509K(80192K)->79509K(80192K) NonClass: 68359K(68736K)->68359K(68736K) Class: 11149K(11456K)->11149K(11456K)
[9.267s][info][gc          ] GC(18) Pause Young (Concurrent Start) (G1 Evacuation Pause) 78M->43M(94M) 5.366ms
[9.267s][info][gc          ] GC(19) Concurrent Mark Cycle
[9.267s][info][gc,cpu      ] GC(18) User=0.00s Sys=0.00s Real=0.00s
[9.267s][info][gc,marking  ] GC(19) Concurrent Scan Root Regions
[9.269s][info][gc,marking  ] GC(19) Concurrent Scan Root Regions 2.426ms
[9.269s][info][gc,marking  ] GC(19) Concurrent Mark
[9.269s][info][gc,marking  ] GC(19) Concurrent Mark From Roots
[9.269s][info][gc,task     ] GC(19) Using 2 workers of 2 for marking
[9.290s][info][gc,marking  ] GC(19) Concurrent Mark From Roots 21.093ms
[9.290s][info][gc,marking  ] GC(19) Concurrent Preclean
[9.291s][info][gc,marking  ] GC(19) Concurrent Preclean 0.109ms
[9.291s][info][gc,start    ] GC(19) Pause Remark
[9.294s][info][gc          ] GC(19) Pause Remark 53M->53M(94M) 3.424ms
[9.294s][info][gc,cpu      ] GC(19) User=0.00s Sys=0.00s Real=0.00s
[9.294s][info][gc,marking  ] GC(19) Concurrent Mark 24.869ms
[9.294s][info][gc,marking  ] GC(19) Concurrent Rebuild Remembered Sets and Scrub Regions
[9.303s][info][gc,marking  ] GC(19) Concurrent Rebuild Remembered Sets and Scrub Regions 8.505ms
[9.303s][info][gc,start    ] GC(19) Pause Cleanup
[9.303s][info][gc          ] GC(19) Pause Cleanup 55M->55M(94M) 0.124ms
[9.303s][info][gc,cpu      ] GC(19) User=0.00s Sys=0.00s Real=0.00s
[9.303s][info][gc,marking  ] GC(19) Concurrent Clear Claimed Marks
[9.303s][info][gc,marking  ] GC(19) Concurrent Clear Claimed Marks 0.101ms
[9.303s][info][gc,marking  ] GC(19) Concurrent Cleanup for Next Mark
[9.303s][info][gc,marking  ] GC(19) Concurrent Cleanup for Next Mark 0.130ms
[9.303s][info][gc          ] GC(19) Concurrent Mark Cycle 36.601ms
[9.354s][info][gc,start    ] GC(20) Pause Young (Prepare Mixed) (G1 Evacuation Pause)
[9.354s][info][gc,task     ] GC(20) Using 8 workers of 8 for evacuation
[9.358s][info][gc,phases   ] GC(20)   Pre Evacuate Collection Set: 0.1ms
[9.358s][info][gc,phases   ] GC(20)   Merge Heap Roots: 0.2ms
[9.358s][info][gc,phases   ] GC(20)   Evacuate Collection Set: 2.8ms
[9.358s][info][gc,phases   ] GC(20)   Post Evacuate Collection Set: 0.5ms
[9.358s][info][gc,phases   ] GC(20)   Other: 0.1ms
[9.358s][info][gc,heap     ] GC(20) Eden regions: 18->0(19)
[9.358s][info][gc,heap     ] GC(20) Survivor regions: 3->2(3)
[9.358s][info][gc,heap     ] GC(20) Old regions: 20->21
[9.358s][info][gc,heap     ] GC(20) Humongous regions: 0->0
[9.358s][info][gc,metaspace] GC(20) Metaspace: 79539K(80256K)->79539K(80256K) NonClass: 68382K(68800K)->68382K(68800K) Class: 11156K(11456K)->11156K(11456K)
[9.358s][info][gc          ] GC(20) Pause Young (Prepare Mixed) (G1 Evacuation Pause) 79M->44M(94M) 3.984ms
[9.358s][info][gc,cpu      ] GC(20) User=0.00s Sys=0.00s Real=0.00s
[9.536s][info][gc,start    ] GC(21) Pause Young (Mixed) (G1 Evacuation Pause)
[9.536s][info][gc,task     ] GC(21) Using 8 workers of 8 for evacuation
[9.542s][info][gc,phases   ] GC(21)   Pre Evacuate Collection Set: 0.3ms
[9.542s][info][gc,phases   ] GC(21)   Merge Heap Roots: 0.1ms
[9.542s][info][gc,phases   ] GC(21)   Evacuate Collection Set: 4.9ms
[9.542s][info][gc,phases   ] GC(21)   Post Evacuate Collection Set: 0.7ms
[9.542s][info][gc,phases   ] GC(21)   Other: 0.1ms
[9.542s][info][gc,heap     ] GC(21) Eden regions: 19->0(30)
[9.542s][info][gc,heap     ] GC(21) Survivor regions: 2->1(3)
[9.542s][info][gc,heap     ] GC(21) Old regions: 21->22
[9.542s][info][gc,heap     ] GC(21) Humongous regions: 0->0
[9.542s][info][gc,metaspace] GC(21) Metaspace: 80939K(81664K)->80939K(81664K) NonClass: 69406K(69824K)->69406K(69824K) Class: 11532K(11840K)->11532K(11840K)
[9.542s][info][gc          ] GC(21) Pause Young (Mixed) (G1 Evacuation Pause) 82M->44M(118M) 6.267ms
[9.542s][info][gc,cpu      ] GC(21) User=0.03s Sys=0.03s Real=0.01s
[9.636s][info][gc,start    ] GC(22) Pause Young (Normal) (G1 Evacuation Pause)
[9.637s][info][gc,task     ] GC(22) Using 8 workers of 8 for evacuation
[9.641s][info][gc,phases   ] GC(22)   Pre Evacuate Collection Set: 0.2ms
[9.641s][info][gc,phases   ] GC(22)   Merge Heap Roots: 0.1ms
[9.641s][info][gc,phases   ] GC(22)   Evacuate Collection Set: 3.1ms
[9.641s][info][gc,phases   ] GC(22)   Post Evacuate Collection Set: 0.8ms
[9.641s][info][gc,phases   ] GC(22)   Other: 0.1ms
[9.641s][info][gc,heap     ] GC(22) Eden regions: 30->0(29)
[9.641s][info][gc,heap     ] GC(22) Survivor regions: 1->2(4)
[9.641s][info][gc,heap     ] GC(22) Old regions: 22->22
[9.641s][info][gc,heap     ] GC(22) Humongous regions: 0->0
[9.641s][info][gc,metaspace] GC(22) Metaspace: 80949K(81664K)->80949K(81664K) NonClass: 69416K(69824K)->69416K(69824K) Class: 11532K(11840K)->11532K(11840K)
[9.641s][info][gc          ] GC(22) Pause Young (Normal) (G1 Evacuation Pause) 104M->46M(118M) 4.542ms
[9.641s][info][gc,cpu      ] GC(22) User=0.00s Sys=0.00s Real=0.00s
[9.853s][info][gc,start    ] GC(23) Pause Young (Normal) (G1 Evacuation Pause)
[9.853s][info][gc,task     ] GC(23) Using 8 workers of 8 for evacuation
[9.857s][info][gc,phases   ] GC(23)   Pre Evacuate Collection Set: 0.3ms
[9.857s][info][gc,phases   ] GC(23)   Merge Heap Roots: 0.2ms
[9.857s][info][gc,phases   ] GC(23)   Evacuate Collection Set: 2.3ms
[9.857s][info][gc,phases   ] GC(23)   Post Evacuate Collection Set: 0.8ms
[9.857s][info][gc,phases   ] GC(23)   Other: 0.1ms
[9.857s][info][gc,heap     ] GC(23) Eden regions: 29->0(29)
[9.857s][info][gc,heap     ] GC(23) Survivor regions: 2->2(4)
[9.857s][info][gc,heap     ] GC(23) Old regions: 22->22
[9.857s][info][gc,heap     ] GC(23) Humongous regions: 0->0
[9.857s][info][gc,metaspace] GC(23) Metaspace: 83304K(83968K)->83304K(83968K) NonClass: 71386K(71744K)->71386K(71744K) Class: 11918K(12224K)->11918K(12224K)
[9.857s][info][gc          ] GC(23) Pause Young (Normal) (G1 Evacuation Pause) 104M->46M(118M) 3.914ms
[9.857s][info][gc,cpu      ] GC(23) User=0.00s Sys=0.00s Real=0.00s
[10.106s][info][gc,start    ] GC(24) Pause Young (Concurrent Start) (G1 Evacuation Pause)
[10.106s][info][gc,task     ] GC(24) Using 8 workers of 8 for evacuation
[10.109s][info][gc,phases   ] GC(24)   Pre Evacuate Collection Set: 0.1ms
[10.109s][info][gc,phases   ] GC(24)   Merge Heap Roots: 0.1ms
[10.109s][info][gc,phases   ] GC(24)   Evacuate Collection Set: 2.2ms
[10.109s][info][gc,phases   ] GC(24)   Post Evacuate Collection Set: 0.7ms
[10.110s][info][gc,phases   ] GC(24)   Other: 0.1ms
[10.110s][info][gc,heap     ] GC(24) Eden regions: 29->0(27)
[10.110s][info][gc,heap     ] GC(24) Survivor regions: 2->3(4)
[10.110s][info][gc,heap     ] GC(24) Old regions: 22->22
[10.110s][info][gc,heap     ] GC(24) Humongous regions: 0->0
[10.110s][info][gc,metaspace] GC(24) Metaspace: 83622K(84352K)->83622K(84352K) NonClass: 71658K(72064K)->71658K(72064K) Class: 11964K(12288K)->11964K(12288K)
[10.110s][info][gc          ] GC(24) Pause Young (Concurrent Start) (G1 Evacuation Pause) 104M->47M(118M) 3.625ms
[10.110s][info][gc,cpu      ] GC(24) User=0.00s Sys=0.00s Real=0.00s
[10.110s][info][gc          ] GC(25) Concurrent Mark Cycle
[10.110s][info][gc,marking  ] GC(25) Concurrent Scan Root Regions
[10.115s][info][gc,marking  ] GC(25) Concurrent Scan Root Regions 4.662ms
[10.115s][info][gc,marking  ] GC(25) Concurrent Mark
[10.115s][info][gc,marking  ] GC(25) Concurrent Mark From Roots
[10.115s][info][gc,task     ] GC(25) Using 2 workers of 2 for marking
[10.147s][info][gc,marking  ] GC(25) Concurrent Mark From Roots 32.660ms
[10.147s][info][gc,marking  ] GC(25) Concurrent Preclean
[10.148s][info][gc,marking  ] GC(25) Concurrent Preclean 0.257ms
[10.148s][info][gc,start    ] GC(25) Pause Remark
[10.156s][info][gc          ] GC(25) Pause Remark 51M->51M(118M) 7.634ms
[10.156s][info][gc,cpu      ] GC(25) User=0.00s Sys=0.00s Real=0.01s
[10.156s][info][gc,marking  ] GC(25) Concurrent Mark 41.014ms
[10.156s][info][gc,marking  ] GC(25) Concurrent Rebuild Remembered Sets and Scrub Regions
[10.169s][info][gc,marking  ] GC(25) Concurrent Rebuild Remembered Sets and Scrub Regions 13.474ms
[10.169s][info][gc,start    ] GC(25) Pause Cleanup
[10.170s][info][gc          ] GC(25) Pause Cleanup 56M->56M(118M) 0.320ms
[10.170s][info][gc,cpu      ] GC(25) User=0.00s Sys=0.00s Real=0.00s
[10.170s][info][gc,marking  ] GC(25) Concurrent Clear Claimed Marks
[10.170s][info][gc,marking  ] GC(25) Concurrent Clear Claimed Marks 0.114ms
[10.170s][info][gc,marking  ] GC(25) Concurrent Cleanup for Next Mark
[10.170s][info][gc,marking  ] GC(25) Concurrent Cleanup for Next Mark 0.265ms
[10.170s][info][gc          ] GC(25) Concurrent Mark Cycle 60.496ms
[10.256s][info][gc,start    ] GC(26) Pause Young (Prepare Mixed) (G1 Evacuation Pause)
[10.256s][info][gc,task     ] GC(26) Using 8 workers of 8 for evacuation
[10.262s][info][gc,phases   ] GC(26)   Pre Evacuate Collection Set: 0.4ms
[10.262s][info][gc,phases   ] GC(26)   Merge Heap Roots: 0.2ms
[10.262s][info][gc,phases   ] GC(26)   Evacuate Collection Set: 5.1ms
[10.262s][info][gc,phases   ] GC(26)   Post Evacuate Collection Set: 0.7ms
[10.262s][info][gc,phases   ] GC(26)   Other: 0.1ms
[10.262s][info][gc,heap     ] GC(26) Eden regions: 27->0(37)
[10.262s][info][gc,heap     ] GC(26) Survivor regions: 3->4(4)
[10.262s][info][gc,heap     ] GC(26) Old regions: 22->23
[10.262s][info][gc,heap     ] GC(26) Humongous regions: 0->0
[10.262s][info][gc,metaspace] GC(26) Metaspace: 83631K(84352K)->83631K(84352K) NonClass: 71666K(72064K)->71666K(72064K) Class: 11965K(12288K)->11965K(12288K)
[10.263s][info][gc          ] GC(26) Pause Young (Prepare Mixed) (G1 Evacuation Pause) 101M->52M(146M) 6.800ms
[10.263s][info][gc,cpu      ] GC(26) User=0.08s Sys=0.02s Real=0.01s
[10.486s][info][gc,start    ] GC(27) Pause Young (Mixed) (G1 Evacuation Pause)
[10.486s][info][gc,task     ] GC(27) Using 8 workers of 8 for evacuation
[10.499s][info][gc,phases   ] GC(27)   Pre Evacuate Collection Set: 0.1ms
[10.499s][info][gc,phases   ] GC(27)   Merge Heap Roots: 0.1ms
[10.499s][info][gc,phases   ] GC(27)   Evacuate Collection Set: 12.4ms
[10.499s][info][gc,phases   ] GC(27)   Post Evacuate Collection Set: 0.5ms
[10.499s][info][gc,phases   ] GC(27)   Other: 0.1ms
[10.500s][info][gc,heap     ] GC(27) Eden regions: 37->0(31)
[10.500s][info][gc,heap     ] GC(27) Survivor regions: 4->6(6)
[10.500s][info][gc,heap     ] GC(27) Old regions: 23->30
[10.500s][info][gc,heap     ] GC(27) Humongous regions: 0->0
[10.500s][info][gc,metaspace] GC(27) Metaspace: 83741K(84416K)->83741K(84416K) NonClass: 71761K(72128K)->71761K(72128K) Class: 11980K(12288K)->11980K(12288K)
[10.500s][info][gc          ] GC(27) Pause Young (Mixed) (G1 Evacuation Pause) 126M->70M(156M) 13.527ms
[10.500s][info][gc,cpu      ] GC(27) User=0.05s Sys=0.02s Real=0.01s
[10.699s][info][gc,start    ] GC(28) Pause Young (Concurrent Start) (G1 Evacuation Pause)
[10.699s][info][gc,task     ] GC(28) Using 8 workers of 8 for evacuation
[10.707s][info][gc,phases   ] GC(28)   Pre Evacuate Collection Set: 0.4ms
[10.707s][info][gc,phases   ] GC(28)   Merge Heap Roots: 0.1ms
[10.707s][info][gc,phases   ] GC(28)   Evacuate Collection Set: 5.6ms
[10.707s][info][gc,phases   ] GC(28)   Post Evacuate Collection Set: 0.7ms
[10.707s][info][gc,phases   ] GC(28)   Other: 0.3ms
[10.707s][info][gc,heap     ] GC(28) Eden regions: 31->0(30)
[10.707s][info][gc,heap     ] GC(28) Survivor regions: 6->2(5)
[10.707s][info][gc,heap     ] GC(28) Old regions: 30->36
[10.707s][info][gc,heap     ] GC(28) Humongous regions: 0->0
[10.707s][info][gc,metaspace] GC(28) Metaspace: 84039K(84736K)->84039K(84736K) NonClass: 72016K(72384K)->72016K(72384K) Class: 12022K(12352K)->12022K(12352K)
[10.707s][info][gc          ] GC(28) Pause Young (Concurrent Start) (G1 Evacuation Pause) 132M->74M(156M) 7.531ms
[10.707s][info][gc,cpu      ] GC(28) User=0.00s Sys=0.00s Real=0.01s
[10.707s][info][gc          ] GC(29) Concurrent Mark Cycle
[10.707s][info][gc,marking  ] GC(29) Concurrent Scan Root Regions
[10.712s][info][gc,marking  ] GC(29) Concurrent Scan Root Regions 5.259ms
[10.712s][info][gc,marking  ] GC(29) Concurrent Mark
[10.712s][info][gc,marking  ] GC(29) Concurrent Mark From Roots
[10.712s][info][gc,task     ] GC(29) Using 2 workers of 2 for marking
[10.755s][info][gc,marking  ] GC(29) Concurrent Mark From Roots 42.510ms
[10.755s][info][gc,marking  ] GC(29) Concurrent Preclean
[10.755s][info][gc,marking  ] GC(29) Concurrent Preclean 0.245ms
[10.755s][info][gc,start    ] GC(29) Pause Remark
[10.759s][info][gc          ] GC(29) Pause Remark 79M->79M(156M) 4.027ms
[10.759s][info][gc,cpu      ] GC(29) User=0.00s Sys=0.00s Real=0.00s
[10.760s][info][gc,marking  ] GC(29) Concurrent Mark 47.404ms
[10.760s][info][gc,marking  ] GC(29) Concurrent Rebuild Remembered Sets and Scrub Regions
[10.783s][info][gc,marking  ] GC(29) Concurrent Rebuild Remembered Sets and Scrub Regions 23.126ms
[10.783s][info][gc,start    ] GC(29) Pause Cleanup
[10.783s][info][gc          ] GC(29) Pause Cleanup 87M->87M(156M) 0.249ms
[10.783s][info][gc,cpu      ] GC(29) User=0.00s Sys=0.00s Real=0.00s
[10.783s][info][gc,marking  ] GC(29) Concurrent Clear Claimed Marks
[10.784s][info][gc,marking  ] GC(29) Concurrent Clear Claimed Marks 0.095ms
[10.784s][info][gc,marking  ] GC(29) Concurrent Cleanup for Next Mark
[10.784s][info][gc,marking  ] GC(29) Concurrent Cleanup for Next Mark 0.464ms
[10.784s][info][gc          ] GC(29) Concurrent Mark Cycle 77.252ms
[10.855s][info][gc,start    ] GC(30) Pause Young (Prepare Mixed) (G1 Evacuation Pause)
[10.855s][info][gc,task     ] GC(30) Using 8 workers of 8 for evacuation
[10.862s][info][gc,phases   ] GC(30)   Pre Evacuate Collection Set: 0.2ms
[10.862s][info][gc,phases   ] GC(30)   Merge Heap Roots: 0.1ms
[10.862s][info][gc,phases   ] GC(30)   Evacuate Collection Set: 5.9ms
[10.862s][info][gc,phases   ] GC(30)   Post Evacuate Collection Set: 0.7ms
[10.862s][info][gc,phases   ] GC(30)   Other: 0.1ms
[10.862s][info][gc,heap     ] GC(30) Eden regions: 30->0(26)
[10.862s][info][gc,heap     ] GC(30) Survivor regions: 2->4(4)
[10.862s][info][gc,heap     ] GC(30) Old regions: 36->38
[10.862s][info][gc,heap     ] GC(30) Humongous regions: 0->0
[10.862s][info][gc,metaspace] GC(30) Metaspace: 84066K(84800K)->84066K(84800K) NonClass: 72042K(72448K)->72042K(72448K) Class: 12024K(12352K)->12024K(12352K)
[10.862s][info][gc          ] GC(30) Pause Young (Prepare Mixed) (G1 Evacuation Pause) 134M->82M(156M) 7.248ms
[10.862s][info][gc,cpu      ] GC(30) User=0.00s Sys=0.00s Real=0.01s
[11.143s][info][gc,start    ] GC(31) Pause Young (Mixed) (G1 Evacuation Pause)
[11.143s][info][gc,task     ] GC(31) Using 8 workers of 8 for evacuation
[11.158s][info][gc,phases   ] GC(31)   Pre Evacuate Collection Set: 0.3ms
[11.158s][info][gc,phases   ] GC(31)   Merge Heap Roots: 0.1ms
[11.158s][info][gc,phases   ] GC(31)   Evacuate Collection Set: 13.4ms
[11.158s][info][gc,phases   ] GC(31)   Post Evacuate Collection Set: 0.7ms
[11.158s][info][gc,phases   ] GC(31)   Other: 0.1ms
[11.158s][info][gc,heap     ] GC(31) Eden regions: 26->0(20)
[11.158s][info][gc,heap     ] GC(31) Survivor regions: 4->4(4)
[11.158s][info][gc,heap     ] GC(31) Old regions: 38->45
[11.158s][info][gc,heap     ] GC(31) Humongous regions: 0->0
[11.158s][info][gc,metaspace] GC(31) Metaspace: 85099K(85824K)->85099K(85824K) NonClass: 72955K(73344K)->72955K(73344K) Class: 12143K(12480K)->12143K(12480K)
[11.158s][info][gc          ] GC(31) Pause Young (Mixed) (G1 Evacuation Pause) 134M->96M(160M) 14.855ms
[11.158s][info][gc,cpu      ] GC(31) User=0.06s Sys=0.00s Real=0.02s
[24.582s][info][gc,start    ] GC(32) Pause Young (Concurrent Start) (G1 Evacuation Pause)
[24.582s][info][gc,task     ] GC(32) Using 8 workers of 8 for evacuation
[24.600s][info][gc,phases   ] GC(32)   Pre Evacuate Collection Set: 0.2ms
[24.600s][info][gc,phases   ] GC(32)   Merge Heap Roots: 0.1ms
[24.600s][info][gc,phases   ] GC(32)   Evacuate Collection Set: 15.2ms
[24.600s][info][gc,phases   ] GC(32)   Post Evacuate Collection Set: 1.7ms
[24.600s][info][gc,phases   ] GC(32)   Other: 0.1ms
[24.600s][info][gc,heap     ] GC(32) Eden regions: 20->0(60)
[24.600s][info][gc,heap     ] GC(32) Survivor regions: 4->3(3)
[24.600s][info][gc,heap     ] GC(32) Old regions: 45->49
[24.600s][info][gc,heap     ] GC(32) Humongous regions: 0->0
[24.600s][info][gc,metaspace] GC(32) Metaspace: 88410K(89216K)->88410K(89216K) NonClass: 75888K(76352K)->75888K(76352K) Class: 12521K(12864K)->12521K(12864K)
[24.600s][info][gc          ] GC(32) Pause Young (Concurrent Start) (G1 Evacuation Pause) 136M->101M(276M) 17.836ms
[24.600s][info][gc          ] GC(33) Concurrent Mark Cycle
[24.600s][info][gc,cpu      ] GC(32) User=0.09s Sys=0.00s Real=0.02s
[24.600s][info][gc,marking  ] GC(33) Concurrent Scan Root Regions
[24.611s][info][gc,marking  ] GC(33) Concurrent Scan Root Regions 11.160ms
[24.611s][info][gc,marking  ] GC(33) Concurrent Mark
[24.611s][info][gc,marking  ] GC(33) Concurrent Mark From Roots
[24.611s][info][gc,task     ] GC(33) Using 2 workers of 2 for marking
[24.746s][info][gc,marking  ] GC(33) Concurrent Mark From Roots 134.706ms
[24.746s][info][gc,marking  ] GC(33) Concurrent Preclean
[24.746s][info][gc,marking  ] GC(33) Concurrent Preclean 0.366ms
[24.747s][info][gc,start    ] GC(33) Pause Remark
[24.755s][info][gc          ] GC(33) Pause Remark 110M->110M(276M) 8.786ms
[24.756s][info][gc,cpu      ] GC(33) User=0.00s Sys=0.00s Real=0.01s
[24.756s][info][gc,marking  ] GC(33) Concurrent Mark 144.477ms
[24.756s][info][gc,marking  ] GC(33) Concurrent Rebuild Remembered Sets and Scrub Regions
[24.818s][info][gc,marking  ] GC(33) Concurrent Rebuild Remembered Sets and Scrub Regions 61.965ms
[24.818s][info][gc,start    ] GC(33) Pause Cleanup
[24.818s][info][gc          ] GC(33) Pause Cleanup 112M->112M(276M) 0.300ms
[24.818s][info][gc,cpu      ] GC(33) User=0.00s Sys=0.00s Real=0.00s
[24.818s][info][gc,marking  ] GC(33) Concurrent Clear Claimed Marks
[24.819s][info][gc,marking  ] GC(33) Concurrent Clear Claimed Marks 0.176ms
[24.819s][info][gc,marking  ] GC(33) Concurrent Cleanup for Next Mark
[24.820s][info][gc,marking  ] GC(33) Concurrent Cleanup for Next Mark 1.683ms
[24.820s][info][gc          ] GC(33) Concurrent Mark Cycle 220.500ms
[26.717s][info][gc,start    ] GC(34) Pause Young (Prepare Mixed) (G1 Evacuation Pause)
[26.717s][info][gc,task     ] GC(34) Using 8 workers of 8 for evacuation
[26.724s][info][gc,phases   ] GC(34)   Pre Evacuate Collection Set: 0.2ms
[26.724s][info][gc,phases   ] GC(34)   Merge Heap Roots: 0.1ms
[26.725s][info][gc,phases   ] GC(34)   Evacuate Collection Set: 6.3ms
[26.725s][info][gc,phases   ] GC(34)   Post Evacuate Collection Set: 0.8ms
[26.725s][info][gc,phases   ] GC(34)   Other: 0.2ms
[26.725s][info][gc,heap     ] GC(34) Eden regions: 60->0(68)
[26.725s][info][gc,heap     ] GC(34) Survivor regions: 3->4(8)
[26.725s][info][gc,heap     ] GC(34) Old regions: 49->49
[26.725s][info][gc,heap     ] GC(34) Humongous regions: 0->0
[26.725s][info][gc,metaspace] GC(34) Metaspace: 90894K(91776K)->90894K(91776K) NonClass: 77990K(78464K)->77990K(78464K) Class: 12904K(13312K)->12904K(13312K)
[26.725s][info][gc          ] GC(34) Pause Young (Prepare Mixed) (G1 Evacuation Pause) 221M->103M(276M) 8.096ms
[26.725s][info][gc,cpu      ] GC(34) User=0.00s Sys=0.00s Real=0.01s
[30.964s][info][gc,start    ] GC(35) Pause Young (Mixed) (GCLocker Initiated GC)
[30.964s][info][gc,task     ] GC(35) Using 8 workers of 8 for evacuation
[30.981s][info][gc,phases   ] GC(35)   Pre Evacuate Collection Set: 0.2ms
[30.981s][info][gc,phases   ] GC(35)   Merge Heap Roots: 0.1ms
[30.981s][info][gc,phases   ] GC(35)   Evacuate Collection Set: 14.2ms
[30.981s][info][gc,phases   ] GC(35)   Post Evacuate Collection Set: 1.5ms
[30.981s][info][gc,phases   ] GC(35)   Other: 0.2ms
[30.981s][info][gc,heap     ] GC(35) Eden regions: 68->0(72)
[30.981s][info][gc,heap     ] GC(35) Survivor regions: 4->6(9)
[30.981s][info][gc,heap     ] GC(35) Old regions: 49->42
[30.981s][info][gc,heap     ] GC(35) Humongous regions: 0->0
[30.981s][info][gc,metaspace] GC(35) Metaspace: 96473K(97472K)->96473K(97472K) NonClass: 82679K(83200K)->82679K(83200K) Class: 13794K(14272K)->13794K(14272K)
[30.981s][info][gc          ] GC(35) Pause Young (Mixed) (GCLocker Initiated GC) 239M->94M(276M) 16.712ms
[30.981s][info][gc,cpu      ] GC(35) User=0.12s Sys=0.00s Real=0.02s
[176.895s][info][gc,heap,exit] Heap
[176.895s][info][gc,heap,exit]  garbage-first heap   total 282624K, used 209321K [0x0000000704000000, 0x0000000800000000)
[176.895s][info][gc,heap,exit]   region size 2048K, 61 young (124928K), 6 survivors (12288K)
[176.895s][info][gc,heap,exit]  Metaspace       used 107961K, committed 109120K, reserved 1179648K
[176.895s][info][gc,heap,exit]   class space    used 15410K, committed 15936K, reserved 1048576K
