[0.012s][info][gc,init] CardTable entry size: 512
[0.013s][info][gc     ] Using G1
[0.015s][info][gc,init] Version: 21.0.5+11-LTS (release)
[0.015s][info][gc,init] CPUs: 8 total, 8 available
[0.015s][info][gc,init] Memory: 16122M
[0.015s][info][gc,init] Large Page Support: Disabled
[0.015s][info][gc,init] NUMA Support: Disabled
[0.015s][info][gc,init] Compressed Oops: Enabled (Zero based)
[0.016s][info][gc,init] Heap Region Size: 2M
[0.016s][info][gc,init] Heap Min Capacity: 8M
[0.016s][info][gc,init] Heap Initial Capacity: 252M
[0.016s][info][gc,init] Heap Max Capacity: 4032M
[0.016s][info][gc,init] Pre-touch: Disabled
[0.016s][info][gc,init] Parallel Workers: 8
[0.016s][info][gc,init] Concurrent Workers: 2
[0.016s][info][gc,init] Concurrent Refinement Workers: 8
[0.016s][info][gc,init] Periodic GC: Disabled
[0.026s][info][gc,metaspace] CDS archive(s) mapped at: [0x0000027721000000-0x0000027721c80000-0x0000027721c80000), size 13107200, SharedBaseAddress: 0x0000027721000000, ArchiveRelocationMode: 1.
[0.027s][info][gc,metaspace] Compressed class space mapped at: 0x0000027722000000-0x0000027762000000, reserved size: 1073741824
[0.027s][info][gc,metaspace] Narrow klass base: 0x0000027721000000, Narrow klass shift: 0, Narrow klass range: 0x100000000
[0.406s][info][gc,start    ] GC(0) Pause Young (Normal) (G1 Evacuation Pause)
[0.407s][info][gc,task     ] GC(0) Using 6 workers of 8 for evacuation
[0.411s][info][gc,phases   ] GC(0)   Pre Evacuate Collection Set: 0.2ms
[0.411s][info][gc,phases   ] GC(0)   Merge Heap Roots: 0.1ms
[0.411s][info][gc,phases   ] GC(0)   Evacuate Collection Set: 3.3ms
[0.411s][info][gc,phases   ] GC(0)   Post Evacuate Collection Set: 0.5ms
[0.411s][info][gc,phases   ] GC(0)   Other: 0.4ms
[0.411s][info][gc,heap     ] GC(0) Eden regions: 11->0(10)
[0.411s][info][gc,heap     ] GC(0) Survivor regions: 0->2(2)
[0.411s][info][gc,heap     ] GC(0) Old regions: 0->3
[0.411s][info][gc,heap     ] GC(0) Humongous regions: 0->0
[0.411s][info][gc,metaspace] GC(0) Metaspace: 2398K(2560K)->2398K(2560K) NonClass: 2092K(2176K)->2092K(2176K) Class: 305K(384K)->305K(384K)
[0.411s][info][gc          ] GC(0) Pause Young (Normal) (G1 Evacuation Pause) 22M->9M(252M) 4.793ms
[0.411s][info][gc,cpu      ] GC(0) User=0.00s Sys=0.00s Real=0.00s
[0.693s][info][gc,start    ] GC(1) Pause Young (Normal) (G1 Evacuation Pause)
[0.693s][info][gc,task     ] GC(1) Using 6 workers of 8 for evacuation
[0.697s][info][gc,phases   ] GC(1)   Pre Evacuate Collection Set: 0.1ms
[0.697s][info][gc,phases   ] GC(1)   Merge Heap Roots: 0.1ms
[0.697s][info][gc,phases   ] GC(1)   Evacuate Collection Set: 2.5ms
[0.697s][info][gc,phases   ] GC(1)   Post Evacuate Collection Set: 0.6ms
[0.697s][info][gc,phases   ] GC(1)   Other: 0.4ms
[0.697s][info][gc,heap     ] GC(1) Eden regions: 10->0(29)
[0.697s][info][gc,heap     ] GC(1) Survivor regions: 2->2(2)
[0.697s][info][gc,heap     ] GC(1) Old regions: 3->5
[0.697s][info][gc,heap     ] GC(1) Humongous regions: 0->0
[0.697s][info][gc,metaspace] GC(1) Metaspace: 6906K(7104K)->6906K(7104K) NonClass: 6099K(6208K)->6099K(6208K) Class: 807K(896K)->807K(896K)
[0.697s][info][gc          ] GC(1) Pause Young (Normal) (G1 Evacuation Pause) 29M->11M(252M) 4.277ms
[0.697s][info][gc,cpu      ] GC(1) User=0.00s Sys=0.00s Real=0.00s
[0.793s][info][gc,start    ] GC(2) Pause Young (Concurrent Start) (GCLocker Initiated GC)
[0.793s][info][gc,task     ] GC(2) Using 6 workers of 8 for evacuation
[0.794s][info][gc,phases   ] GC(2)   Pre Evacuate Collection Set: 0.2ms
[0.794s][info][gc,phases   ] GC(2)   Merge Heap Roots: 0.1ms
[0.794s][info][gc,phases   ] GC(2)   Evacuate Collection Set: 1.1ms
[0.794s][info][gc,phases   ] GC(2)   Post Evacuate Collection Set: 0.2ms
[0.794s][info][gc,phases   ] GC(2)   Other: 0.1ms
[0.794s][info][gc,heap     ] GC(2) Eden regions: 4->0(62)
[0.794s][info][gc,heap     ] GC(2) Survivor regions: 2->2(4)
[0.795s][info][gc,heap     ] GC(2) Old regions: 5->5
[0.795s][info][gc,heap     ] GC(2) Humongous regions: 0->0
[0.795s][info][gc,metaspace] GC(2) Metaspace: 8653K(8896K)->8653K(8896K) NonClass: 7616K(7744K)->7616K(7744K) Class: 1037K(1152K)->1037K(1152K)
[0.795s][info][gc          ] GC(2) Pause Young (Concurrent Start) (GCLocker Initiated GC) 19M->12M(252M) 1.922ms
[0.795s][info][gc,cpu      ] GC(2) User=0.00s Sys=0.00s Real=0.00s
[0.795s][info][gc          ] GC(3) Concurrent Mark Cycle
[0.795s][info][gc,marking  ] GC(3) Concurrent Scan Root Regions
[0.796s][info][gc,marking  ] GC(3) Concurrent Scan Root Regions 1.596ms
[0.796s][info][gc,marking  ] GC(3) Concurrent Mark
[0.796s][info][gc,marking  ] GC(3) Concurrent Mark From Roots
[0.796s][info][gc,task     ] GC(3) Using 2 workers of 2 for marking
[0.799s][info][gc,marking  ] GC(3) Concurrent Mark From Roots 2.146ms
[0.799s][info][gc,marking  ] GC(3) Concurrent Preclean
[0.799s][info][gc,marking  ] GC(3) Concurrent Preclean 0.024ms
[0.799s][info][gc,start    ] GC(3) Pause Remark
[0.800s][info][gc          ] GC(3) Pause Remark 14M->14M(48M) 0.973ms
[0.800s][info][gc,cpu      ] GC(3) User=0.00s Sys=0.00s Real=0.00s
[0.800s][info][gc,marking  ] GC(3) Concurrent Mark 3.375ms
[0.800s][info][gc,marking  ] GC(3) Concurrent Rebuild Remembered Sets and Scrub Regions
[0.801s][info][gc,marking  ] GC(3) Concurrent Rebuild Remembered Sets and Scrub Regions 0.998ms
[0.801s][info][gc,start    ] GC(3) Pause Cleanup
[0.801s][info][gc          ] GC(3) Pause Cleanup 14M->14M(48M) 0.062ms
[0.801s][info][gc,cpu      ] GC(3) User=0.00s Sys=0.00s Real=0.00s
[0.801s][info][gc,marking  ] GC(3) Concurrent Clear Claimed Marks
[0.801s][info][gc,marking  ] GC(3) Concurrent Clear Claimed Marks 0.045ms
[0.801s][info][gc,marking  ] GC(3) Concurrent Cleanup for Next Mark
[0.801s][info][gc,marking  ] GC(3) Concurrent Cleanup for Next Mark 0.198ms
[0.801s][info][gc          ] GC(3) Concurrent Mark Cycle 6.671ms
[1.251s][info][gc,start    ] GC(4) Pause Young (Prepare Mixed) (G1 Evacuation Pause)
[1.251s][info][gc,task     ] GC(4) Using 4 workers of 8 for evacuation
[1.255s][info][gc,phases   ] GC(4)   Pre Evacuate Collection Set: 0.1ms
[1.255s][info][gc,phases   ] GC(4)   Merge Heap Roots: 0.0ms
[1.256s][info][gc,phases   ] GC(4)   Evacuate Collection Set: 3.8ms
[1.256s][info][gc,phases   ] GC(4)   Post Evacuate Collection Set: 0.3ms
[1.256s][info][gc,phases   ] GC(4)   Other: 0.1ms
[1.256s][info][gc,heap     ] GC(4) Eden regions: 17->0(11)
[1.256s][info][gc,heap     ] GC(4) Survivor regions: 2->3(8)
[1.256s][info][gc,heap     ] GC(4) Old regions: 5->5
[1.256s][info][gc,heap     ] GC(4) Humongous regions: 0->0
[1.256s][info][gc,metaspace] GC(4) Metaspace: 16260K(16640K)->16260K(16640K) NonClass: 14168K(14336K)->14168K(14336K) Class: 2092K(2304K)->2092K(2304K)
[1.256s][info][gc          ] GC(4) Pause Young (Prepare Mixed) (G1 Evacuation Pause) 46M->15M(54M) 4.614ms
[1.256s][info][gc,cpu      ] GC(4) User=0.05s Sys=0.02s Real=0.00s
[1.440s][info][gc,start    ] GC(5) Pause Young (Mixed) (Metadata GC Threshold)
[1.440s][info][gc,task     ] GC(5) Using 4 workers of 8 for evacuation
[1.445s][info][gc,phases   ] GC(5)   Pre Evacuate Collection Set: 0.1ms
[1.445s][info][gc,phases   ] GC(5)   Merge Heap Roots: 0.0ms
[1.445s][info][gc,phases   ] GC(5)   Evacuate Collection Set: 4.4ms
[1.445s][info][gc,phases   ] GC(5)   Post Evacuate Collection Set: 0.8ms
[1.445s][info][gc,phases   ] GC(5)   Other: 0.1ms
[1.445s][info][gc,heap     ] GC(5) Eden regions: 11->0(11)
[1.445s][info][gc,heap     ] GC(5) Survivor regions: 3->1(2)
[1.445s][info][gc,heap     ] GC(5) Old regions: 5->8
[1.445s][info][gc,heap     ] GC(5) Humongous regions: 0->0
[1.445s][info][gc,metaspace] GC(5) Metaspace: 21150K(21504K)->21150K(21504K) NonClass: 18452K(18624K)->18452K(18624K) Class: 2697K(2880K)->2697K(2880K)
[1.446s][info][gc          ] GC(5) Pause Young (Mixed) (Metadata GC Threshold) 35M->16M(54M) 5.721ms
[1.446s][info][gc,cpu      ] GC(5) User=0.05s Sys=0.02s Real=0.01s
[1.460s][info][gc,start    ] GC(6) Pause Young (Concurrent Start) (Metadata GC Threshold)
[1.460s][info][gc,task     ] GC(6) Using 4 workers of 8 for evacuation
[1.462s][info][gc,phases   ] GC(6)   Pre Evacuate Collection Set: 0.1ms
[1.462s][info][gc,phases   ] GC(6)   Merge Heap Roots: 0.0ms
[1.462s][info][gc,phases   ] GC(6)   Evacuate Collection Set: 1.2ms
[1.462s][info][gc,phases   ] GC(6)   Post Evacuate Collection Set: 0.6ms
[1.462s][info][gc,phases   ] GC(6)   Other: 0.1ms
[1.462s][info][gc,heap     ] GC(6) Eden regions: 2->0(45)
[1.462s][info][gc,heap     ] GC(6) Survivor regions: 1->1(2)
[1.462s][info][gc,heap     ] GC(6) Old regions: 8->8
[1.462s][info][gc,heap     ] GC(6) Humongous regions: 0->0
[1.462s][info][gc,metaspace] GC(6) Metaspace: 21481K(21824K)->21481K(21824K) NonClass: 18720K(18944K)->18720K(18944K) Class: 2760K(2880K)->2760K(2880K)
[1.462s][info][gc          ] GC(6) Pause Young (Concurrent Start) (Metadata GC Threshold) 19M->16M(154M) 2.386ms
[1.462s][info][gc          ] GC(7) Concurrent Mark Cycle
[1.462s][info][gc,cpu      ] GC(6) User=0.00s Sys=0.00s Real=0.00s
[1.462s][info][gc,marking  ] GC(7) Concurrent Scan Root Regions
[1.464s][info][gc,marking  ] GC(7) Concurrent Scan Root Regions 1.415ms
[1.464s][info][gc,marking  ] GC(7) Concurrent Mark
[1.464s][info][gc,marking  ] GC(7) Concurrent Mark From Roots
[1.464s][info][gc,task     ] GC(7) Using 2 workers of 2 for marking
[1.471s][info][gc,marking  ] GC(7) Concurrent Mark From Roots 7.541ms
[1.471s][info][gc,marking  ] GC(7) Concurrent Preclean
[1.471s][info][gc,marking  ] GC(7) Concurrent Preclean 0.033ms
[1.471s][info][gc,start    ] GC(7) Pause Remark
[1.474s][info][gc          ] GC(7) Pause Remark 17M->17M(60M) 2.612ms
[1.474s][info][gc,cpu      ] GC(7) User=0.00s Sys=0.00s Real=0.00s
[1.474s][info][gc,marking  ] GC(7) Concurrent Mark 10.430ms
[1.474s][info][gc,marking  ] GC(7) Concurrent Rebuild Remembered Sets and Scrub Regions
[1.477s][info][gc,marking  ] GC(7) Concurrent Rebuild Remembered Sets and Scrub Regions 3.220ms
[1.478s][info][gc,start    ] GC(7) Pause Cleanup
[1.478s][info][gc          ] GC(7) Pause Cleanup 17M->17M(60M) 0.107ms
[1.478s][info][gc,cpu      ] GC(7) User=0.00s Sys=0.00s Real=0.00s
[1.478s][info][gc,marking  ] GC(7) Concurrent Clear Claimed Marks
[1.478s][info][gc,marking  ] GC(7) Concurrent Clear Claimed Marks 0.053ms
[1.478s][info][gc,marking  ] GC(7) Concurrent Cleanup for Next Mark
[1.478s][info][gc,marking  ] GC(7) Concurrent Cleanup for Next Mark 0.206ms
[1.478s][info][gc          ] GC(7) Concurrent Mark Cycle 15.887ms
[1.814s][info][gc,start    ] GC(8) Pause Young (Prepare Mixed) (G1 Evacuation Pause)
[1.814s][info][gc,task     ] GC(8) Using 4 workers of 8 for evacuation
[1.819s][info][gc,phases   ] GC(8)   Pre Evacuate Collection Set: 0.1ms
[1.819s][info][gc,phases   ] GC(8)   Merge Heap Roots: 0.0ms
[1.819s][info][gc,phases   ] GC(8)   Evacuate Collection Set: 4.2ms
[1.819s][info][gc,phases   ] GC(8)   Post Evacuate Collection Set: 0.4ms
[1.819s][info][gc,phases   ] GC(8)   Other: 0.1ms
[1.819s][info][gc,heap     ] GC(8) Eden regions: 21->0(15)
[1.819s][info][gc,heap     ] GC(8) Survivor regions: 1->3(6)
[1.819s][info][gc,heap     ] GC(8) Old regions: 8->8
[1.819s][info][gc,heap     ] GC(8) Humongous regions: 0->0
[1.819s][info][gc,metaspace] GC(8) Metaspace: 27957K(28416K)->27957K(28416K) NonClass: 24273K(24512K)->24273K(24512K) Class: 3684K(3904K)->3684K(3904K)
[1.819s][info][gc          ] GC(8) Pause Young (Prepare Mixed) (G1 Evacuation Pause) 58M->20M(66M) 5.020ms
[1.819s][info][gc,cpu      ] GC(8) User=0.05s Sys=0.02s Real=0.00s
[2.125s][info][gc,start    ] GC(9) Pause Young (Mixed) (G1 Evacuation Pause)
[2.125s][info][gc,task     ] GC(9) Using 3 workers of 8 for evacuation
[2.133s][info][gc,phases   ] GC(9)   Pre Evacuate Collection Set: 0.1ms
[2.133s][info][gc,phases   ] GC(9)   Merge Heap Roots: 0.0ms
[2.133s][info][gc,phases   ] GC(9)   Evacuate Collection Set: 6.9ms
[2.133s][info][gc,phases   ] GC(9)   Post Evacuate Collection Set: 0.4ms
[2.133s][info][gc,phases   ] GC(9)   Other: 0.1ms
[2.133s][info][gc,heap     ] GC(9) Eden regions: 15->0(15)
[2.133s][info][gc,heap     ] GC(9) Survivor regions: 3->2(3)
[2.133s][info][gc,heap     ] GC(9) Old regions: 8->10
[2.133s][info][gc,heap     ] GC(9) Humongous regions: 0->0
[2.133s][info][gc,metaspace] GC(9) Metaspace: 30148K(30592K)->30148K(30592K) NonClass: 26184K(26432K)->26184K(26432K) Class: 3963K(4160K)->3963K(4160K)
[2.133s][info][gc          ] GC(9) Pause Young (Mixed) (G1 Evacuation Pause) 50M->22M(66M) 7.686ms
[2.133s][info][gc,cpu      ] GC(9) User=0.02s Sys=0.05s Real=0.01s
[2.515s][info][gc,start    ] GC(10) Pause Young (Normal) (G1 Evacuation Pause)
[2.515s][info][gc,task     ] GC(10) Using 2 workers of 8 for evacuation
[2.524s][info][gc,phases   ] GC(10)   Pre Evacuate Collection Set: 0.2ms
[2.524s][info][gc,phases   ] GC(10)   Merge Heap Roots: 0.1ms
[2.524s][info][gc,phases   ] GC(10)   Evacuate Collection Set: 7.4ms
[2.524s][info][gc,phases   ] GC(10)   Post Evacuate Collection Set: 0.3ms
[2.524s][info][gc,phases   ] GC(10)   Other: 0.1ms
[2.524s][info][gc,heap     ] GC(10) Eden regions: 15->0(14)
[2.524s][info][gc,heap     ] GC(10) Survivor regions: 2->3(3)
[2.524s][info][gc,heap     ] GC(10) Old regions: 10->10
[2.524s][info][gc,heap     ] GC(10) Humongous regions: 0->0
[2.524s][info][gc,metaspace] GC(10) Metaspace: 33314K(33728K)->33314K(33728K) NonClass: 28890K(29120K)->28890K(29120K) Class: 4423K(4608K)->4423K(4608K)
[2.524s][info][gc          ] GC(10) Pause Young (Normal) (G1 Evacuation Pause) 52M->25M(66M) 8.355ms
[2.524s][info][gc,cpu      ] GC(10) User=0.00s Sys=0.05s Real=0.01s
[2.890s][info][gc,start    ] GC(11) Pause Young (Normal) (G1 Evacuation Pause)
[2.890s][info][gc,task     ] GC(11) Using 2 workers of 8 for evacuation
[2.899s][info][gc,phases   ] GC(11)   Pre Evacuate Collection Set: 0.1ms
[2.899s][info][gc,phases   ] GC(11)   Merge Heap Roots: 0.0ms
[2.899s][info][gc,phases   ] GC(11)   Evacuate Collection Set: 8.4ms
[2.899s][info][gc,phases   ] GC(11)   Post Evacuate Collection Set: 0.7ms
[2.899s][info][gc,phases   ] GC(11)   Other: 0.1ms
[2.899s][info][gc,heap     ] GC(11) Eden regions: 14->0(19)
[2.899s][info][gc,heap     ] GC(11) Survivor regions: 3->3(3)
[2.899s][info][gc,heap     ] GC(11) Old regions: 10->12
[2.899s][info][gc,heap     ] GC(11) Humongous regions: 0->0
[2.899s][info][gc,metaspace] GC(11) Metaspace: 35558K(36032K)->35558K(36032K) NonClass: 30784K(31040K)->30784K(31040K) Class: 4774K(4992K)->4774K(4992K)
[2.900s][info][gc          ] GC(11) Pause Young (Normal) (G1 Evacuation Pause) 53M->27M(80M) 9.599ms
[2.900s][info][gc,cpu      ] GC(11) User=0.02s Sys=0.02s Real=0.01s
[2.988s][info][gc,start    ] GC(12) Pause Young (Concurrent Start) (Metadata GC Threshold)
[2.988s][info][gc,task     ] GC(12) Using 2 workers of 8 for evacuation
[2.994s][info][gc,phases   ] GC(12)   Pre Evacuate Collection Set: 0.3ms
[2.994s][info][gc,phases   ] GC(12)   Merge Heap Roots: 0.1ms
[2.994s][info][gc,phases   ] GC(12)   Evacuate Collection Set: 4.5ms
[2.994s][info][gc,phases   ] GC(12)   Post Evacuate Collection Set: 0.6ms
[2.994s][info][gc,phases   ] GC(12)   Other: 0.1ms
[2.994s][info][gc,heap     ] GC(12) Eden regions: 5->0(20)
[2.994s][info][gc,heap     ] GC(12) Survivor regions: 3->2(3)
[2.994s][info][gc,heap     ] GC(12) Old regions: 12->13
[2.994s][info][gc,heap     ] GC(12) Humongous regions: 0->0
[2.994s][info][gc,metaspace] GC(12) Metaspace: 36278K(36736K)->36278K(36736K) NonClass: 31396K(31680K)->31396K(31680K) Class: 4882K(5056K)->4882K(5056K)
[2.994s][info][gc          ] GC(12) Pause Young (Concurrent Start) (Metadata GC Threshold) 35M->27M(80M) 5.858ms
[2.994s][info][gc          ] GC(13) Concurrent Mark Cycle
[2.994s][info][gc,cpu      ] GC(12) User=0.02s Sys=0.02s Real=0.00s
[2.994s][info][gc,marking  ] GC(13) Concurrent Scan Root Regions
[2.996s][info][gc,marking  ] GC(13) Concurrent Scan Root Regions 2.159ms
[2.996s][info][gc,marking  ] GC(13) Concurrent Mark
[2.996s][info][gc,marking  ] GC(13) Concurrent Mark From Roots
[2.996s][info][gc,task     ] GC(13) Using 2 workers of 2 for marking
[3.008s][info][gc,marking  ] GC(13) Concurrent Mark From Roots 11.739ms
[3.008s][info][gc,marking  ] GC(13) Concurrent Preclean
[3.008s][info][gc,marking  ] GC(13) Concurrent Preclean 0.121ms
[3.008s][info][gc,start    ] GC(13) Pause Remark
[3.012s][info][gc          ] GC(13) Pause Remark 28M->28M(80M) 3.585ms
[3.012s][info][gc,cpu      ] GC(13) User=0.00s Sys=0.00s Real=0.00s
[3.012s][info][gc,marking  ] GC(13) Concurrent Mark 15.698ms
[3.012s][info][gc,marking  ] GC(13) Concurrent Rebuild Remembered Sets and Scrub Regions
[3.017s][info][gc,marking  ] GC(13) Concurrent Rebuild Remembered Sets and Scrub Regions 5.563ms
[3.017s][info][gc,start    ] GC(13) Pause Cleanup
[3.018s][info][gc          ] GC(13) Pause Cleanup 29M->29M(80M) 0.122ms
[3.018s][info][gc,cpu      ] GC(13) User=0.00s Sys=0.00s Real=0.00s
[3.018s][info][gc,marking  ] GC(13) Concurrent Clear Claimed Marks
[3.018s][info][gc,marking  ] GC(13) Concurrent Clear Claimed Marks 0.058ms
[3.018s][info][gc,marking  ] GC(13) Concurrent Cleanup for Next Mark
[3.018s][info][gc,marking  ] GC(13) Concurrent Cleanup for Next Mark 0.222ms
[3.018s][info][gc          ] GC(13) Concurrent Mark Cycle 24.177ms
[3.550s][info][gc,start    ] GC(14) Pause Young (Prepare Mixed) (G1 Evacuation Pause)
[3.550s][info][gc,task     ] GC(14) Using 2 workers of 8 for evacuation
[3.557s][info][gc,phases   ] GC(14)   Pre Evacuate Collection Set: 0.3ms
[3.557s][info][gc,phases   ] GC(14)   Merge Heap Roots: 0.2ms
[3.557s][info][gc,phases   ] GC(14)   Evacuate Collection Set: 6.0ms
[3.557s][info][gc,phases   ] GC(14)   Post Evacuate Collection Set: 0.8ms
[3.557s][info][gc,phases   ] GC(14)   Other: 0.1ms
[3.557s][info][gc,heap     ] GC(14) Eden regions: 20->0(19)
[3.557s][info][gc,heap     ] GC(14) Survivor regions: 2->3(3)
[3.557s][info][gc,heap     ] GC(14) Old regions: 13->13
[3.557s][info][gc,heap     ] GC(14) Humongous regions: 0->0
[3.557s][info][gc,metaspace] GC(14) Metaspace: 42289K(42880K)->42289K(42880K) NonClass: 36595K(36928K)->36595K(36928K) Class: 5693K(5952K)->5693K(5952K)
[3.557s][info][gc          ] GC(14) Pause Young (Prepare Mixed) (G1 Evacuation Pause) 67M->30M(80M) 7.548ms
[3.557s][info][gc,cpu      ] GC(14) User=0.03s Sys=0.00s Real=0.01s
[3.978s][info][gc,start    ] GC(15) Pause Young (Mixed) (G1 Evacuation Pause)
[3.978s][info][gc,task     ] GC(15) Using 8 workers of 8 for evacuation
[3.983s][info][gc,phases   ] GC(15)   Pre Evacuate Collection Set: 0.2ms
[3.983s][info][gc,phases   ] GC(15)   Merge Heap Roots: 0.1ms
[3.983s][info][gc,phases   ] GC(15)   Evacuate Collection Set: 4.3ms
[3.983s][info][gc,phases   ] GC(15)   Post Evacuate Collection Set: 0.7ms
[3.983s][info][gc,phases   ] GC(15)   Other: 0.1ms
[3.983s][info][gc,heap     ] GC(15) Eden regions: 19->0(18)
[3.983s][info][gc,heap     ] GC(15) Survivor regions: 3->3(3)
[3.983s][info][gc,heap     ] GC(15) Old regions: 13->14
[3.983s][info][gc,heap     ] GC(15) Humongous regions: 0->0
[3.983s][info][gc,metaspace] GC(15) Metaspace: 45612K(46336K)->45612K(46336K) NonClass: 39477K(39872K)->39477K(39872K) Class: 6135K(6464K)->6135K(6464K)
[3.983s][info][gc          ] GC(15) Pause Young (Mixed) (G1 Evacuation Pause) 68M->31M(80M) 5.579ms
[3.983s][info][gc,cpu      ] GC(15) User=0.00s Sys=0.00s Real=0.01s
[4.536s][info][gc,start    ] GC(16) Pause Young (Normal) (G1 Evacuation Pause)
[4.537s][info][gc,task     ] GC(16) Using 8 workers of 8 for evacuation
[4.541s][info][gc,phases   ] GC(16)   Pre Evacuate Collection Set: 0.4ms
[4.541s][info][gc,phases   ] GC(16)   Merge Heap Roots: 0.2ms
[4.541s][info][gc,phases   ] GC(16)   Evacuate Collection Set: 3.2ms
[4.541s][info][gc,phases   ] GC(16)   Post Evacuate Collection Set: 0.8ms
[4.541s][info][gc,phases   ] GC(16)   Other: 0.1ms
[4.541s][info][gc,heap     ] GC(16) Eden regions: 18->0(24)
[4.541s][info][gc,heap     ] GC(16) Survivor regions: 3->3(3)
[4.541s][info][gc,heap     ] GC(16) Old regions: 14->15
[4.541s][info][gc,heap     ] GC(16) Humongous regions: 0->0
[4.541s][info][gc,metaspace] GC(16) Metaspace: 56270K(56896K)->56270K(56896K) NonClass: 48629K(48960K)->48629K(48960K) Class: 7641K(7936K)->7641K(7936K)
[4.541s][info][gc          ] GC(16) Pause Young (Normal) (G1 Evacuation Pause) 67M->34M(96M) 4.704ms
[4.541s][info][gc,cpu      ] GC(16) User=0.00s Sys=0.00s Real=0.00s
[4.851s][info][gc,start    ] GC(17) Pause Young (Concurrent Start) (Metadata GC Threshold)
[4.851s][info][gc,task     ] GC(17) Using 8 workers of 8 for evacuation
[4.855s][info][gc,phases   ] GC(17)   Pre Evacuate Collection Set: 0.1ms
[4.855s][info][gc,phases   ] GC(17)   Merge Heap Roots: 0.1ms
[4.855s][info][gc,phases   ] GC(17)   Evacuate Collection Set: 3.0ms
[4.855s][info][gc,phases   ] GC(17)   Post Evacuate Collection Set: 0.4ms
[4.855s][info][gc,phases   ] GC(17)   Other: 0.1ms
[4.855s][info][gc,heap     ] GC(17) Eden regions: 11->0(23)
[4.855s][info][gc,heap     ] GC(17) Survivor regions: 3->3(4)
[4.855s][info][gc,heap     ] GC(17) Old regions: 15->16
[4.855s][info][gc,heap     ] GC(17) Humongous regions: 0->0
[4.855s][info][gc,metaspace] GC(17) Metaspace: 60970K(61568K)->60970K(61568K) NonClass: 52692K(52992K)->52692K(52992K) Class: 8277K(8576K)->8277K(8576K)
[4.855s][info][gc          ] GC(17) Pause Young (Concurrent Start) (Metadata GC Threshold) 55M->36M(96M) 3.937ms
[4.855s][info][gc          ] GC(18) Concurrent Mark Cycle
[4.855s][info][gc,cpu      ] GC(17) User=0.00s Sys=0.00s Real=0.00s
[4.855s][info][gc,marking  ] GC(18) Concurrent Scan Root Regions
[4.858s][info][gc,marking  ] GC(18) Concurrent Scan Root Regions 2.950ms
[4.858s][info][gc,marking  ] GC(18) Concurrent Mark
[4.858s][info][gc,marking  ] GC(18) Concurrent Mark From Roots
[4.858s][info][gc,task     ] GC(18) Using 2 workers of 2 for marking
[4.877s][info][gc,marking  ] GC(18) Concurrent Mark From Roots 19.029ms
[4.877s][info][gc,marking  ] GC(18) Concurrent Preclean
[4.877s][info][gc,marking  ] GC(18) Concurrent Preclean 0.129ms
[4.877s][info][gc,start    ] GC(18) Pause Remark
[4.882s][info][gc          ] GC(18) Pause Remark 37M->37M(96M) 4.518ms
[4.882s][info][gc,cpu      ] GC(18) User=0.03s Sys=0.00s Real=0.00s
[4.882s][info][gc,marking  ] GC(18) Concurrent Mark 23.952ms
[4.882s][info][gc,marking  ] GC(18) Concurrent Rebuild Remembered Sets and Scrub Regions
[4.890s][info][gc,marking  ] GC(18) Concurrent Rebuild Remembered Sets and Scrub Regions 8.552ms
[4.891s][info][gc,start    ] GC(18) Pause Cleanup
[4.891s][info][gc          ] GC(18) Pause Cleanup 38M->38M(96M) 0.270ms
[4.891s][info][gc,cpu      ] GC(18) User=0.00s Sys=0.00s Real=0.00s
[4.891s][info][gc,marking  ] GC(18) Concurrent Clear Claimed Marks
[4.891s][info][gc,marking  ] GC(18) Concurrent Clear Claimed Marks 0.072ms
[4.891s][info][gc,marking  ] GC(18) Concurrent Cleanup for Next Mark
[4.891s][info][gc,marking  ] GC(18) Concurrent Cleanup for Next Mark 0.248ms
[4.891s][info][gc          ] GC(18) Concurrent Mark Cycle 36.658ms
[5.383s][info][gc,start    ] GC(19) Pause Young (Prepare Mixed) (G1 Evacuation Pause)
[5.383s][info][gc,task     ] GC(19) Using 8 workers of 8 for evacuation
[5.386s][info][gc,phases   ] GC(19)   Pre Evacuate Collection Set: 0.1ms
[5.386s][info][gc,phases   ] GC(19)   Merge Heap Roots: 0.0ms
[5.386s][info][gc,phases   ] GC(19)   Evacuate Collection Set: 2.6ms
[5.386s][info][gc,phases   ] GC(19)   Post Evacuate Collection Set: 0.4ms
[5.386s][info][gc,phases   ] GC(19)   Other: 0.1ms
[5.386s][info][gc,heap     ] GC(19) Eden regions: 23->0(23)
[5.386s][info][gc,heap     ] GC(19) Survivor regions: 3->3(4)
[5.386s][info][gc,heap     ] GC(19) Old regions: 16->16
[5.386s][info][gc,heap     ] GC(19) Humongous regions: 0->0
[5.386s][info][gc,metaspace] GC(19) Metaspace: 69094K(69760K)->69094K(69760K) NonClass: 59533K(59904K)->59533K(59904K) Class: 9560K(9856K)->9560K(9856K)
[5.386s][info][gc          ] GC(19) Pause Young (Prepare Mixed) (G1 Evacuation Pause) 82M->37M(96M) 3.330ms
[5.386s][info][gc,cpu      ] GC(19) User=0.00s Sys=0.00s Real=0.00s
[6.033s][info][gc,start    ] GC(20) Pause Young (Mixed) (G1 Evacuation Pause)
[6.033s][info][gc,task     ] GC(20) Using 8 workers of 8 for evacuation
[6.039s][info][gc,phases   ] GC(20)   Pre Evacuate Collection Set: 0.2ms
[6.040s][info][gc,phases   ] GC(20)   Merge Heap Roots: 0.1ms
[6.040s][info][gc,phases   ] GC(20)   Evacuate Collection Set: 5.4ms
[6.040s][info][gc,phases   ] GC(20)   Post Evacuate Collection Set: 0.7ms
[6.040s][info][gc,phases   ] GC(20)   Other: 0.1ms
[6.040s][info][gc,heap     ] GC(20) Eden regions: 23->0(20)
[6.040s][info][gc,heap     ] GC(20) Survivor regions: 3->4(4)
[6.040s][info][gc,heap     ] GC(20) Old regions: 16->17
[6.040s][info][gc,heap     ] GC(20) Humongous regions: 0->0
[6.040s][info][gc,metaspace] GC(20) Metaspace: 74535K(75328K)->74535K(75328K) NonClass: 64210K(64640K)->64210K(64640K) Class: 10325K(10688K)->10325K(10688K)
[6.040s][info][gc          ] GC(20) Pause Young (Mixed) (G1 Evacuation Pause) 83M->39M(96M) 6.708ms
[6.040s][info][gc,cpu      ] GC(20) User=0.06s Sys=0.05s Real=0.01s
[6.491s][info][gc,start    ] GC(21) Pause Young (Concurrent Start) (G1 Evacuation Pause)
[6.491s][info][gc,task     ] GC(21) Using 8 workers of 8 for evacuation
[6.495s][info][gc,phases   ] GC(21)   Pre Evacuate Collection Set: 0.1ms
[6.495s][info][gc,phases   ] GC(21)   Merge Heap Roots: 0.0ms
[6.495s][info][gc,phases   ] GC(21)   Evacuate Collection Set: 3.7ms
[6.495s][info][gc,phases   ] GC(21)   Post Evacuate Collection Set: 0.4ms
[6.495s][info][gc,phases   ] GC(21)   Other: 0.1ms
[6.495s][info][gc,heap     ] GC(21) Eden regions: 20->0(20)
[6.495s][info][gc,heap     ] GC(21) Survivor regions: 4->3(3)
[6.495s][info][gc,heap     ] GC(21) Old regions: 17->19
[6.495s][info][gc,heap     ] GC(21) Humongous regions: 0->0
[6.495s][info][gc,metaspace] GC(21) Metaspace: 79668K(80384K)->79668K(80384K) NonClass: 68485K(68864K)->68485K(68864K) Class: 11183K(11520K)->11183K(11520K)
[6.495s][info][gc          ] GC(21) Pause Young (Concurrent Start) (G1 Evacuation Pause) 79M->43M(96M) 4.539ms
[6.495s][info][gc          ] GC(22) Concurrent Mark Cycle
[6.495s][info][gc,cpu      ] GC(21) User=0.00s Sys=0.00s Real=0.00s
[6.495s][info][gc,marking  ] GC(22) Concurrent Scan Root Regions
[6.499s][info][gc,marking  ] GC(22) Concurrent Scan Root Regions 3.216ms
[6.499s][info][gc,marking  ] GC(22) Concurrent Mark
[6.499s][info][gc,marking  ] GC(22) Concurrent Mark From Roots
[6.499s][info][gc,task     ] GC(22) Using 2 workers of 2 for marking
[6.521s][info][gc,marking  ] GC(22) Concurrent Mark From Roots 22.486ms
[6.521s][info][gc,marking  ] GC(22) Concurrent Preclean
[6.521s][info][gc,marking  ] GC(22) Concurrent Preclean 0.131ms
[6.522s][info][gc,start    ] GC(22) Pause Remark
[6.527s][info][gc          ] GC(22) Pause Remark 54M->54M(96M) 5.021ms
[6.527s][info][gc,cpu      ] GC(22) User=0.00s Sys=0.00s Real=0.01s
[6.527s][info][gc,marking  ] GC(22) Concurrent Mark 28.031ms
[6.527s][info][gc,marking  ] GC(22) Concurrent Rebuild Remembered Sets and Scrub Regions
[6.535s][info][gc,marking  ] GC(22) Concurrent Rebuild Remembered Sets and Scrub Regions 8.576ms
[6.536s][info][gc,start    ] GC(22) Pause Cleanup
[6.536s][info][gc          ] GC(22) Pause Cleanup 58M->58M(96M) 0.220ms
[6.536s][info][gc,cpu      ] GC(22) User=0.00s Sys=0.00s Real=0.00s
[6.536s][info][gc,marking  ] GC(22) Concurrent Clear Claimed Marks
[6.536s][info][gc,marking  ] GC(22) Concurrent Clear Claimed Marks 0.077ms
[6.536s][info][gc,marking  ] GC(22) Concurrent Cleanup for Next Mark
[6.536s][info][gc,marking  ] GC(22) Concurrent Cleanup for Next Mark 0.156ms
[6.536s][info][gc          ] GC(22) Concurrent Mark Cycle 40.720ms
[6.681s][info][gc,start    ] GC(23) Pause Young (Prepare Mixed) (G1 Evacuation Pause)
[6.681s][info][gc,task     ] GC(23) Using 8 workers of 8 for evacuation
[6.685s][info][gc,phases   ] GC(23)   Pre Evacuate Collection Set: 0.3ms
[6.685s][info][gc,phases   ] GC(23)   Merge Heap Roots: 0.1ms
[6.685s][info][gc,phases   ] GC(23)   Evacuate Collection Set: 3.1ms
[6.685s][info][gc,phases   ] GC(23)   Post Evacuate Collection Set: 0.6ms
[6.685s][info][gc,phases   ] GC(23)   Other: 0.1ms
[6.685s][info][gc,heap     ] GC(23) Eden regions: 20->0(21)
[6.686s][info][gc,heap     ] GC(23) Survivor regions: 3->2(3)
[6.686s][info][gc,heap     ] GC(23) Old regions: 19->20
[6.686s][info][gc,heap     ] GC(23) Humongous regions: 0->0
[6.686s][info][gc,metaspace] GC(23) Metaspace: 81055K(81792K)->81055K(81792K) NonClass: 69495K(69888K)->69495K(69888K) Class: 11560K(11904K)->11560K(11904K)
[6.686s][info][gc          ] GC(23) Pause Young (Prepare Mixed) (G1 Evacuation Pause) 83M->43M(96M) 4.487ms
[6.686s][info][gc,cpu      ] GC(23) User=0.00s Sys=0.00s Real=0.01s
[6.757s][info][gc,start    ] GC(24) Pause Young (Mixed) (G1 Evacuation Pause)
[6.758s][info][gc,task     ] GC(24) Using 8 workers of 8 for evacuation
[6.763s][info][gc,phases   ] GC(24)   Pre Evacuate Collection Set: 0.3ms
[6.763s][info][gc,phases   ] GC(24)   Merge Heap Roots: 0.2ms
[6.763s][info][gc,phases   ] GC(24)   Evacuate Collection Set: 4.4ms
[6.763s][info][gc,phases   ] GC(24)   Post Evacuate Collection Set: 0.4ms
[6.763s][info][gc,phases   ] GC(24)   Other: 0.1ms
[6.763s][info][gc,heap     ] GC(24) Eden regions: 21->0(18)
[6.763s][info][gc,heap     ] GC(24) Survivor regions: 2->3(3)
[6.763s][info][gc,heap     ] GC(24) Old regions: 20->21
[6.763s][info][gc,heap     ] GC(24) Humongous regions: 0->0
[6.763s][info][gc,metaspace] GC(24) Metaspace: 81061K(81792K)->81061K(81792K) NonClass: 69501K(69888K)->69501K(69888K) Class: 11560K(11904K)->11560K(11904K)
[6.763s][info][gc          ] GC(24) Pause Young (Mixed) (G1 Evacuation Pause) 85M->47M(96M) 5.672ms
[6.763s][info][gc,cpu      ] GC(24) User=0.00s Sys=0.00s Real=0.01s
[6.829s][info][gc,start    ] GC(25) Pause Young (Concurrent Start) (G1 Evacuation Pause)
[6.830s][info][gc,task     ] GC(25) Using 8 workers of 8 for evacuation
[6.832s][info][gc,phases   ] GC(25)   Pre Evacuate Collection Set: 0.2ms
[6.832s][info][gc,phases   ] GC(25)   Merge Heap Roots: 0.2ms
[6.832s][info][gc,phases   ] GC(25)   Evacuate Collection Set: 1.3ms
[6.832s][info][gc,phases   ] GC(25)   Post Evacuate Collection Set: 0.5ms
[6.832s][info][gc,phases   ] GC(25)   Other: 0.2ms
[6.832s][info][gc,heap     ] GC(25) Eden regions: 18->0(36)
[6.832s][info][gc,heap     ] GC(25) Survivor regions: 3->1(3)
[6.832s][info][gc,heap     ] GC(25) Old regions: 21->22
[6.832s][info][gc,heap     ] GC(25) Humongous regions: 0->0
[6.832s][info][gc,metaspace] GC(25) Metaspace: 81065K(81792K)->81065K(81792K) NonClass: 69505K(69888K)->69505K(69888K) Class: 11560K(11904K)->11560K(11904K)
[6.832s][info][gc          ] GC(25) Pause Young (Concurrent Start) (G1 Evacuation Pause) 83M->45M(128M) 2.609ms
[6.832s][info][gc,cpu      ] GC(25) User=0.00s Sys=0.00s Real=0.00s
[6.832s][info][gc          ] GC(26) Concurrent Mark Cycle
[6.832s][info][gc,marking  ] GC(26) Concurrent Scan Root Regions
[6.834s][info][gc,marking  ] GC(26) Concurrent Scan Root Regions 1.698ms
[6.834s][info][gc,marking  ] GC(26) Concurrent Mark
[6.834s][info][gc,marking  ] GC(26) Concurrent Mark From Roots
[6.834s][info][gc,task     ] GC(26) Using 2 workers of 2 for marking
[6.861s][info][gc,marking  ] GC(26) Concurrent Mark From Roots 27.103ms
[6.861s][info][gc,marking  ] GC(26) Concurrent Preclean
[6.861s][info][gc,marking  ] GC(26) Concurrent Preclean 0.229ms
[6.861s][info][gc,start    ] GC(26) Pause Remark
[6.867s][info][gc          ] GC(26) Pause Remark 56M->56M(128M) 5.391ms
[6.867s][info][gc,cpu      ] GC(26) User=0.00s Sys=0.00s Real=0.01s
[6.867s][info][gc,marking  ] GC(26) Concurrent Mark 32.995ms
[6.867s][info][gc,marking  ] GC(26) Concurrent Rebuild Remembered Sets and Scrub Regions
[6.877s][info][gc,marking  ] GC(26) Concurrent Rebuild Remembered Sets and Scrub Regions 10.626ms
[6.878s][info][gc,start    ] GC(26) Pause Cleanup
[6.878s][info][gc          ] GC(26) Pause Cleanup 61M->61M(128M) 0.237ms
[6.878s][info][gc,cpu      ] GC(26) User=0.00s Sys=0.00s Real=0.00s
[6.878s][info][gc,marking  ] GC(26) Concurrent Clear Claimed Marks
[6.878s][info][gc,marking  ] GC(26) Concurrent Clear Claimed Marks 0.077ms
[6.878s][info][gc,marking  ] GC(26) Concurrent Cleanup for Next Mark
[6.878s][info][gc,marking  ] GC(26) Concurrent Cleanup for Next Mark 0.242ms
[6.878s][info][gc          ] GC(26) Concurrent Mark Cycle 46.353ms
[7.094s][info][gc,start    ] GC(27) Pause Young (Prepare Mixed) (G1 Evacuation Pause)
[7.094s][info][gc,task     ] GC(27) Using 8 workers of 8 for evacuation
[7.096s][info][gc,phases   ] GC(27)   Pre Evacuate Collection Set: 0.2ms
[7.096s][info][gc,phases   ] GC(27)   Merge Heap Roots: 0.0ms
[7.096s][info][gc,phases   ] GC(27)   Evacuate Collection Set: 1.0ms
[7.096s][info][gc,phases   ] GC(27)   Post Evacuate Collection Set: 0.2ms
[7.096s][info][gc,phases   ] GC(27)   Other: 0.1ms
[7.096s][info][gc,heap     ] GC(27) Eden regions: 36->0(36)
[7.096s][info][gc,heap     ] GC(27) Survivor regions: 1->1(5)
[7.096s][info][gc,heap     ] GC(27) Old regions: 22->22
[7.096s][info][gc,heap     ] GC(27) Humongous regions: 0->0
[7.096s][info][gc,metaspace] GC(27) Metaspace: 82768K(83456K)->82768K(83456K) NonClass: 70930K(71296K)->70930K(71296K) Class: 11838K(12160K)->11838K(12160K)
[7.096s][info][gc          ] GC(27) Pause Young (Prepare Mixed) (G1 Evacuation Pause) 117M->45M(128M) 1.788ms
[7.096s][info][gc,cpu      ] GC(27) User=0.00s Sys=0.00s Real=0.00s
[7.291s][info][gc,start    ] GC(28) Pause Young (Mixed) (G1 Evacuation Pause)
[7.291s][info][gc,task     ] GC(28) Using 8 workers of 8 for evacuation
[7.295s][info][gc,phases   ] GC(28)   Pre Evacuate Collection Set: 0.2ms
[7.295s][info][gc,phases   ] GC(28)   Merge Heap Roots: 0.2ms
[7.295s][info][gc,phases   ] GC(28)   Evacuate Collection Set: 3.0ms
[7.295s][info][gc,phases   ] GC(28)   Post Evacuate Collection Set: 0.4ms
[7.295s][info][gc,phases   ] GC(28)   Other: 0.1ms
[7.295s][info][gc,heap     ] GC(28) Eden regions: 36->0(34)
[7.295s][info][gc,heap     ] GC(28) Survivor regions: 1->2(5)
[7.295s][info][gc,heap     ] GC(28) Old regions: 22->22
[7.295s][info][gc,heap     ] GC(28) Humongous regions: 0->0
[7.295s][info][gc,metaspace] GC(28) Metaspace: 83028K(83776K)->83028K(83776K) NonClass: 71143K(71552K)->71143K(71552K) Class: 11884K(12224K)->11884K(12224K)
[7.295s][info][gc          ] GC(28) Pause Young (Mixed) (G1 Evacuation Pause) 117M->47M(128M) 4.137ms
[7.295s][info][gc,cpu      ] GC(28) User=0.00s Sys=0.00s Real=0.00s
[7.418s][info][gc,start    ] GC(29) Pause Young (Concurrent Start) (G1 Evacuation Pause)
[7.418s][info][gc,task     ] GC(29) Using 8 workers of 8 for evacuation
[7.421s][info][gc,phases   ] GC(29)   Pre Evacuate Collection Set: 0.2ms
[7.421s][info][gc,phases   ] GC(29)   Merge Heap Roots: 0.0ms
[7.421s][info][gc,phases   ] GC(29)   Evacuate Collection Set: 1.8ms
[7.421s][info][gc,phases   ] GC(29)   Post Evacuate Collection Set: 0.5ms
[7.421s][info][gc,phases   ] GC(29)   Other: 0.1ms
[7.421s][info][gc,heap     ] GC(29) Eden regions: 34->0(32)
[7.421s][info][gc,heap     ] GC(29) Survivor regions: 2->3(5)
[7.421s][info][gc,heap     ] GC(29) Old regions: 22->22
[7.421s][info][gc,heap     ] GC(29) Humongous regions: 0->0
[7.421s][info][gc,metaspace] GC(29) Metaspace: 83029K(83776K)->83029K(83776K) NonClass: 71145K(71552K)->71145K(71552K) Class: 11884K(12224K)->11884K(12224K)
[7.421s][info][gc          ] GC(29) Pause Young (Concurrent Start) (G1 Evacuation Pause) 115M->48M(128M) 2.882ms
[7.421s][info][gc          ] GC(30) Concurrent Mark Cycle
[7.421s][info][gc,cpu      ] GC(29) User=0.00s Sys=0.00s Real=0.00s
[7.421s][info][gc,marking  ] GC(30) Concurrent Scan Root Regions
[7.423s][info][gc,marking  ] GC(30) Concurrent Scan Root Regions 2.465ms
[7.423s][info][gc,marking  ] GC(30) Concurrent Mark
[7.423s][info][gc,marking  ] GC(30) Concurrent Mark From Roots
[7.423s][info][gc,task     ] GC(30) Using 2 workers of 2 for marking
[7.459s][info][gc,marking  ] GC(30) Concurrent Mark From Roots 35.477ms
[7.459s][info][gc,marking  ] GC(30) Concurrent Preclean
[7.459s][info][gc,marking  ] GC(30) Concurrent Preclean 0.287ms
[7.459s][info][gc,start    ] GC(30) Pause Remark
[7.464s][info][gc          ] GC(30) Pause Remark 62M->62M(128M) 4.504ms
[7.464s][info][gc,cpu      ] GC(30) User=0.00s Sys=0.00s Real=0.00s
[7.464s][info][gc,marking  ] GC(30) Concurrent Mark 40.529ms
[7.464s][info][gc,marking  ] GC(30) Concurrent Rebuild Remembered Sets and Scrub Regions
[7.478s][info][gc,marking  ] GC(30) Concurrent Rebuild Remembered Sets and Scrub Regions 14.368ms
[7.478s][info][gc,start    ] GC(30) Pause Cleanup
[7.479s][info][gc          ] GC(30) Pause Cleanup 63M->63M(128M) 0.115ms
[7.479s][info][gc,cpu      ] GC(30) User=0.00s Sys=0.00s Real=0.00s
[7.479s][info][gc,marking  ] GC(30) Concurrent Clear Claimed Marks
[7.479s][info][gc,marking  ] GC(30) Concurrent Clear Claimed Marks 0.087ms
[7.479s][info][gc,marking  ] GC(30) Concurrent Cleanup for Next Mark
[7.479s][info][gc,marking  ] GC(30) Concurrent Cleanup for Next Mark 0.246ms
[7.479s][info][gc          ] GC(30) Concurrent Mark Cycle 58.187ms
[7.632s][info][gc,start    ] GC(31) Pause Young (Prepare Mixed) (G1 Evacuation Pause)
[7.632s][info][gc,task     ] GC(31) Using 8 workers of 8 for evacuation
[7.637s][info][gc,phases   ] GC(31)   Pre Evacuate Collection Set: 0.3ms
[7.637s][info][gc,phases   ] GC(31)   Merge Heap Roots: 0.1ms
[7.637s][info][gc,phases   ] GC(31)   Evacuate Collection Set: 3.3ms
[7.637s][info][gc,phases   ] GC(31)   Post Evacuate Collection Set: 0.4ms
[7.637s][info][gc,phases   ] GC(31)   Other: 0.1ms
[7.637s][info][gc,heap     ] GC(31) Eden regions: 32->0(28)
[7.637s][info][gc,heap     ] GC(31) Survivor regions: 3->5(5)
[7.637s][info][gc,heap     ] GC(31) Old regions: 22->22
[7.637s][info][gc,heap     ] GC(31) Humongous regions: 0->0
[7.637s][info][gc,metaspace] GC(31) Metaspace: 83150K(83904K)->83150K(83904K) NonClass: 71251K(71680K)->71251K(71680K) Class: 11899K(12224K)->11899K(12224K)
[7.637s][info][gc          ] GC(31) Pause Young (Prepare Mixed) (G1 Evacuation Pause) 112M->52M(128M) 4.493ms
[7.637s][info][gc,cpu      ] GC(31) User=0.00s Sys=0.00s Real=0.00s
[7.819s][info][gc,start    ] GC(32) Pause Young (Mixed) (G1 Evacuation Pause)
[7.820s][info][gc,task     ] GC(32) Using 8 workers of 8 for evacuation
[7.828s][info][gc,phases   ] GC(32)   Pre Evacuate Collection Set: 0.3ms
[7.828s][info][gc,phases   ] GC(32)   Merge Heap Roots: 0.1ms
[7.828s][info][gc,phases   ] GC(32)   Evacuate Collection Set: 7.0ms
[7.828s][info][gc,phases   ] GC(32)   Post Evacuate Collection Set: 0.5ms
[7.828s][info][gc,phases   ] GC(32)   Other: 0.1ms
[7.828s][info][gc,heap     ] GC(32) Eden regions: 28->0(26)
[7.828s][info][gc,heap     ] GC(32) Survivor regions: 5->5(5)
[7.828s][info][gc,heap     ] GC(32) Old regions: 22->24
[7.828s][info][gc,heap     ] GC(32) Humongous regions: 0->0
[7.828s][info][gc,metaspace] GC(32) Metaspace: 83477K(84224K)->83477K(84224K) NonClass: 71534K(71936K)->71534K(71936K) Class: 11943K(12288K)->11943K(12288K)
[7.828s][info][gc          ] GC(32) Pause Young (Mixed) (G1 Evacuation Pause) 108M->57M(128M) 8.272ms
[7.828s][info][gc,cpu      ] GC(32) User=0.00s Sys=0.00s Real=0.01s
[7.925s][info][gc,start    ] GC(33) Pause Young (Concurrent Start) (G1 Evacuation Pause)
[7.925s][info][gc,task     ] GC(33) Using 8 workers of 8 for evacuation
[7.937s][info][gc,phases   ] GC(33)   Pre Evacuate Collection Set: 0.4ms
[7.938s][info][gc,phases   ] GC(33)   Merge Heap Roots: 0.2ms
[7.938s][info][gc,phases   ] GC(33)   Evacuate Collection Set: 11.3ms
[7.938s][info][gc,phases   ] GC(33)   Post Evacuate Collection Set: 0.4ms
[7.938s][info][gc,phases   ] GC(33)   Other: 0.2ms
[7.938s][info][gc,heap     ] GC(33) Eden regions: 26->0(30)
[7.938s][info][gc,heap     ] GC(33) Survivor regions: 5->4(4)
[7.938s][info][gc,heap     ] GC(33) Old regions: 24->34
[7.938s][info][gc,heap     ] GC(33) Humongous regions: 0->0
[7.938s][info][gc,metaspace] GC(33) Metaspace: 83477K(84224K)->83477K(84224K) NonClass: 71534K(71936K)->71534K(71936K) Class: 11943K(12288K)->11943K(12288K)
[7.938s][info][gc          ] GC(33) Pause Young (Concurrent Start) (G1 Evacuation Pause) 109M->76M(168M) 12.755ms
[7.938s][info][gc,cpu      ] GC(33) User=0.12s Sys=0.00s Real=0.01s
[7.938s][info][gc          ] GC(34) Concurrent Mark Cycle
[7.938s][info][gc,marking  ] GC(34) Concurrent Scan Root Regions
[7.945s][info][gc,marking  ] GC(34) Concurrent Scan Root Regions 7.570ms
[7.945s][info][gc,marking  ] GC(34) Concurrent Mark
[7.945s][info][gc,marking  ] GC(34) Concurrent Mark From Roots
[7.945s][info][gc,task     ] GC(34) Using 2 workers of 2 for marking
[7.980s][info][gc,marking  ] GC(34) Concurrent Mark From Roots 34.841ms
[7.980s][info][gc,marking  ] GC(34) Concurrent Preclean
[7.981s][info][gc,marking  ] GC(34) Concurrent Preclean 0.316ms
[7.981s][info][gc,start    ] GC(34) Pause Remark
[7.985s][info][gc          ] GC(34) Pause Remark 91M->91M(168M) 4.144ms
[7.985s][info][gc,cpu      ] GC(34) User=0.00s Sys=0.00s Real=0.00s
[7.985s][info][gc,marking  ] GC(34) Concurrent Mark 39.550ms
[7.985s][info][gc,marking  ] GC(34) Concurrent Rebuild Remembered Sets and Scrub Regions
[8.004s][info][gc,marking  ] GC(34) Concurrent Rebuild Remembered Sets and Scrub Regions 18.769ms
[8.004s][info][gc,start    ] GC(34) Pause Cleanup
[8.004s][info][gc          ] GC(34) Pause Cleanup 93M->93M(168M) 0.180ms
[8.004s][info][gc,cpu      ] GC(34) User=0.00s Sys=0.00s Real=0.00s
[8.004s][info][gc,marking  ] GC(34) Concurrent Clear Claimed Marks
[8.004s][info][gc,marking  ] GC(34) Concurrent Clear Claimed Marks 0.084ms
[8.004s][info][gc,marking  ] GC(34) Concurrent Cleanup for Next Mark
[8.005s][info][gc,marking  ] GC(34) Concurrent Cleanup for Next Mark 0.397ms
[8.005s][info][gc          ] GC(34) Concurrent Mark Cycle 67.049ms
[8.207s][info][gc,start    ] GC(35) Pause Young (Prepare Mixed) (G1 Evacuation Pause)
[8.207s][info][gc,task     ] GC(35) Using 8 workers of 8 for evacuation
[8.216s][info][gc,phases   ] GC(35)   Pre Evacuate Collection Set: 0.2ms
[8.216s][info][gc,phases   ] GC(35)   Merge Heap Roots: 0.1ms
[8.216s][info][gc,phases   ] GC(35)   Evacuate Collection Set: 7.8ms
[8.216s][info][gc,phases   ] GC(35)   Post Evacuate Collection Set: 0.4ms
[8.216s][info][gc,phases   ] GC(35)   Other: 0.1ms
[8.216s][info][gc,heap     ] GC(35) Eden regions: 30->0(26)
[8.216s][info][gc,heap     ] GC(35) Survivor regions: 4->5(5)
[8.216s][info][gc,heap     ] GC(35) Old regions: 34->39
[8.216s][info][gc,heap     ] GC(35) Humongous regions: 0->0
[8.216s][info][gc,metaspace] GC(35) Metaspace: 83956K(84736K)->83956K(84736K) NonClass: 71953K(72384K)->71953K(72384K) Class: 12002K(12352K)->12002K(12352K)
[8.216s][info][gc          ] GC(35) Pause Young (Prepare Mixed) (G1 Evacuation Pause) 136M->85M(168M) 8.855ms
[8.216s][info][gc,cpu      ] GC(35) User=0.11s Sys=0.00s Real=0.01s
[8.384s][info][gc,start    ] GC(36) Pause Young (Mixed) (G1 Evacuation Pause)
[8.384s][info][gc,task     ] GC(36) Using 8 workers of 8 for evacuation
[8.391s][info][gc,phases   ] GC(36)   Pre Evacuate Collection Set: 0.1ms
[8.391s][info][gc,phases   ] GC(36)   Merge Heap Roots: 0.1ms
[8.391s][info][gc,phases   ] GC(36)   Evacuate Collection Set: 5.9ms
[8.391s][info][gc,phases   ] GC(36)   Post Evacuate Collection Set: 0.4ms
[8.391s][info][gc,phases   ] GC(36)   Other: 0.1ms
[8.391s][info][gc,heap     ] GC(36) Eden regions: 26->0(28)
[8.391s][info][gc,heap     ] GC(36) Survivor regions: 5->1(4)
[8.391s][info][gc,heap     ] GC(36) Old regions: 39->42
[8.391s][info][gc,heap     ] GC(36) Humongous regions: 0->0
[8.391s][info][gc,metaspace] GC(36) Metaspace: 84045K(84800K)->84045K(84800K) NonClass: 72034K(72448K)->72034K(72448K) Class: 12011K(12352K)->12011K(12352K)
[8.391s][info][gc          ] GC(36) Pause Young (Mixed) (G1 Evacuation Pause) 137M->84M(168M) 6.977ms
[8.391s][info][gc,cpu      ] GC(36) User=0.00s Sys=0.00s Real=0.01s
[8.930s][info][gc,start    ] GC(37) Pause Young (Concurrent Start) (G1 Evacuation Pause)
[8.931s][info][gc,task     ] GC(37) Using 8 workers of 8 for evacuation
[8.935s][info][gc,phases   ] GC(37)   Pre Evacuate Collection Set: 0.2ms
[8.935s][info][gc,phases   ] GC(37)   Merge Heap Roots: 0.1ms
[8.935s][info][gc,phases   ] GC(37)   Evacuate Collection Set: 3.2ms
[8.935s][info][gc,phases   ] GC(37)   Post Evacuate Collection Set: 0.5ms
[8.935s][info][gc,phases   ] GC(37)   Other: 0.1ms
[8.935s][info][gc,heap     ] GC(37) Eden regions: 28->0(29)
[8.935s][info][gc,heap     ] GC(37) Survivor regions: 1->2(4)
[8.935s][info][gc,heap     ] GC(37) Old regions: 42->42
[8.935s][info][gc,heap     ] GC(37) Humongous regions: 0->0
[8.935s][info][gc,metaspace] GC(37) Metaspace: 86544K(87360K)->86544K(87360K) NonClass: 74178K(74624K)->74178K(74624K) Class: 12366K(12736K)->12366K(12736K)
[8.935s][info][gc          ] GC(37) Pause Young (Concurrent Start) (G1 Evacuation Pause) 140M->86M(168M) 4.382ms
[8.935s][info][gc          ] GC(38) Concurrent Mark Cycle
[8.935s][info][gc,cpu      ] GC(37) User=0.00s Sys=0.00s Real=0.00s
[8.935s][info][gc,marking  ] GC(38) Concurrent Scan Root Regions
[8.939s][info][gc,marking  ] GC(38) Concurrent Scan Root Regions 4.263ms
[8.939s][info][gc,marking  ] GC(38) Concurrent Mark
[8.939s][info][gc,marking  ] GC(38) Concurrent Mark From Roots
[8.939s][info][gc,task     ] GC(38) Using 2 workers of 2 for marking
[8.986s][info][gc,marking  ] GC(38) Concurrent Mark From Roots 46.754ms
[8.986s][info][gc,marking  ] GC(38) Concurrent Preclean
[8.986s][info][gc,marking  ] GC(38) Concurrent Preclean 0.103ms
[8.986s][info][gc,start    ] GC(38) Pause Remark
[8.992s][info][gc          ] GC(38) Pause Remark 89M->73M(168M) 5.450ms
[8.992s][info][gc,cpu      ] GC(38) User=0.06s Sys=0.00s Real=0.01s
[8.992s][info][gc,marking  ] GC(38) Concurrent Mark 52.586ms
[8.992s][info][gc,marking  ] GC(38) Concurrent Rebuild Remembered Sets and Scrub Regions
[9.010s][info][gc,marking  ] GC(38) Concurrent Rebuild Remembered Sets and Scrub Regions 18.299ms
[9.010s][info][gc,start    ] GC(38) Pause Cleanup
[9.010s][info][gc          ] GC(38) Pause Cleanup 75M->75M(168M) 0.117ms
[9.010s][info][gc,cpu      ] GC(38) User=0.00s Sys=0.00s Real=0.00s
[9.011s][info][gc,marking  ] GC(38) Concurrent Clear Claimed Marks
[9.011s][info][gc,marking  ] GC(38) Concurrent Clear Claimed Marks 0.085ms
[9.011s][info][gc,marking  ] GC(38) Concurrent Cleanup for Next Mark
[9.011s][info][gc,marking  ] GC(38) Concurrent Cleanup for Next Mark 0.249ms
[9.011s][info][gc          ] GC(38) Concurrent Mark Cycle 76.002ms
[9.618s][info][gc,start    ] GC(39) Pause Young (Prepare Mixed) (G1 Evacuation Pause)
[9.618s][info][gc,task     ] GC(39) Using 8 workers of 8 for evacuation
[9.623s][info][gc,phases   ] GC(39)   Pre Evacuate Collection Set: 0.1ms
[9.623s][info][gc,phases   ] GC(39)   Merge Heap Roots: 0.1ms
[9.623s][info][gc,phases   ] GC(39)   Evacuate Collection Set: 3.7ms
[9.623s][info][gc,phases   ] GC(39)   Post Evacuate Collection Set: 0.5ms
[9.623s][info][gc,phases   ] GC(39)   Other: 0.1ms
[9.623s][info][gc,heap     ] GC(39) Eden regions: 29->0(35)
[9.623s][info][gc,heap     ] GC(39) Survivor regions: 2->3(4)
[9.623s][info][gc,heap     ] GC(39) Old regions: 34->34
[9.623s][info][gc,heap     ] GC(39) Humongous regions: 0->0
[9.623s][info][gc,metaspace] GC(39) Metaspace: 88253K(89088K)->88253K(89088K) NonClass: 75586K(76032K)->75586K(76032K) Class: 12666K(13056K)->12666K(13056K)
[9.623s][info][gc          ] GC(39) Pause Young (Prepare Mixed) (G1 Evacuation Pause) 128M->73M(168M) 4.632ms
[9.623s][info][gc,cpu      ] GC(39) User=0.00s Sys=0.00s Real=0.01s
[10.328s][info][gc,start    ] GC(40) Pause Young (Mixed) (G1 Evacuation Pause)
[10.328s][info][gc,task     ] GC(40) Using 8 workers of 8 for evacuation
[10.334s][info][gc,phases   ] GC(40)   Pre Evacuate Collection Set: 0.2ms
[10.334s][info][gc,phases   ] GC(40)   Merge Heap Roots: 0.1ms
[10.334s][info][gc,phases   ] GC(40)   Evacuate Collection Set: 4.5ms
[10.334s][info][gc,phases   ] GC(40)   Post Evacuate Collection Set: 0.5ms
[10.334s][info][gc,phases   ] GC(40)   Other: 0.1ms
[10.334s][info][gc,heap     ] GC(40) Eden regions: 35->0(38)
[10.334s][info][gc,heap     ] GC(40) Survivor regions: 3->5(5)
[10.334s][info][gc,heap     ] GC(40) Old regions: 34->29
[10.334s][info][gc,heap     ] GC(40) Humongous regions: 0->0
[10.334s][info][gc,metaspace] GC(40) Metaspace: 91456K(92480K)->91456K(92480K) NonClass: 78299K(78848K)->78299K(78848K) Class: 13156K(13632K)->13156K(13632K)
[10.334s][info][gc          ] GC(40) Pause Young (Mixed) (G1 Evacuation Pause) 143M->65M(168M) 5.590ms
[10.334s][info][gc,cpu      ] GC(40) User=0.11s Sys=0.00s Real=0.00s
[799.239s][info][gc,start    ] GC(41) Pause Young (Concurrent Start) (G1 Evacuation Pause)
[799.239s][info][gc,task     ] GC(41) Using 8 workers of 8 for evacuation
[799.247s][info][gc,phases   ] GC(41)   Pre Evacuate Collection Set: 0.3ms
[799.247s][info][gc,phases   ] GC(41)   Merge Heap Roots: 0.1ms
[799.247s][info][gc,phases   ] GC(41)   Evacuate Collection Set: 6.1ms
[799.247s][info][gc,phases   ] GC(41)   Post Evacuate Collection Set: 1.1ms
[799.247s][info][gc,phases   ] GC(41)   Other: 0.1ms
[799.247s][info][gc,heap     ] GC(41) Eden regions: 38->0(38)
[799.247s][info][gc,heap     ] GC(41) Survivor regions: 5->5(6)
[799.247s][info][gc,heap     ] GC(41) Old regions: 29->31
[799.247s][info][gc,heap     ] GC(41) Humongous regions: 0->0
[799.247s][info][gc,metaspace] GC(41) Metaspace: 99518K(100608K)->99518K(100608K) NonClass: 85252K(85888K)->85252K(85888K) Class: 14266K(14720K)->14266K(14720K)
[799.247s][info][gc          ] GC(41) Pause Young (Concurrent Start) (G1 Evacuation Pause) 141M->70M(168M) 8.151ms
[799.247s][info][gc,cpu      ] GC(41) User=0.06s Sys=0.02s Real=0.01s
[799.247s][info][gc          ] GC(42) Concurrent Mark Cycle
[799.247s][info][gc,marking  ] GC(42) Concurrent Scan Root Regions
[799.254s][info][gc,marking  ] GC(42) Concurrent Scan Root Regions 7.131ms
[799.254s][info][gc,marking  ] GC(42) Concurrent Mark
[799.254s][info][gc,marking  ] GC(42) Concurrent Mark From Roots
[799.254s][info][gc,task     ] GC(42) Using 2 workers of 2 for marking
[799.283s][info][gc,marking  ] GC(42) Concurrent Mark From Roots 28.819ms
[799.283s][info][gc,marking  ] GC(42) Concurrent Preclean
[799.284s][info][gc,marking  ] GC(42) Concurrent Preclean 0.540ms
[799.284s][info][gc,start    ] GC(42) Pause Remark
[799.299s][info][gc          ] GC(42) Pause Remark 71M->71M(168M) 15.156ms
[799.299s][info][gc,cpu      ] GC(42) User=0.03s Sys=0.00s Real=0.01s
[799.299s][info][gc,marking  ] GC(42) Concurrent Mark 44.859ms
[799.299s][info][gc,marking  ] GC(42) Concurrent Rebuild Remembered Sets and Scrub Regions
[799.327s][info][gc,marking  ] GC(42) Concurrent Rebuild Remembered Sets and Scrub Regions 28.002ms
[799.327s][info][gc,start    ] GC(42) Pause Cleanup
[799.328s][info][gc          ] GC(42) Pause Cleanup 72M->72M(168M) 0.202ms
[799.328s][info][gc,cpu      ] GC(42) User=0.00s Sys=0.00s Real=0.00s
[799.328s][info][gc,marking  ] GC(42) Concurrent Clear Claimed Marks
[799.328s][info][gc,marking  ] GC(42) Concurrent Clear Claimed Marks 0.110ms
[799.328s][info][gc,marking  ] GC(42) Concurrent Cleanup for Next Mark
[799.328s][info][gc,marking  ] GC(42) Concurrent Cleanup for Next Mark 0.308ms
[799.328s][info][gc          ] GC(42) Concurrent Mark Cycle 81.068ms
[1244.810s][info][gc,heap,exit] Heap
[1244.810s][info][gc,heap,exit]  garbage-first heap   total 172032K, used 88560K [0x0000000704000000, 0x0000000800000000)
[1244.810s][info][gc,heap,exit]   region size 2048K, 14 young (28672K), 5 survivors (10240K)
[1244.810s][info][gc,heap,exit]  Metaspace       used 99838K, committed 100800K, reserved 1179648K
[1244.810s][info][gc,heap,exit]   class space    used 14314K, committed 14784K, reserved 1048576K
